<?xml version="1.0" encoding="UTF-8"?>
<testsuites>
  <testsuite name="/app/phpunit-ci.xml" tests="856" assertions="6108" errors="0" failures="0" skipped="0" time="109.968902">
    <testsuite name="Unit" tests="311" assertions="1173" errors="0" failures="0" skipped="0" time="9.881759">
      <testsuite name="Tests\Unit\ExampleTest" file="/app/tests/Unit/ExampleTest.php" tests="1" assertions="1" errors="0" failures="0" skipped="0" time="0.177359">
        <testcase name="test_that_true_is_true" file="/app/tests/Unit/ExampleTest.php" line="13" class="Tests\Unit\ExampleTest" classname="Tests.Unit.ExampleTest" assertions="1" time="0.177359"/>
      </testsuite>
      <testsuite name="Tests\Unit\Playground\Models\Model\ModelTest" file="/app/vendor/gammamatrix/playground/tests/Unit/Models/Model/ModelTest.php" tests="5" assertions="5" errors="0" failures="0" skipped="0" time="0.307277">
        <testcase name="test_with_children_children_returns_has_many" file="/app/vendor/gammamatrix/playground/tests/Unit/Models/Model/ModelTest.php" line="20" class="Tests\Unit\Playground\Models\Model\ModelTest" classname="Tests.Unit.Playground.Models.Model.ModelTest" assertions="1" time="0.197729"/>
        <testcase name="test_with_creator_creator_returns_has_one" file="/app/vendor/gammamatrix/playground/tests/Unit/Models/Model/ModelTest.php" line="28" class="Tests\Unit\Playground\Models\Model\ModelTest" classname="Tests.Unit.Playground.Models.Model.ModelTest" assertions="1" time="0.029588"/>
        <testcase name="test_with_modifier_modifier_returns_has_one" file="/app/vendor/gammamatrix/playground/tests/Unit/Models/Model/ModelTest.php" line="36" class="Tests\Unit\Playground\Models\Model\ModelTest" classname="Tests.Unit.Playground.Models.Model.ModelTest" assertions="1" time="0.026985"/>
        <testcase name="test_with_owner_owner_returns_has_one" file="/app/vendor/gammamatrix/playground/tests/Unit/Models/Model/ModelTest.php" line="44" class="Tests\Unit\Playground\Models\Model\ModelTest" classname="Tests.Unit.Playground.Models.Model.ModelTest" assertions="1" time="0.026854"/>
        <testcase name="test_with_parent_parent_returns_has_one" file="/app/vendor/gammamatrix/playground/tests/Unit/Models/Model/ModelTest.php" line="52" class="Tests\Unit\Playground\Models\Model\ModelTest" classname="Tests.Unit.Playground.Models.Model.ModelTest" assertions="1" time="0.026122"/>
      </testsuite>
      <testsuite name="Tests\Unit\Playground\Models\Scopes\ScopeFilterColumns\ModelTest" file="/app/vendor/gammamatrix/playground/tests/Unit/Models/Scopes/ScopeFilterColumns/ModelTest.php" tests="15" assertions="150" errors="0" failures="0" skipped="0" time="0.426259">
        <testcase name="test_scope_filter_columns_returns_query_without_columns_or_filters" file="/app/vendor/gammamatrix/playground/tests/Unit/Models/Scopes/ScopeFilterColumns/ModelTest.php" line="37" class="Tests\Unit\Playground\Models\Scopes\ScopeFilterColumns\ModelTest" classname="Tests.Unit.Playground.Models.Scopes.ScopeFilterColumns.ModelTest" assertions="2" time="0.025914"/>
        <testcase name="test_scope_filter_columns_returns_query_without_filters" file="/app/vendor/gammamatrix/playground/tests/Unit/Models/Scopes/ScopeFilterColumns/ModelTest.php" line="53" class="Tests\Unit\Playground\Models\Scopes\ScopeFilterColumns\ModelTest" classname="Tests.Unit.Playground.Models.Scopes.ScopeFilterColumns.ModelTest" assertions="4" time="0.025939"/>
        <testcase name="test_scope_filter_columns_returns_query_with_invalid_column" file="/app/vendor/gammamatrix/playground/tests/Unit/Models/Scopes/ScopeFilterColumns/ModelTest.php" line="76" class="Tests\Unit\Playground\Models\Scopes\ScopeFilterColumns\ModelTest" classname="Tests.Unit.Playground.Models.Scopes.ScopeFilterColumns.ModelTest" assertions="4" time="0.026435"/>
        <testcase name="test_scope_filter_columns_returns_query_with_filters_without_meta_for_strings" file="/app/vendor/gammamatrix/playground/tests/Unit/Models/Scopes/ScopeFilterColumns/ModelTest.php" line="106" class="Tests\Unit\Playground\Models\Scopes\ScopeFilterColumns\ModelTest" classname="Tests.Unit.Playground.Models.Scopes.ScopeFilterColumns.ModelTest" assertions="8" time="0.027518"/>
        <testcase name="test_scope_filter_columns_returns_query_with_null_comparison_and_ignore" file="/app/vendor/gammamatrix/playground/tests/Unit/Models/Scopes/ScopeFilterColumns/ModelTest.php" line="144" class="Tests\Unit\Playground\Models\Scopes\ScopeFilterColumns\ModelTest" classname="Tests.Unit.Playground.Models.Scopes.ScopeFilterColumns.ModelTest" assertions="4" time="0.028369"/>
        <testcase name="test_scope_filter_columns_returns_query_with_comparison" file="/app/vendor/gammamatrix/playground/tests/Unit/Models/Scopes/ScopeFilterColumns/ModelTest.php" line="175" class="Tests\Unit\Playground\Models\Scopes\ScopeFilterColumns\ModelTest" classname="Tests.Unit.Playground.Models.Scopes.ScopeFilterColumns.ModelTest" assertions="6" time="0.028068"/>
        <testcase name="test_scope_filter_columns_with_boolean_filter_type_and_null_value" file="/app/vendor/gammamatrix/playground/tests/Unit/Models/Scopes/ScopeFilterColumns/ModelTest.php" line="207" class="Tests\Unit\Playground\Models\Scopes\ScopeFilterColumns\ModelTest" classname="Tests.Unit.Playground.Models.Scopes.ScopeFilterColumns.ModelTest" assertions="6" time="0.028001"/>
        <testcase name="test_scope_filter_columns_with_boolean_filter_type_and_true_value" file="/app/vendor/gammamatrix/playground/tests/Unit/Models/Scopes/ScopeFilterColumns/ModelTest.php" line="241" class="Tests\Unit\Playground\Models\Scopes\ScopeFilterColumns\ModelTest" classname="Tests.Unit.Playground.Models.Scopes.ScopeFilterColumns.ModelTest" assertions="6" time="0.027731"/>
        <testcase name="test_scope_filter_columns_with_boolean_filter_type_and_false_value" file="/app/vendor/gammamatrix/playground/tests/Unit/Models/Scopes/ScopeFilterColumns/ModelTest.php" line="275" class="Tests\Unit\Playground\Models\Scopes\ScopeFilterColumns\ModelTest" classname="Tests.Unit.Playground.Models.Scopes.ScopeFilterColumns.ModelTest" assertions="6" time="0.027721"/>
        <testcase name="test_scope_filter_columns_with_filter_operator_without_operator_and_default_to_like" file="/app/vendor/gammamatrix/playground/tests/Unit/Models/Scopes/ScopeFilterColumns/ModelTest.php" line="309" class="Tests\Unit\Playground\Models\Scopes\ScopeFilterColumns\ModelTest" classname="Tests.Unit.Playground.Models.Scopes.ScopeFilterColumns.ModelTest" assertions="6" time="0.028028"/>
        <testcase name="test_scope_filter_columns_with_filter_operators" file="/app/vendor/gammamatrix/playground/tests/Unit/Models/Scopes/ScopeFilterColumns/ModelTest.php" line="343" class="Tests\Unit\Playground\Models\Scopes\ScopeFilterColumns\ModelTest" classname="Tests.Unit.Playground.Models.Scopes.ScopeFilterColumns.ModelTest" assertions="74" time="0.036336"/>
        <testcase name="test_scope_filter_columns_with_between_filter_operator_without_single_parameter_and_ignore_between" file="/app/vendor/gammamatrix/playground/tests/Unit/Models/Scopes/ScopeFilterColumns/ModelTest.php" line="430" class="Tests\Unit\Playground\Models\Scopes\ScopeFilterColumns\ModelTest" classname="Tests.Unit.Playground.Models.Scopes.ScopeFilterColumns.ModelTest" assertions="4" time="0.028411"/>
        <testcase name="test_scope_filter_columns_with_between_filter_operator" file="/app/vendor/gammamatrix/playground/tests/Unit/Models/Scopes/ScopeFilterColumns/ModelTest.php" line="463" class="Tests\Unit\Playground\Models\Scopes\ScopeFilterColumns\ModelTest" classname="Tests.Unit.Playground.Models.Scopes.ScopeFilterColumns.ModelTest" assertions="8" time="0.028936"/>
        <testcase name="test_scope_filter_columns_with_not_between_filter_operator_without_single_parameter_and_ignore_between" file="/app/vendor/gammamatrix/playground/tests/Unit/Models/Scopes/ScopeFilterColumns/ModelTest.php" line="500" class="Tests\Unit\Playground\Models\Scopes\ScopeFilterColumns\ModelTest" classname="Tests.Unit.Playground.Models.Scopes.ScopeFilterColumns.ModelTest" assertions="4" time="0.029051"/>
        <testcase name="test_scope_filter_columns_with_not_between_filter_operator" file="/app/vendor/gammamatrix/playground/tests/Unit/Models/Scopes/ScopeFilterColumns/ModelTest.php" line="533" class="Tests\Unit\Playground\Models\Scopes\ScopeFilterColumns\ModelTest" classname="Tests.Unit.Playground.Models.Scopes.ScopeFilterColumns.ModelTest" assertions="8" time="0.029801"/>
      </testsuite>
      <testsuite name="Tests\Unit\Playground\Models\Scopes\ScopeFilterDates\ModelTest" file="/app/vendor/gammamatrix/playground/tests/Unit/Models/Scopes/ScopeFilterDates/ModelTest.php" tests="18" assertions="160" errors="0" failures="0" skipped="0" time="0.516764">
        <testcase name="test_scope_filter_dates_returns_query_without_dates_or_filters" file="/app/vendor/gammamatrix/playground/tests/Unit/Models/Scopes/ScopeFilterDates/ModelTest.php" line="37" class="Tests\Unit\Playground\Models\Scopes\ScopeFilterDates\ModelTest" classname="Tests.Unit.Playground.Models.Scopes.ScopeFilterDates.ModelTest" assertions="2" time="0.025309"/>
        <testcase name="test_scope_filter_dates_returns_query_without_filters" file="/app/vendor/gammamatrix/playground/tests/Unit/Models/Scopes/ScopeFilterDates/ModelTest.php" line="53" class="Tests\Unit\Playground\Models\Scopes\ScopeFilterDates\ModelTest" classname="Tests.Unit.Playground.Models.Scopes.ScopeFilterDates.ModelTest" assertions="4" time="0.025851"/>
        <testcase name="test_scope_filter_dates_returns_query_with_invalid_column" file="/app/vendor/gammamatrix/playground/tests/Unit/Models/Scopes/ScopeFilterDates/ModelTest.php" line="76" class="Tests\Unit\Playground\Models\Scopes\ScopeFilterDates\ModelTest" classname="Tests.Unit.Playground.Models.Scopes.ScopeFilterDates.ModelTest" assertions="4" time="0.027070"/>
        <testcase name="test_scope_filter_dates_returns_query_with_filters_without_meta_for_strings" file="/app/vendor/gammamatrix/playground/tests/Unit/Models/Scopes/ScopeFilterDates/ModelTest.php" line="106" class="Tests\Unit\Playground\Models\Scopes\ScopeFilterDates\ModelTest" classname="Tests.Unit.Playground.Models.Scopes.ScopeFilterDates.ModelTest" assertions="6" time="0.027068"/>
        <testcase name="test_scope_filter_dates_returns_query_with_null_comparison_and_ignore" file="/app/vendor/gammamatrix/playground/tests/Unit/Models/Scopes/ScopeFilterDates/ModelTest.php" line="141" class="Tests\Unit\Playground\Models\Scopes\ScopeFilterDates\ModelTest" classname="Tests.Unit.Playground.Models.Scopes.ScopeFilterDates.ModelTest" assertions="4" time="0.026619"/>
        <testcase name="test_scope_filter_dates_returns_query_with_null_comparison_and_allow" file="/app/vendor/gammamatrix/playground/tests/Unit/Models/Scopes/ScopeFilterDates/ModelTest.php" line="176" class="Tests\Unit\Playground\Models\Scopes\ScopeFilterDates\ModelTest" classname="Tests.Unit.Playground.Models.Scopes.ScopeFilterDates.ModelTest" assertions="4" time="0.027069"/>
        <testcase name="test_scope_filter_dates_returns_query_with_comparison" file="/app/vendor/gammamatrix/playground/tests/Unit/Models/Scopes/ScopeFilterDates/ModelTest.php" line="211" class="Tests\Unit\Playground\Models\Scopes\ScopeFilterDates\ModelTest" classname="Tests.Unit.Playground.Models.Scopes.ScopeFilterDates.ModelTest" assertions="6" time="0.028160"/>
        <testcase name="test_scope_filter_dates_returns_query_with_wildcard" file="/app/vendor/gammamatrix/playground/tests/Unit/Models/Scopes/ScopeFilterDates/ModelTest.php" line="244" class="Tests\Unit\Playground\Models\Scopes\ScopeFilterDates\ModelTest" classname="Tests.Unit.Playground.Models.Scopes.ScopeFilterDates.ModelTest" assertions="6" time="0.027761"/>
        <testcase name="test_scope_filter_dates_returns_query_with_operator_wildcard" file="/app/vendor/gammamatrix/playground/tests/Unit/Models/Scopes/ScopeFilterDates/ModelTest.php" line="276" class="Tests\Unit\Playground\Models\Scopes\ScopeFilterDates\ModelTest" classname="Tests.Unit.Playground.Models.Scopes.ScopeFilterDates.ModelTest" assertions="6" time="0.029076"/>
        <testcase name="test_scope_filter_dates_returns_query_with_object_value_and_ignore" file="/app/vendor/gammamatrix/playground/tests/Unit/Models/Scopes/ScopeFilterDates/ModelTest.php" line="310" class="Tests\Unit\Playground\Models\Scopes\ScopeFilterDates\ModelTest" classname="Tests.Unit.Playground.Models.Scopes.ScopeFilterDates.ModelTest" assertions="4" time="0.028729"/>
        <testcase name="test_scope_filter_dates_returns_query_with_unnullable_value_and_ignore" file="/app/vendor/gammamatrix/playground/tests/Unit/Models/Scopes/ScopeFilterDates/ModelTest.php" line="343" class="Tests\Unit\Playground\Models\Scopes\ScopeFilterDates\ModelTest" classname="Tests.Unit.Playground.Models.Scopes.ScopeFilterDates.ModelTest" assertions="4" time="0.028184"/>
        <testcase name="test_scope_filter_dates_returns_query_with_invalid_operator_and_use_like" file="/app/vendor/gammamatrix/playground/tests/Unit/Models/Scopes/ScopeFilterDates/ModelTest.php" line="375" class="Tests\Unit\Playground\Models\Scopes\ScopeFilterDates\ModelTest" classname="Tests.Unit.Playground.Models.Scopes.ScopeFilterDates.ModelTest" assertions="6" time="0.028865"/>
        <testcase name="test_scope_filter_dates_returns_query_with_invalid_parsable_value_and_ignore" file="/app/vendor/gammamatrix/playground/tests/Unit/Models/Scopes/ScopeFilterDates/ModelTest.php" line="413" class="Tests\Unit\Playground\Models\Scopes\ScopeFilterDates\ModelTest" classname="Tests.Unit.Playground.Models.Scopes.ScopeFilterDates.ModelTest" assertions="4" time="0.029146"/>
        <testcase name="test_scope_filter_dates_returns_query_with_short_date_and_gte_operator" file="/app/vendor/gammamatrix/playground/tests/Unit/Models/Scopes/ScopeFilterDates/ModelTest.php" line="446" class="Tests\Unit\Playground\Models\Scopes\ScopeFilterDates\ModelTest" classname="Tests.Unit.Playground.Models.Scopes.ScopeFilterDates.ModelTest" assertions="6" time="0.029130"/>
        <testcase name="test_scope_filter_dates_returns_query_with_phrase_date_and_automatically_parse" file="/app/vendor/gammamatrix/playground/tests/Unit/Models/Scopes/ScopeFilterDates/ModelTest.php" line="481" class="Tests\Unit\Playground\Models\Scopes\ScopeFilterDates\ModelTest" classname="Tests.Unit.Playground.Models.Scopes.ScopeFilterDates.ModelTest" assertions="6" time="0.029729"/>
        <testcase name="test_scope_filter_dates_with_between_filter_operator_with_parse" file="/app/vendor/gammamatrix/playground/tests/Unit/Models/Scopes/ScopeFilterDates/ModelTest.php" line="519" class="Tests\Unit\Playground\Models\Scopes\ScopeFilterDates\ModelTest" classname="Tests.Unit.Playground.Models.Scopes.ScopeFilterDates.ModelTest" assertions="7" time="0.030297"/>
        <testcase name="test_scope_filter_dates_with_not_between_filter_operator_with_parse" file="/app/vendor/gammamatrix/playground/tests/Unit/Models/Scopes/ScopeFilterDates/ModelTest.php" line="564" class="Tests\Unit\Playground\Models\Scopes\ScopeFilterDates\ModelTest" classname="Tests.Unit.Playground.Models.Scopes.ScopeFilterDates.ModelTest" assertions="7" time="0.030471"/>
        <testcase name="test_scope_filter_dates_with_filter_operators" file="/app/vendor/gammamatrix/playground/tests/Unit/Models/Scopes/ScopeFilterDates/ModelTest.php" line="609" class="Tests\Unit\Playground\Models\Scopes\ScopeFilterDates\ModelTest" classname="Tests.Unit.Playground.Models.Scopes.ScopeFilterDates.ModelTest" assertions="74" time="0.038229"/>
      </testsuite>
      <testsuite name="Tests\Unit\Playground\Models\Scopes\ScopeFilterFlags\ModelTest" file="/app/vendor/gammamatrix/playground/tests/Unit/Models/Scopes/ScopeFilterFlags/ModelTest.php" tests="3" assertions="14" errors="0" failures="0" skipped="0" time="0.079098">
        <testcase name="test_scope_filter_flags_returns_query_without_flags_or_filters" file="/app/vendor/gammamatrix/playground/tests/Unit/Models/Scopes/ScopeFilterFlags/ModelTest.php" line="37" class="Tests\Unit\Playground\Models\Scopes\ScopeFilterFlags\ModelTest" classname="Tests.Unit.Playground.Models.Scopes.ScopeFilterFlags.ModelTest" assertions="2" time="0.025365"/>
        <testcase name="test_scope_filter_flags_returns_query_without_filters" file="/app/vendor/gammamatrix/playground/tests/Unit/Models/Scopes/ScopeFilterFlags/ModelTest.php" line="53" class="Tests\Unit\Playground\Models\Scopes\ScopeFilterFlags\ModelTest" classname="Tests.Unit.Playground.Models.Scopes.ScopeFilterFlags.ModelTest" assertions="4" time="0.025767"/>
        <testcase name="test_scope_filter_flags_returns_query_with_filters" file="/app/vendor/gammamatrix/playground/tests/Unit/Models/Scopes/ScopeFilterFlags/ModelTest.php" line="76" class="Tests\Unit\Playground\Models\Scopes\ScopeFilterFlags\ModelTest" classname="Tests.Unit.Playground.Models.Scopes.ScopeFilterFlags.ModelTest" assertions="8" time="0.027965"/>
      </testsuite>
      <testsuite name="Tests\Unit\Playground\Models\Scopes\ScopeFilterIds\ModelTest" file="/app/vendor/gammamatrix/playground/tests/Unit/Models/Scopes/ScopeFilterIds/ModelTest.php" tests="11" assertions="70" errors="0" failures="0" skipped="0" time="0.328412">
        <testcase name="test_scope_filter_ids_returns_query_without_ids_or_filters" file="/app/vendor/gammamatrix/playground/tests/Unit/Models/Scopes/ScopeFilterIds/ModelTest.php" line="37" class="Tests\Unit\Playground\Models\Scopes\ScopeFilterIds\ModelTest" classname="Tests.Unit.Playground.Models.Scopes.ScopeFilterIds.ModelTest" assertions="2" time="0.025189"/>
        <testcase name="test_scope_filter_ids_returns_query_without_filters" file="/app/vendor/gammamatrix/playground/tests/Unit/Models/Scopes/ScopeFilterIds/ModelTest.php" line="53" class="Tests\Unit\Playground\Models\Scopes\ScopeFilterIds\ModelTest" classname="Tests.Unit.Playground.Models.Scopes.ScopeFilterIds.ModelTest" assertions="4" time="0.025681"/>
        <testcase name="test_scope_filter_ids_returns_query_with_invalid_column" file="/app/vendor/gammamatrix/playground/tests/Unit/Models/Scopes/ScopeFilterIds/ModelTest.php" line="76" class="Tests\Unit\Playground\Models\Scopes\ScopeFilterIds\ModelTest" classname="Tests.Unit.Playground.Models.Scopes.ScopeFilterIds.ModelTest" assertions="4" time="0.028510"/>
        <testcase name="test_scope_filter_ids_returns_query_with_null_comparison" file="/app/vendor/gammamatrix/playground/tests/Unit/Models/Scopes/ScopeFilterIds/ModelTest.php" line="106" class="Tests\Unit\Playground\Models\Scopes\ScopeFilterIds\ModelTest" classname="Tests.Unit.Playground.Models.Scopes.ScopeFilterIds.ModelTest" assertions="4" time="0.026449"/>
        <testcase name="test_scope_filter_ids_returns_query_with_comparison" file="/app/vendor/gammamatrix/playground/tests/Unit/Models/Scopes/ScopeFilterIds/ModelTest.php" line="137" class="Tests\Unit\Playground\Models\Scopes\ScopeFilterIds\ModelTest" classname="Tests.Unit.Playground.Models.Scopes.ScopeFilterIds.ModelTest" assertions="6" time="0.026521"/>
        <testcase name="test_scope_filter_ids_returns_query_with_filters_array" file="/app/vendor/gammamatrix/playground/tests/Unit/Models/Scopes/ScopeFilterIds/ModelTest.php" line="169" class="Tests\Unit\Playground\Models\Scopes\ScopeFilterIds\ModelTest" classname="Tests.Unit.Playground.Models.Scopes.ScopeFilterIds.ModelTest" assertions="10" time="0.048496"/>
        <testcase name="test_scope_filter_ids_returns_query_with_filters_with_integer" file="/app/vendor/gammamatrix/playground/tests/Unit/Models/Scopes/ScopeFilterIds/ModelTest.php" line="219" class="Tests\Unit\Playground\Models\Scopes\ScopeFilterIds\ModelTest" classname="Tests.Unit.Playground.Models.Scopes.ScopeFilterIds.ModelTest" assertions="6" time="0.028592"/>
        <testcase name="test_scope_filter_ids_returns_query_with_array_of_ids_without_type" file="/app/vendor/gammamatrix/playground/tests/Unit/Models/Scopes/ScopeFilterIds/ModelTest.php" line="260" class="Tests\Unit\Playground\Models\Scopes\ScopeFilterIds\ModelTest" classname="Tests.Unit.Playground.Models.Scopes.ScopeFilterIds.ModelTest" assertions="10" time="0.029396"/>
        <testcase name="test_scope_filter_ids_returns_query_with_array_of_uuids_for_integer_type_ids_and_ignore" file="/app/vendor/gammamatrix/playground/tests/Unit/Models/Scopes/ScopeFilterIds/ModelTest.php" line="308" class="Tests\Unit\Playground\Models\Scopes\ScopeFilterIds\ModelTest" classname="Tests.Unit.Playground.Models.Scopes.ScopeFilterIds.ModelTest" assertions="4" time="0.030157"/>
        <testcase name="test_scope_filter_ids_returns_query_with_array_of_integer_ids_ignore_duplicate_id" file="/app/vendor/gammamatrix/playground/tests/Unit/Models/Scopes/ScopeFilterIds/ModelTest.php" line="349" class="Tests\Unit\Playground\Models\Scopes\ScopeFilterIds\ModelTest" classname="Tests.Unit.Playground.Models.Scopes.ScopeFilterIds.ModelTest" assertions="8" time="0.028437"/>
        <testcase name="test_scope_filter_ids_returns_query_with_filters_with_null_and_string_and_array" file="/app/vendor/gammamatrix/playground/tests/Unit/Models/Scopes/ScopeFilterIds/ModelTest.php" line="395" class="Tests\Unit\Playground\Models\Scopes\ScopeFilterIds\ModelTest" classname="Tests.Unit.Playground.Models.Scopes.ScopeFilterIds.ModelTest" assertions="12" time="0.030985"/>
      </testsuite>
      <testsuite name="Tests\Unit\Playground\Models\Scopes\ScopeFilterTrash\ModelTest" file="/app/vendor/gammamatrix/playground/tests/Unit/Models/Scopes/ScopeFilterTrash/ModelTest.php" tests="3" assertions="6" errors="0" failures="0" skipped="0" time="0.077573">
        <testcase name="test_scope_filter_trash_returns_query_with_empty_visibility" file="/app/vendor/gammamatrix/playground/tests/Unit/Models/Scopes/ScopeFilterTrash/ModelTest.php" line="37" class="Tests\Unit\Playground\Models\Scopes\ScopeFilterTrash\ModelTest" classname="Tests.Unit.Playground.Models.Scopes.ScopeFilterTrash.ModelTest" assertions="2" time="0.025905"/>
        <testcase name="test_scope_filter_trash_returns_query_with_trash" file="/app/vendor/gammamatrix/playground/tests/Unit/Models/Scopes/ScopeFilterTrash/ModelTest.php" line="53" class="Tests\Unit\Playground\Models\Scopes\ScopeFilterTrash\ModelTest" classname="Tests.Unit.Playground.Models.Scopes.ScopeFilterTrash.ModelTest" assertions="2" time="0.025889"/>
        <testcase name="test_scope_filter_trash_returns_query_with_only_trash" file="/app/vendor/gammamatrix/playground/tests/Unit/Models/Scopes/ScopeFilterTrash/ModelTest.php" line="71" class="Tests\Unit\Playground\Models\Scopes\ScopeFilterTrash\ModelTest" classname="Tests.Unit.Playground.Models.Scopes.ScopeFilterTrash.ModelTest" assertions="2" time="0.025779"/>
      </testsuite>
      <testsuite name="Tests\Unit\Playground\Models\Scopes\ScopeSort\ModelTest" file="/app/vendor/gammamatrix/playground/tests/Unit/Models/Scopes/ScopeSort/ModelTest.php" tests="11" assertions="23" errors="0" failures="0" skipped="0" time="0.295673">
        <testcase name="test_scope_sort_returns_query_with_empty_sort" file="/app/vendor/gammamatrix/playground/tests/Unit/Models/Scopes/ScopeSort/ModelTest.php" line="37" class="Tests\Unit\Playground\Models\Scopes\ScopeSort\ModelTest" classname="Tests.Unit.Playground.Models.Scopes.ScopeSort.ModelTest" assertions="3" time="0.026316"/>
        <testcase name="test_scope_sort_returns_query_with_array_boolean_sort_asc" file="/app/vendor/gammamatrix/playground/tests/Unit/Models/Scopes/ScopeSort/ModelTest.php" line="55" class="Tests\Unit\Playground\Models\Scopes\ScopeSort\ModelTest" classname="Tests.Unit.Playground.Models.Scopes.ScopeSort.ModelTest" assertions="2" time="0.025722"/>
        <testcase name="test_scope_sort_returns_query_with_array_boolean_sort_desc" file="/app/vendor/gammamatrix/playground/tests/Unit/Models/Scopes/ScopeSort/ModelTest.php" line="75" class="Tests\Unit\Playground\Models\Scopes\ScopeSort\ModelTest" classname="Tests.Unit.Playground.Models.Scopes.ScopeSort.ModelTest" assertions="2" time="0.025745"/>
        <testcase name="test_scope_sort_returns_query_with_array_boolean_sort_pair" file="/app/vendor/gammamatrix/playground/tests/Unit/Models/Scopes/ScopeSort/ModelTest.php" line="95" class="Tests\Unit\Playground\Models\Scopes\ScopeSort\ModelTest" classname="Tests.Unit.Playground.Models.Scopes.ScopeSort.ModelTest" assertions="2" time="0.026058"/>
        <testcase name="test_scope_sort_returns_query_with_array_boolean_sort_triplet" file="/app/vendor/gammamatrix/playground/tests/Unit/Models/Scopes/ScopeSort/ModelTest.php" line="116" class="Tests\Unit\Playground\Models\Scopes\ScopeSort\ModelTest" classname="Tests.Unit.Playground.Models.Scopes.ScopeSort.ModelTest" assertions="2" time="0.027372"/>
        <testcase name="test_scope_sort_returns_query_with_csv_sort_asc" file="/app/vendor/gammamatrix/playground/tests/Unit/Models/Scopes/ScopeSort/ModelTest.php" line="138" class="Tests\Unit\Playground\Models\Scopes\ScopeSort\ModelTest" classname="Tests.Unit.Playground.Models.Scopes.ScopeSort.ModelTest" assertions="2" time="0.026790"/>
        <testcase name="test_scope_sort_returns_query_with_csv_sort_desc" file="/app/vendor/gammamatrix/playground/tests/Unit/Models/Scopes/ScopeSort/ModelTest.php" line="154" class="Tests\Unit\Playground\Models\Scopes\ScopeSort\ModelTest" classname="Tests.Unit.Playground.Models.Scopes.ScopeSort.ModelTest" assertions="2" time="0.026927"/>
        <testcase name="test_scope_sort_returns_query_with_simple_array_asc" file="/app/vendor/gammamatrix/playground/tests/Unit/Models/Scopes/ScopeSort/ModelTest.php" line="179" class="Tests\Unit\Playground\Models\Scopes\ScopeSort\ModelTest" classname="Tests.Unit.Playground.Models.Scopes.ScopeSort.ModelTest" assertions="2" time="0.027141"/>
        <testcase name="test_scope_sort_returns_query_with_simple_array_desc" file="/app/vendor/gammamatrix/playground/tests/Unit/Models/Scopes/ScopeSort/ModelTest.php" line="197" class="Tests\Unit\Playground\Models\Scopes\ScopeSort\ModelTest" classname="Tests.Unit.Playground.Models.Scopes.ScopeSort.ModelTest" assertions="2" time="0.027711"/>
        <testcase name="test_scope_sort_returns_query_with_hash_array_asc" file="/app/vendor/gammamatrix/playground/tests/Unit/Models/Scopes/ScopeSort/ModelTest.php" line="215" class="Tests\Unit\Playground\Models\Scopes\ScopeSort\ModelTest" classname="Tests.Unit.Playground.Models.Scopes.ScopeSort.ModelTest" assertions="2" time="0.027644"/>
        <testcase name="test_scope_sort_returns_query_with_hash_array_desc" file="/app/vendor/gammamatrix/playground/tests/Unit/Models/Scopes/ScopeSort/ModelTest.php" line="235" class="Tests\Unit\Playground\Models\Scopes\ScopeSort\ModelTest" classname="Tests.Unit.Playground.Models.Scopes.ScopeSort.ModelTest" assertions="2" time="0.028246"/>
      </testsuite>
      <testsuite name="Tests\Unit\Playground\Models\User\ModelTest" file="/app/vendor/gammamatrix/playground/tests/Unit/Models/User/ModelTest.php" tests="4" assertions="39" errors="0" failures="0" skipped="0" time="0.111579">
        <testcase name="test_add_has_and_remove_abilities" file="/app/vendor/gammamatrix/playground/tests/Unit/Models/User/ModelTest.php" line="18" class="Tests\Unit\Playground\Models\User\ModelTest" classname="Tests.Unit.Playground.Models.User.ModelTest" assertions="9" time="0.028517"/>
        <testcase name="test_add_has_and_remove_privileges" file="/app/vendor/gammamatrix/playground/tests/Unit/Models/User/ModelTest.php" line="52" class="Tests\Unit\Playground\Models\User\ModelTest" classname="Tests.Unit.Playground.Models.User.ModelTest" assertions="9" time="0.028064"/>
        <testcase name="test_add_has_and_remove_roles" file="/app/vendor/gammamatrix/playground/tests/Unit/Models/User/ModelTest.php" line="86" class="Tests\Unit\Playground\Models\User\ModelTest" classname="Tests.Unit.Playground.Models.User.ModelTest" assertions="15" time="0.027822"/>
        <testcase name="test_is_admin_with_admins_and_users" file="/app/vendor/gammamatrix/playground/tests/Unit/Models/User/ModelTest.php" line="147" class="Tests\Unit\Playground\Models\User\ModelTest" classname="Tests.Unit.Playground.Models.User.ModelTest" assertions="6" time="0.027177"/>
      </testsuite>
      <testsuite name="Tests\Unit\Playground\ServiceProvider\InstanceTest" file="/app/vendor/gammamatrix/playground/tests/Unit/ServiceProvider/InstanceTest.php" tests="5" assertions="8" errors="0" failures="0" skipped="0" time="0.127556">
        <testcase name="test_version" file="/app/vendor/gammamatrix/playground/tests/Unit/ServiceProvider/InstanceTest.php" line="20" class="Tests\Unit\Playground\ServiceProvider\InstanceTest" classname="Tests.Unit.Playground.ServiceProvider.InstanceTest" assertions="2" time="0.024301"/>
        <testcase name="test_user_primary_key_type_with_empty_model" file="/app/vendor/gammamatrix/playground/tests/Unit/ServiceProvider/InstanceTest.php" line="27" class="Tests\Unit\Playground\ServiceProvider\InstanceTest" classname="Tests.Unit.Playground.ServiceProvider.InstanceTest" assertions="1" time="0.023853"/>
        <testcase name="test_user_primary_key_type_with_incrementing_model" file="/app/vendor/gammamatrix/playground/tests/Unit/ServiceProvider/InstanceTest.php" line="41" class="Tests\Unit\Playground\ServiceProvider\InstanceTest" classname="Tests.Unit.Playground.ServiceProvider.InstanceTest" assertions="1" time="0.025964"/>
        <testcase name="test_user_primary_key_type_with_uuid_model" file="/app/vendor/gammamatrix/playground/tests/Unit/ServiceProvider/InstanceTest.php" line="55" class="Tests\Unit\Playground\ServiceProvider\InstanceTest" classname="Tests.Unit.Playground.ServiceProvider.InstanceTest" assertions="1" time="0.026073"/>
        <testcase name="test_user_primary_key_type_with_exception" file="/app/vendor/gammamatrix/playground/tests/Unit/ServiceProvider/InstanceTest.php" line="69" class="Tests\Unit\Playground\ServiceProvider\InstanceTest" classname="Tests.Unit.Playground.ServiceProvider.InstanceTest" assertions="3" time="0.027365"/>
      </testsuite>
      <testsuite name="Tests\Unit\Playground\Auth\Console\Commands\HashPassword\CommandTest" file="/app/vendor/gammamatrix/playground-auth/tests/Unit/Console/Commands/HashPassword/CommandTest.php" tests="3" assertions="5" errors="0" failures="0" skipped="0" time="0.133208">
        <testcase name="test_command_auth_hash_password_with_json" file="/app/vendor/gammamatrix/playground-auth/tests/Unit/Console/Commands/HashPassword/CommandTest.php" line="18" class="Tests\Unit\Playground\Auth\Console\Commands\HashPassword\CommandTest" classname="Tests.Unit.Playground.Auth.Console.Commands.HashPassword.CommandTest" assertions="2" time="0.076320"/>
        <testcase name="test_command_auth_hash_password" file="/app/vendor/gammamatrix/playground-auth/tests/Unit/Console/Commands/HashPassword/CommandTest.php" line="30" class="Tests\Unit\Playground\Auth\Console\Commands\HashPassword\CommandTest" classname="Tests.Unit.Playground.Auth.Console.Commands.HashPassword.CommandTest" assertions="1" time="0.029035"/>
        <testcase name="test_command_auth_hash_password_without_argument_and_fail" file="/app/vendor/gammamatrix/playground-auth/tests/Unit/Console/Commands/HashPassword/CommandTest.php" line="39" class="Tests\Unit\Playground\Auth\Console\Commands\HashPassword\CommandTest" classname="Tests.Unit.Playground.Auth.Console.Commands.HashPassword.CommandTest" assertions="2" time="0.027852"/>
      </testsuite>
      <testsuite name="Tests\Unit\Playground\Auth\Policies\ModelPolicy\AbstractRoleTest" file="/app/vendor/gammamatrix/playground-auth/tests/Unit/Policies/ModelPolicy/AbstractRoleTest.php" tests="24" assertions="30" errors="0" failures="0" skipped="0" time="0.759666">
        <testcase name="test_create_without_role" file="/app/vendor/gammamatrix/playground-auth/tests/Unit/Policies/ModelPolicy/AbstractRoleTest.php" line="33" class="Tests\Unit\Playground\Auth\Policies\ModelPolicy\AbstractRoleTest" classname="Tests.Unit.Playground.Auth.Policies.ModelPolicy.AbstractRoleTest" assertions="1" time="0.035921"/>
        <testcase name="test_create_with_admin" file="/app/vendor/gammamatrix/playground-auth/tests/Unit/Policies/ModelPolicy/AbstractRoleTest.php" line="45" class="Tests\Unit\Playground\Auth\Policies\ModelPolicy\AbstractRoleTest" classname="Tests.Unit.Playground.Auth.Policies.ModelPolicy.AbstractRoleTest" assertions="1" time="0.028205"/>
        <testcase name="test_delete_without_role" file="/app/vendor/gammamatrix/playground-auth/tests/Unit/Policies/ModelPolicy/AbstractRoleTest.php" line="64" class="Tests\Unit\Playground\Auth\Policies\ModelPolicy\AbstractRoleTest" classname="Tests.Unit.Playground.Auth.Policies.ModelPolicy.AbstractRoleTest" assertions="1" time="0.028779"/>
        <testcase name="test_delete_with_admin" file="/app/vendor/gammamatrix/playground-auth/tests/Unit/Policies/ModelPolicy/AbstractRoleTest.php" line="78" class="Tests\Unit\Playground\Auth\Policies\ModelPolicy\AbstractRoleTest" classname="Tests.Unit.Playground.Auth.Policies.ModelPolicy.AbstractRoleTest" assertions="1" time="0.030355"/>
        <testcase name="test_delete_locked_with_admin" file="/app/vendor/gammamatrix/playground-auth/tests/Unit/Policies/ModelPolicy/AbstractRoleTest.php" line="100" class="Tests\Unit\Playground\Auth\Policies\ModelPolicy\AbstractRoleTest" classname="Tests.Unit.Playground.Auth.Policies.ModelPolicy.AbstractRoleTest" assertions="4" time="0.030978"/>
        <testcase name="test_detail_without_role" file="/app/vendor/gammamatrix/playground-auth/tests/Unit/Policies/ModelPolicy/AbstractRoleTest.php" line="137" class="Tests\Unit\Playground\Auth\Policies\ModelPolicy\AbstractRoleTest" classname="Tests.Unit.Playground.Auth.Policies.ModelPolicy.AbstractRoleTest" assertions="1" time="0.029925"/>
        <testcase name="test_detail_with_admin" file="/app/vendor/gammamatrix/playground-auth/tests/Unit/Policies/ModelPolicy/AbstractRoleTest.php" line="151" class="Tests\Unit\Playground\Auth\Policies\ModelPolicy\AbstractRoleTest" classname="Tests.Unit.Playground.Auth.Policies.ModelPolicy.AbstractRoleTest" assertions="1" time="0.029691"/>
        <testcase name="test_edit_without_role" file="/app/vendor/gammamatrix/playground-auth/tests/Unit/Policies/ModelPolicy/AbstractRoleTest.php" line="173" class="Tests\Unit\Playground\Auth\Policies\ModelPolicy\AbstractRoleTest" classname="Tests.Unit.Playground.Auth.Policies.ModelPolicy.AbstractRoleTest" assertions="1" time="0.033297"/>
        <testcase name="test_edit_with_admin" file="/app/vendor/gammamatrix/playground-auth/tests/Unit/Policies/ModelPolicy/AbstractRoleTest.php" line="187" class="Tests\Unit\Playground\Auth\Policies\ModelPolicy\AbstractRoleTest" classname="Tests.Unit.Playground.Auth.Policies.ModelPolicy.AbstractRoleTest" assertions="1" time="0.029962"/>
        <testcase name="test_force_delete_without_role" file="/app/vendor/gammamatrix/playground-auth/tests/Unit/Policies/ModelPolicy/AbstractRoleTest.php" line="209" class="Tests\Unit\Playground\Auth\Policies\ModelPolicy\AbstractRoleTest" classname="Tests.Unit.Playground.Auth.Policies.ModelPolicy.AbstractRoleTest" assertions="1" time="0.030563"/>
        <testcase name="test_force_delete_with_admin" file="/app/vendor/gammamatrix/playground-auth/tests/Unit/Policies/ModelPolicy/AbstractRoleTest.php" line="223" class="Tests\Unit\Playground\Auth\Policies\ModelPolicy\AbstractRoleTest" classname="Tests.Unit.Playground.Auth.Policies.ModelPolicy.AbstractRoleTest" assertions="1" time="0.030604"/>
        <testcase name="test_lock_without_role" file="/app/vendor/gammamatrix/playground-auth/tests/Unit/Policies/ModelPolicy/AbstractRoleTest.php" line="245" class="Tests\Unit\Playground\Auth\Policies\ModelPolicy\AbstractRoleTest" classname="Tests.Unit.Playground.Auth.Policies.ModelPolicy.AbstractRoleTest" assertions="1" time="0.031613"/>
        <testcase name="test_lock_with_admin" file="/app/vendor/gammamatrix/playground-auth/tests/Unit/Policies/ModelPolicy/AbstractRoleTest.php" line="259" class="Tests\Unit\Playground\Auth\Policies\ModelPolicy\AbstractRoleTest" classname="Tests.Unit.Playground.Auth.Policies.ModelPolicy.AbstractRoleTest" assertions="1" time="0.031093"/>
        <testcase name="test_manage_without_role" file="/app/vendor/gammamatrix/playground-auth/tests/Unit/Policies/ModelPolicy/AbstractRoleTest.php" line="281" class="Tests\Unit\Playground\Auth\Policies\ModelPolicy\AbstractRoleTest" classname="Tests.Unit.Playground.Auth.Policies.ModelPolicy.AbstractRoleTest" assertions="1" time="0.031653"/>
        <testcase name="test_manage_with_admin" file="/app/vendor/gammamatrix/playground-auth/tests/Unit/Policies/ModelPolicy/AbstractRoleTest.php" line="295" class="Tests\Unit\Playground\Auth\Policies\ModelPolicy\AbstractRoleTest" classname="Tests.Unit.Playground.Auth.Policies.ModelPolicy.AbstractRoleTest" assertions="1" time="0.031311"/>
        <testcase name="test_restore_without_role" file="/app/vendor/gammamatrix/playground-auth/tests/Unit/Policies/ModelPolicy/AbstractRoleTest.php" line="317" class="Tests\Unit\Playground\Auth\Policies\ModelPolicy\AbstractRoleTest" classname="Tests.Unit.Playground.Auth.Policies.ModelPolicy.AbstractRoleTest" assertions="1" time="0.031997"/>
        <testcase name="test_restore_with_admin" file="/app/vendor/gammamatrix/playground-auth/tests/Unit/Policies/ModelPolicy/AbstractRoleTest.php" line="331" class="Tests\Unit\Playground\Auth\Policies\ModelPolicy\AbstractRoleTest" classname="Tests.Unit.Playground.Auth.Policies.ModelPolicy.AbstractRoleTest" assertions="1" time="0.031832"/>
        <testcase name="test_store_without_role" file="/app/vendor/gammamatrix/playground-auth/tests/Unit/Policies/ModelPolicy/AbstractRoleTest.php" line="353" class="Tests\Unit\Playground\Auth\Policies\ModelPolicy\AbstractRoleTest" classname="Tests.Unit.Playground.Auth.Policies.ModelPolicy.AbstractRoleTest" assertions="1" time="0.032475"/>
        <testcase name="test_store_with_admin" file="/app/vendor/gammamatrix/playground-auth/tests/Unit/Policies/ModelPolicy/AbstractRoleTest.php" line="365" class="Tests\Unit\Playground\Auth\Policies\ModelPolicy\AbstractRoleTest" classname="Tests.Unit.Playground.Auth.Policies.ModelPolicy.AbstractRoleTest" assertions="1" time="0.032221"/>
        <testcase name="test_update_without_role" file="/app/vendor/gammamatrix/playground-auth/tests/Unit/Policies/ModelPolicy/AbstractRoleTest.php" line="385" class="Tests\Unit\Playground\Auth\Policies\ModelPolicy\AbstractRoleTest" classname="Tests.Unit.Playground.Auth.Policies.ModelPolicy.AbstractRoleTest" assertions="1" time="0.033146"/>
        <testcase name="test_update_with_admin" file="/app/vendor/gammamatrix/playground-auth/tests/Unit/Policies/ModelPolicy/AbstractRoleTest.php" line="399" class="Tests\Unit\Playground\Auth\Policies\ModelPolicy\AbstractRoleTest" classname="Tests.Unit.Playground.Auth.Policies.ModelPolicy.AbstractRoleTest" assertions="1" time="0.032805"/>
        <testcase name="test_update_locked_with_admin" file="/app/vendor/gammamatrix/playground-auth/tests/Unit/Policies/ModelPolicy/AbstractRoleTest.php" line="421" class="Tests\Unit\Playground\Auth\Policies\ModelPolicy\AbstractRoleTest" classname="Tests.Unit.Playground.Auth.Policies.ModelPolicy.AbstractRoleTest" assertions="4" time="0.033300"/>
        <testcase name="test_unlock_without_role" file="/app/vendor/gammamatrix/playground-auth/tests/Unit/Policies/ModelPolicy/AbstractRoleTest.php" line="458" class="Tests\Unit\Playground\Auth\Policies\ModelPolicy\AbstractRoleTest" classname="Tests.Unit.Playground.Auth.Policies.ModelPolicy.AbstractRoleTest" assertions="1" time="0.034124"/>
        <testcase name="test_unlock_with_admin" file="/app/vendor/gammamatrix/playground-auth/tests/Unit/Policies/ModelPolicy/AbstractRoleTest.php" line="472" class="Tests\Unit\Playground\Auth\Policies\ModelPolicy\AbstractRoleTest" classname="Tests.Unit.Playground.Auth.Policies.ModelPolicy.AbstractRoleTest" assertions="1" time="0.033815"/>
      </testsuite>
      <testsuite name="Tests\Unit\Playground\Auth\Policies\Policy\AbstractTest" file="/app/vendor/gammamatrix/playground-auth/tests/Unit/Policies/Policy/AbstractTest.php" tests="7" assertions="7" errors="0" failures="0" skipped="0" time="0.203937">
        <testcase name="test_before_with_root" file="/app/vendor/gammamatrix/playground-auth/tests/Unit/Policies/Policy/AbstractTest.php" line="33" class="Tests\Unit\Playground\Auth\Policies\Policy\AbstractTest" classname="Tests.Unit.Playground.Auth.Policies.Policy.AbstractTest" assertions="1" time="0.027859"/>
        <testcase name="test_before_with_root_as_secondary_fails" file="/app/vendor/gammamatrix/playground-auth/tests/Unit/Policies/Policy/AbstractTest.php" line="54" class="Tests\Unit\Playground\Auth\Policies\Policy\AbstractTest" classname="Tests.Unit.Playground.Auth.Policies.Policy.AbstractTest" assertions="1" time="0.028648"/>
        <testcase name="test_index_without_role" file="/app/vendor/gammamatrix/playground-auth/tests/Unit/Policies/Policy/AbstractTest.php" line="78" class="Tests\Unit\Playground\Auth\Policies\Policy\AbstractTest" classname="Tests.Unit.Playground.Auth.Policies.Policy.AbstractTest" assertions="1" time="0.028617"/>
        <testcase name="test_index_with_admin" file="/app/vendor/gammamatrix/playground-auth/tests/Unit/Policies/Policy/AbstractTest.php" line="90" class="Tests\Unit\Playground\Auth\Policies\Policy\AbstractTest" classname="Tests.Unit.Playground.Auth.Policies.Policy.AbstractTest" assertions="1" time="0.028327"/>
        <testcase name="test_view_without_role" file="/app/vendor/gammamatrix/playground-auth/tests/Unit/Policies/Policy/AbstractTest.php" line="109" class="Tests\Unit\Playground\Auth\Policies\Policy\AbstractTest" classname="Tests.Unit.Playground.Auth.Policies.Policy.AbstractTest" assertions="1" time="0.029412"/>
        <testcase name="test_view_with_admin" file="/app/vendor/gammamatrix/playground-auth/tests/Unit/Policies/Policy/AbstractTest.php" line="121" class="Tests\Unit\Playground\Auth\Policies\Policy\AbstractTest" classname="Tests.Unit.Playground.Auth.Policies.Policy.AbstractTest" assertions="1" time="0.031258"/>
        <testcase name="test_view_with_admin_in_roles" file="/app/vendor/gammamatrix/playground-auth/tests/Unit/Policies/Policy/AbstractTest.php" line="142" class="Tests\Unit\Playground\Auth\Policies\Policy\AbstractTest" classname="Tests.Unit.Playground.Auth.Policies.Policy.AbstractTest" assertions="1" time="0.029817"/>
      </testsuite>
      <testsuite name="Tests\Unit\Playground\Auth\Policies\PolicyTrait\TraitTest" file="/app/vendor/gammamatrix/playground-auth/tests/Unit/Policies/PolicyTrait/TraitTest.php" tests="11" assertions="15" errors="0" failures="0" skipped="0" time="0.317290">
        <testcase name="test_get_entity" file="/app/vendor/gammamatrix/playground-auth/tests/Unit/Policies/PolicyTrait/TraitTest.php" line="21" class="Tests\Unit\Playground\Auth\Policies\PolicyTrait\TraitTest" classname="Tests.Unit.Playground.Auth.Policies.PolicyTrait.TraitTest" assertions="1" time="0.024617"/>
        <testcase name="test_get_package" file="/app/vendor/gammamatrix/playground-auth/tests/Unit/Policies/PolicyTrait/TraitTest.php" line="27" class="Tests\Unit\Playground\Auth\Policies\PolicyTrait\TraitTest" classname="Tests.Unit.Playground.Auth.Policies.PolicyTrait.TraitTest" assertions="1" time="0.024825"/>
        <testcase name="test_has_token" file="/app/vendor/gammamatrix/playground-auth/tests/Unit/Policies/PolicyTrait/TraitTest.php" line="33" class="Tests\Unit\Playground\Auth\Policies\PolicyTrait\TraitTest" classname="Tests.Unit.Playground.Auth.Policies.PolicyTrait.TraitTest" assertions="1" time="0.024886"/>
        <testcase name="test_get_token" file="/app/vendor/gammamatrix/playground-auth/tests/Unit/Policies/PolicyTrait/TraitTest.php" line="39" class="Tests\Unit\Playground\Auth\Policies\PolicyTrait\TraitTest" classname="Tests.Unit.Playground.Auth.Policies.PolicyTrait.TraitTest" assertions="1" time="0.025096"/>
        <testcase name="test_set_token" file="/app/vendor/gammamatrix/playground-auth/tests/Unit/Policies/PolicyTrait/TraitTest.php" line="45" class="Tests\Unit\Playground\Auth\Policies\PolicyTrait\TraitTest" classname="Tests.Unit.Playground.Auth.Policies.PolicyTrait.TraitTest" assertions="1" time="0.025387"/>
        <testcase name="test_verify_does_not_log_when_app_debugging_is_disabled" file="/app/vendor/gammamatrix/playground-auth/tests/Unit/Policies/PolicyTrait/TraitTest.php" line="51" class="Tests\Unit\Playground\Auth\Policies\PolicyTrait\TraitTest" classname="Tests.Unit.Playground.Auth.Policies.PolicyTrait.TraitTest" assertions="2" time="0.039112"/>
        <testcase name="test_verify_does_not_log_when_auth_debugging_is_disabled" file="/app/vendor/gammamatrix/playground-auth/tests/Unit/Policies/PolicyTrait/TraitTest.php" line="78" class="Tests\Unit\Playground\Auth\Policies\PolicyTrait\TraitTest" classname="Tests.Unit.Playground.Auth.Policies.PolicyTrait.TraitTest" assertions="2" time="0.029419"/>
        <testcase name="test_verify_logs_with_debugging_enabled" file="/app/vendor/gammamatrix/playground-auth/tests/Unit/Policies/PolicyTrait/TraitTest.php" line="105" class="Tests\Unit\Playground\Auth\Policies\PolicyTrait\TraitTest" classname="Tests.Unit.Playground.Auth.Policies.PolicyTrait.TraitTest" assertions="3" time="0.032182"/>
        <testcase name="test_verify_privileges" file="/app/vendor/gammamatrix/playground-auth/tests/Unit/Policies/PolicyTrait/TraitTest.php" line="141" class="Tests\Unit\Playground\Auth\Policies\PolicyTrait\TraitTest" classname="Tests.Unit.Playground.Auth.Policies.PolicyTrait.TraitTest" assertions="1" time="0.031327"/>
        <testcase name="test_verify_roles" file="/app/vendor/gammamatrix/playground-auth/tests/Unit/Policies/PolicyTrait/TraitTest.php" line="162" class="Tests\Unit\Playground\Auth\Policies\PolicyTrait\TraitTest" classname="Tests.Unit.Playground.Auth.Policies.PolicyTrait.TraitTest" assertions="1" time="0.030331"/>
        <testcase name="test_verify_user" file="/app/vendor/gammamatrix/playground-auth/tests/Unit/Policies/PolicyTrait/TraitTest.php" line="183" class="Tests\Unit\Playground\Auth\Policies\PolicyTrait\TraitTest" classname="Tests.Unit.Playground.Auth.Policies.PolicyTrait.TraitTest" assertions="1" time="0.030108"/>
      </testsuite>
      <testsuite name="Tests\Unit\Playground\Auth\Policies\PrivilegeTrait\TraitTest" file="/app/vendor/gammamatrix/playground-auth/tests/Unit/Policies/PrivilegeTrait/TraitTest.php" tests="9" assertions="9" errors="0" failures="0" skipped="0" time="0.244425">
        <testcase name="test_privilege_privilege_policy_without_parameter" file="/app/vendor/gammamatrix/playground-auth/tests/Unit/Policies/PrivilegeTrait/TraitTest.php" line="24" class="Tests\Unit\Playground\Auth\Policies\PrivilegeTrait\TraitTest" classname="Tests.Unit.Playground.Auth.Policies.PrivilegeTrait.TraitTest" assertions="1" time="0.024762"/>
        <testcase name="test_privilege_privilege_model_policy_without_parameter" file="/app/vendor/gammamatrix/playground-auth/tests/Unit/Policies/PrivilegeTrait/TraitTest.php" line="33" class="Tests\Unit\Playground\Auth\Policies\PrivilegeTrait\TraitTest" classname="Tests.Unit.Playground.Auth.Policies.PrivilegeTrait.TraitTest" assertions="1" time="0.024946"/>
        <testcase name="test_privilege_user_policy_without_parameter" file="/app/vendor/gammamatrix/playground-auth/tests/Unit/Policies/PrivilegeTrait/TraitTest.php" line="42" class="Tests\Unit\Playground\Auth\Policies\PrivilegeTrait\TraitTest" classname="Tests.Unit.Playground.Auth.Policies.PrivilegeTrait.TraitTest" assertions="1" time="0.025296"/>
        <testcase name="test_privilege_with_package_and_without_parameter" file="/app/vendor/gammamatrix/playground-auth/tests/Unit/Policies/PrivilegeTrait/TraitTest.php" line="51" class="Tests\Unit\Playground\Auth\Policies\PrivilegeTrait\TraitTest" classname="Tests.Unit.Playground.Auth.Policies.PrivilegeTrait.TraitTest" assertions="1" time="0.025132"/>
        <testcase name="test_privilege_with_package_and_entity_and_without_parameter" file="/app/vendor/gammamatrix/playground-auth/tests/Unit/Policies/PrivilegeTrait/TraitTest.php" line="60" class="Tests\Unit\Playground\Auth\Policies\PrivilegeTrait\TraitTest" classname="Tests.Unit.Playground.Auth.Policies.PrivilegeTrait.TraitTest" assertions="1" time="0.025306"/>
        <testcase name="test_has_privilege" file="/app/vendor/gammamatrix/playground-auth/tests/Unit/Policies/PrivilegeTrait/TraitTest.php" line="69" class="Tests\Unit\Playground\Auth\Policies\PrivilegeTrait\TraitTest" classname="Tests.Unit.Playground.Auth.Policies.PrivilegeTrait.TraitTest" assertions="1" time="0.029367"/>
        <testcase name="test_has_privilege_with_user_has_privilege" file="/app/vendor/gammamatrix/playground-auth/tests/Unit/Policies/PrivilegeTrait/TraitTest.php" line="88" class="Tests\Unit\Playground\Auth\Policies\PrivilegeTrait\TraitTest" classname="Tests.Unit.Playground.Auth.Policies.PrivilegeTrait.TraitTest" assertions="1" time="0.029344"/>
        <testcase name="test_has_privilege_with_user_privileges" file="/app/vendor/gammamatrix/playground-auth/tests/Unit/Policies/PrivilegeTrait/TraitTest.php" line="111" class="Tests\Unit\Playground\Auth\Policies\PrivilegeTrait\TraitTest" classname="Tests.Unit.Playground.Auth.Policies.PrivilegeTrait.TraitTest" assertions="1" time="0.030381"/>
        <testcase name="test_has_privilege_without_privileges_enabled" file="/app/vendor/gammamatrix/playground-auth/tests/Unit/Policies/PrivilegeTrait/TraitTest.php" line="134" class="Tests\Unit\Playground\Auth\Policies\PrivilegeTrait\TraitTest" classname="Tests.Unit.Playground.Auth.Policies.PrivilegeTrait.TraitTest" assertions="1" time="0.029892"/>
      </testsuite>
      <testsuite name="Tests\Unit\Playground\Auth\Policies\RoleTrait\TraitTest" file="/app/vendor/gammamatrix/playground-auth/tests/Unit/Policies/RoleTrait/TraitTest.php" tests="5" assertions="5" errors="0" failures="0" skipped="0" time="0.132603">
        <testcase name="test_get_roles_for_admin" file="/app/vendor/gammamatrix/playground-auth/tests/Unit/Policies/RoleTrait/TraitTest.php" line="21" class="Tests\Unit\Playground\Auth\Policies\RoleTrait\TraitTest" classname="Tests.Unit.Playground.Auth.Policies.RoleTrait.TraitTest" assertions="1" time="0.024662"/>
        <testcase name="test_get_roles_for_action" file="/app/vendor/gammamatrix/playground-auth/tests/Unit/Policies/RoleTrait/TraitTest.php" line="34" class="Tests\Unit\Playground\Auth\Policies\RoleTrait\TraitTest" classname="Tests.Unit.Playground.Auth.Policies.RoleTrait.TraitTest" assertions="1" time="0.025659"/>
        <testcase name="test_get_roles_to_view" file="/app/vendor/gammamatrix/playground-auth/tests/Unit/Policies/RoleTrait/TraitTest.php" line="47" class="Tests\Unit\Playground\Auth\Policies\RoleTrait\TraitTest" classname="Tests.Unit.Playground.Auth.Policies.RoleTrait.TraitTest" assertions="1" time="0.024901"/>
        <testcase name="test_has_role" file="/app/vendor/gammamatrix/playground-auth/tests/Unit/Policies/RoleTrait/TraitTest.php" line="60" class="Tests\Unit\Playground\Auth\Policies\RoleTrait\TraitTest" classname="Tests.Unit.Playground.Auth.Policies.RoleTrait.TraitTest" assertions="1" time="0.028568"/>
        <testcase name="test_has_role_advanced_role" file="/app/vendor/gammamatrix/playground-auth/tests/Unit/Policies/RoleTrait/TraitTest.php" line="76" class="Tests\Unit\Playground\Auth\Policies\RoleTrait\TraitTest" classname="Tests.Unit.Playground.Auth.Policies.RoleTrait.TraitTest" assertions="1" time="0.028813"/>
      </testsuite>
      <testsuite name="Tests\Unit\Playground\Blade\Assets\Comment\InstanceTest" file="/app/vendor/gammamatrix/playground-blade/tests/Unit/Assets/Comment/InstanceTest.php" tests="1" assertions="2" errors="0" failures="0" skipped="0" time="0.030325">
        <testcase name="test_instance_with_docs" file="/app/vendor/gammamatrix/playground-blade/tests/Unit/Assets/Comment/InstanceTest.php" line="18" class="Tests\Unit\Playground\Blade\Assets\Comment\InstanceTest" classname="Tests.Unit.Playground.Blade.Assets.Comment.InstanceTest" assertions="2" time="0.030325"/>
      </testsuite>
      <testsuite name="Tests\Unit\Playground\Blade\Assets\Font\InstanceTest" file="/app/vendor/gammamatrix/playground-blade/tests/Unit/Assets/Font/InstanceTest.php" tests="1" assertions="3" errors="0" failures="0" skipped="0" time="0.026134">
        <testcase name="test_instance_with_docs" file="/app/vendor/gammamatrix/playground-blade/tests/Unit/Assets/Font/InstanceTest.php" line="18" class="Tests\Unit\Playground\Blade\Assets\Font\InstanceTest" classname="Tests.Unit.Playground.Blade.Assets.Font.InstanceTest" assertions="3" time="0.026134"/>
      </testsuite>
      <testsuite name="Tests\Unit\Playground\Blade\Assets\Icon\InstanceTest" file="/app/vendor/gammamatrix/playground-blade/tests/Unit/Assets/Icon/InstanceTest.php" tests="1" assertions="3" errors="0" failures="0" skipped="0" time="0.025706">
        <testcase name="test_instance_with_docs" file="/app/vendor/gammamatrix/playground-blade/tests/Unit/Assets/Icon/InstanceTest.php" line="18" class="Tests\Unit\Playground\Blade\Assets\Icon\InstanceTest" classname="Tests.Unit.Playground.Blade.Assets.Icon.InstanceTest" assertions="3" time="0.025706"/>
      </testsuite>
      <testsuite name="Tests\Unit\Playground\Blade\Assets\Link\InstanceTest" file="/app/vendor/gammamatrix/playground-blade/tests/Unit/Assets/Link/InstanceTest.php" tests="1" assertions="3" errors="0" failures="0" skipped="0" time="0.024698">
        <testcase name="test_instance_with_docs" file="/app/vendor/gammamatrix/playground-blade/tests/Unit/Assets/Link/InstanceTest.php" line="18" class="Tests\Unit\Playground\Blade\Assets\Link\InstanceTest" classname="Tests.Unit.Playground.Blade.Assets.Link.InstanceTest" assertions="3" time="0.024698"/>
      </testsuite>
      <testsuite name="Tests\Unit\Playground\Blade\Assets\Script\InstanceTest" file="/app/vendor/gammamatrix/playground-blade/tests/Unit/Assets/Script/InstanceTest.php" tests="1" assertions="3" errors="0" failures="0" skipped="0" time="0.025374">
        <testcase name="test_instance_with_docs" file="/app/vendor/gammamatrix/playground-blade/tests/Unit/Assets/Script/InstanceTest.php" line="18" class="Tests\Unit\Playground\Blade\Assets\Script\InstanceTest" classname="Tests.Unit.Playground.Blade.Assets.Script.InstanceTest" assertions="3" time="0.025374"/>
      </testsuite>
      <testsuite name="Tests\Unit\Playground\Blade\Assets\Style\InstanceTest" file="/app/vendor/gammamatrix/playground-blade/tests/Unit/Assets/Style/InstanceTest.php" tests="1" assertions="3" errors="0" failures="0" skipped="0" time="0.025931">
        <testcase name="test_instance_with_docs" file="/app/vendor/gammamatrix/playground-blade/tests/Unit/Assets/Style/InstanceTest.php" line="18" class="Tests\Unit\Playground\Blade\Assets\Style\InstanceTest" classname="Tests.Unit.Playground.Blade.Assets.Style.InstanceTest" assertions="3" time="0.025931"/>
      </testsuite>
      <testsuite name="Tests\Unit\Playground\Blade\Assets\Stylesheet\InstanceTest" file="/app/vendor/gammamatrix/playground-blade/tests/Unit/Assets/Stylesheet/InstanceTest.php" tests="1" assertions="3" errors="0" failures="0" skipped="0" time="0.024975">
        <testcase name="test_instance_with_docs" file="/app/vendor/gammamatrix/playground-blade/tests/Unit/Assets/Stylesheet/InstanceTest.php" line="18" class="Tests\Unit\Playground\Blade\Assets\Stylesheet\InstanceTest" classname="Tests.Unit.Playground.Blade.Assets.Stylesheet.InstanceTest" assertions="3" time="0.024975"/>
      </testsuite>
      <testsuite name="Tests\Unit\Playground\Blade\View\Components\Forms\Column\ComponentTest" file="/app/vendor/gammamatrix/playground-blade/tests/Unit/View/Components/Forms/Column/ComponentTest.php" tests="5" assertions="23" errors="0" failures="0" skipped="0" time="0.149800">
        <testcase name="test_component_instance" file="/app/vendor/gammamatrix/playground-blade/tests/Unit/View/Components/Forms/Column/ComponentTest.php" line="31" class="Tests\Unit\Playground\Blade\View\Components\Forms\Column\ComponentTest" classname="Tests.Unit.Playground.Blade.View.Components.Forms.Column.ComponentTest" assertions="2" time="0.029371"/>
        <testcase name="test_component_can_render_view_without_parameters" file="/app/vendor/gammamatrix/playground-blade/tests/Unit/View/Components/Forms/Column/ComponentTest.php" line="39" class="Tests\Unit\Playground\Blade\View\Components\Forms\Column\ComponentTest" classname="Tests.Unit.Playground.Blade.View.Components.Forms.Column.ComponentTest" assertions="2" time="0.034803"/>
        <testcase name="test_component_can_render_view_without_label_on_title_column" file="/app/vendor/gammamatrix/playground-blade/tests/Unit/View/Components/Forms/Column/ComponentTest.php" line="50" class="Tests\Unit\Playground\Blade\View\Components\Forms\Column\ComponentTest" classname="Tests.Unit.Playground.Blade.View.Components.Forms.Column.ComponentTest" assertions="5" time="0.028223"/>
        <testcase name="test_component_can_render_view_with_label_on_title_column" file="/app/vendor/gammamatrix/playground-blade/tests/Unit/View/Components/Forms/Column/ComponentTest.php" line="67" class="Tests\Unit\Playground\Blade\View\Components\Forms\Column\ComponentTest" classname="Tests.Unit.Playground.Blade.View.Components.Forms.Column.ComponentTest" assertions="6" time="0.028638"/>
        <testcase name="test_component_can_render_view_with_label_on_title_column_with_error" file="/app/vendor/gammamatrix/playground-blade/tests/Unit/View/Components/Forms/Column/ComponentTest.php" line="87" class="Tests\Unit\Playground\Blade\View\Components\Forms\Column\ComponentTest" classname="Tests.Unit.Playground.Blade.View.Components.Forms.Column.ComponentTest" assertions="8" time="0.028765"/>
      </testsuite>
      <testsuite name="Tests\Unit\Playground\Blade\View\Components\Forms\ColumnEditor\ComponentTest" file="/app/vendor/gammamatrix/playground-blade/tests/Unit/View/Components/Forms/ColumnEditor/ComponentTest.php" tests="4" assertions="19" errors="0" failures="0" skipped="0" time="0.110705">
        <testcase name="test_component_instance" file="/app/vendor/gammamatrix/playground-blade/tests/Unit/View/Components/Forms/ColumnEditor/ComponentTest.php" line="31" class="Tests\Unit\Playground\Blade\View\Components\Forms\ColumnEditor\ComponentTest" classname="Tests.Unit.Playground.Blade.View.Components.Forms.ColumnEditor.ComponentTest" assertions="2" time="0.025196"/>
        <testcase name="test_component_can_render_view_without_parameters" file="/app/vendor/gammamatrix/playground-blade/tests/Unit/View/Components/Forms/ColumnEditor/ComponentTest.php" line="39" class="Tests\Unit\Playground\Blade\View\Components\Forms\ColumnEditor\ComponentTest" classname="Tests.Unit.Playground.Blade.View.Components.Forms.ColumnEditor.ComponentTest" assertions="3" time="0.028354"/>
        <testcase name="test_component_can_render_view_with_content_textarea" file="/app/vendor/gammamatrix/playground-blade/tests/Unit/View/Components/Forms/ColumnEditor/ComponentTest.php" line="47" class="Tests\Unit\Playground\Blade\View\Components\Forms\ColumnEditor\ComponentTest" classname="Tests.Unit.Playground.Blade.View.Components.Forms.ColumnEditor.ComponentTest" assertions="7" time="0.028833"/>
        <testcase name="test_component_can_render_view_with_content_textarea_and_described" file="/app/vendor/gammamatrix/playground-blade/tests/Unit/View/Components/Forms/ColumnEditor/ComponentTest.php" line="66" class="Tests\Unit\Playground\Blade\View\Components\Forms\ColumnEditor\ComponentTest" classname="Tests.Unit.Playground.Blade.View.Components.Forms.ColumnEditor.ComponentTest" assertions="7" time="0.028322"/>
      </testsuite>
      <testsuite name="Tests\Unit\Playground\Blade\View\Components\Forms\ColumnSelect\ComponentTest" file="/app/vendor/gammamatrix/playground-blade/tests/Unit/View/Components/Forms/ColumnSelect/ComponentTest.php" tests="3" assertions="9" errors="0" failures="0" skipped="0" time="0.082996">
        <testcase name="test_component_instance" file="/app/vendor/gammamatrix/playground-blade/tests/Unit/View/Components/Forms/ColumnSelect/ComponentTest.php" line="31" class="Tests\Unit\Playground\Blade\View\Components\Forms\ColumnSelect\ComponentTest" classname="Tests.Unit.Playground.Blade.View.Components.Forms.ColumnSelect.ComponentTest" assertions="2" time="0.025223"/>
        <testcase name="test_component_can_render_view_without_parameters" file="/app/vendor/gammamatrix/playground-blade/tests/Unit/View/Components/Forms/ColumnSelect/ComponentTest.php" line="39" class="Tests\Unit\Playground\Blade\View\Components\Forms\ColumnSelect\ComponentTest" classname="Tests.Unit.Playground.Blade.View.Components.Forms.ColumnSelect.ComponentTest" assertions="3" time="0.030174"/>
        <testcase name="test_component_can_render_view_with_select" file="/app/vendor/gammamatrix/playground-blade/tests/Unit/View/Components/Forms/ColumnSelect/ComponentTest.php" line="47" class="Tests\Unit\Playground\Blade\View\Components\Forms\ColumnSelect\ComponentTest" classname="Tests.Unit.Playground.Blade.View.Components.Forms.ColumnSelect.ComponentTest" assertions="4" time="0.027599"/>
      </testsuite>
      <testsuite name="Tests\Unit\Playground\Blade\View\Components\ModelFlag\ComponentTest" file="/app/vendor/gammamatrix/playground-blade/tests/Unit/View/Components/ModelFlag/ComponentTest.php" tests="5" assertions="15" errors="0" failures="0" skipped="0" time="0.135479">
        <testcase name="test_component_instance" file="/app/vendor/gammamatrix/playground-blade/tests/Unit/View/Components/ModelFlag/ComponentTest.php" line="31" class="Tests\Unit\Playground\Blade\View\Components\ModelFlag\ComponentTest" classname="Tests.Unit.Playground.Blade.View.Components.ModelFlag.ComponentTest" assertions="2" time="0.025066"/>
        <testcase name="test_component_renders_empty_view_without_labels_or_classes" file="/app/vendor/gammamatrix/playground-blade/tests/Unit/View/Components/ModelFlag/ComponentTest.php" line="41" class="Tests\Unit\Playground\Blade\View\Components\ModelFlag\ComponentTest" classname="Tests.Unit.Playground.Blade.View.Components.ModelFlag.ComponentTest" assertions="1" time="0.027213"/>
        <testcase name="test_component_can_render_view_with_true_value" file="/app/vendor/gammamatrix/playground-blade/tests/Unit/View/Components/ModelFlag/ComponentTest.php" line="57" class="Tests\Unit\Playground\Blade\View\Components\ModelFlag\ComponentTest" classname="Tests.Unit.Playground.Blade.View.Components.ModelFlag.ComponentTest" assertions="4" time="0.026865"/>
        <testcase name="test_component_can_render_view_with_false_value" file="/app/vendor/gammamatrix/playground-blade/tests/Unit/View/Components/ModelFlag/ComponentTest.php" line="76" class="Tests\Unit\Playground\Blade\View\Components\ModelFlag\ComponentTest" classname="Tests.Unit.Playground.Blade.View.Components.ModelFlag.ComponentTest" assertions="4" time="0.027384"/>
        <testcase name="test_component_can_render_view_with_null_value" file="/app/vendor/gammamatrix/playground-blade/tests/Unit/View/Components/ModelFlag/ComponentTest.php" line="95" class="Tests\Unit\Playground\Blade\View\Components\ModelFlag\ComponentTest" classname="Tests.Unit.Playground.Blade.View.Components.ModelFlag.ComponentTest" assertions="4" time="0.028951"/>
      </testsuite>
      <testsuite name="Tests\Unit\Playground\Blade\View\Components\Table\Data\ComponentTest" file="/app/vendor/gammamatrix/playground-blade/tests/Unit/View/Components/Table/Data/ComponentTest.php" tests="2" assertions="3" errors="0" failures="0" skipped="0" time="0.061565">
        <testcase name="test_component_instance" file="/app/vendor/gammamatrix/playground-blade/tests/Unit/View/Components/Table/Data/ComponentTest.php" line="31" class="Tests\Unit\Playground\Blade\View\Components\Table\Data\ComponentTest" classname="Tests.Unit.Playground.Blade.View.Components.Table.Data.ComponentTest" assertions="2" time="0.025654"/>
        <testcase name="test_component_can_render_view" file="/app/vendor/gammamatrix/playground-blade/tests/Unit/View/Components/Table/Data/ComponentTest.php" line="39" class="Tests\Unit\Playground\Blade\View\Components\Table\Data\ComponentTest" classname="Tests.Unit.Playground.Blade.View.Components.Table.Data.ComponentTest" assertions="1" time="0.035911"/>
      </testsuite>
      <testsuite name="Tests\Unit\Playground\Admin\Models\Setting\ModelTest" file="/app/vendor/gammamatrix/playground-admin/tests/Unit/Models/Setting/ModelTest.php" tests="3" assertions="8" errors="0" failures="0" skipped="0" time="0.080935">
        <testcase name="test_model_instance" file="/app/vendor/gammamatrix/playground-test/src/Unit/Models/ModelCase.php" line="113" class="Tests\Unit\Playground\Admin\Models\Setting\ModelTest" classname="Tests.Unit.Playground.Admin.Models.Setting.ModelTest" assertions="1" time="0.025949"/>
        <testcase name="test_verify_model_relationships" file="/app/vendor/gammamatrix/playground-test/src/Unit/Models/ModelCase.php" line="294" class="Tests\Unit\Playground\Admin\Models\Setting\ModelTest" classname="Tests.Unit.Playground.Admin.Models.Setting.ModelTest" assertions="4" time="0.027792"/>
        <testcase name="test_model_factory_make" file="/app/vendor/gammamatrix/playground-test/src/Unit/Models/ModelCase.php" line="310" class="Tests\Unit\Playground\Admin\Models\Setting\ModelTest" classname="Tests.Unit.Playground.Admin.Models.Setting.ModelTest" assertions="3" time="0.027194"/>
      </testsuite>
      <testsuite name="Tests\Unit\Playground\Admin\Resource\Http\Controllers\UserController\InstanceTest" file="/app/vendor/gammamatrix/playground-admin-resource/tests/Unit/Http/Controllers/UserController/InstanceTest.php" tests="1" assertions="2" errors="0" failures="0" skipped="0" time="0.044204">
        <testcase name="test_user_providerget_user_class_with_invalid_user_class" file="/app/vendor/gammamatrix/playground-admin-resource/tests/Unit/Http/Controllers/UserController/InstanceTest.php" line="22" class="Tests\Unit\Playground\Admin\Resource\Http\Controllers\UserController\InstanceTest" classname="Tests.Unit.Playground.Admin.Resource.Http.Controllers.UserController.InstanceTest" assertions="2" time="0.044204"/>
      </testsuite>
      <testsuite name="Tests\Unit\Playground\Admin\Resource\Http\Requests\FormRequest\InstanceTest" file="/app/vendor/gammamatrix/playground-admin-resource/tests/Unit/Http/Requests/FormRequest/InstanceTest.php" tests="5" assertions="6" errors="0" failures="0" skipped="0" time="0.200223">
        <testcase name="test_form_request_authorize_without_user" file="/app/vendor/gammamatrix/playground-admin-resource/tests/Unit/Http/Requests/FormRequest/InstanceTest.php" line="23" class="Tests\Unit\Playground\Admin\Resource\Http\Requests\FormRequest\InstanceTest" classname="Tests.Unit.Playground.Admin.Resource.Http.Requests.FormRequest.InstanceTest" assertions="1" time="0.037190"/>
        <testcase name="test_rule_s_is_empty_by_default" file="/app/vendor/gammamatrix/playground-admin-resource/tests/Unit/Http/Requests/FormRequest/InstanceTest.php" line="30" class="Tests\Unit\Playground\Admin\Resource\Http\Requests\FormRequest\InstanceTest" classname="Tests.Unit.Playground.Admin.Resource.Http.Requests.FormRequest.InstanceTest" assertions="2" time="0.036669"/>
        <testcase name="test_user_has_admin_privileges_without_user" file="/app/vendor/gammamatrix/playground-admin-resource/tests/Unit/Http/Requests/FormRequest/InstanceTest.php" line="38" class="Tests\Unit\Playground\Admin\Resource\Http\Requests\FormRequest\InstanceTest" classname="Tests.Unit.Playground.Admin.Resource.Http.Requests.FormRequest.InstanceTest" assertions="1" time="0.043186"/>
        <testcase name="test_user_has_admin_privileges_with_admin" file="/app/vendor/gammamatrix/playground-admin-resource/tests/Unit/Http/Requests/FormRequest/InstanceTest.php" line="45" class="Tests\Unit\Playground\Admin\Resource\Http\Requests\FormRequest\InstanceTest" classname="Tests.Unit.Playground.Admin.Resource.Http.Requests.FormRequest.InstanceTest" assertions="1" time="0.042384"/>
        <testcase name="test_user_has_admin_privileges_with_default_laravel_user" file="/app/vendor/gammamatrix/playground-admin-resource/tests/Unit/Http/Requests/FormRequest/InstanceTest.php" line="57" class="Tests\Unit\Playground\Admin\Resource\Http\Requests\FormRequest\InstanceTest" classname="Tests.Unit.Playground.Admin.Resource.Http.Requests.FormRequest.InstanceTest" assertions="1" time="0.040794"/>
      </testsuite>
      <testsuite name="Tests\Unit\Playground\Admin\Resource\Http\Requests\Setting\CreateRequestTest" file="/app/vendor/gammamatrix/playground-admin-resource/tests/Unit/Http/Requests/Setting/CreateRequestTest.php" tests="1" assertions="1" errors="0" failures="0" skipped="0" time="0.036816">
        <testcase name="test_request_instance" file="/app/vendor/gammamatrix/playground-test/src/Unit/Http/Requests/RequestCase.php" line="42" class="Tests\Unit\Playground\Admin\Resource\Http\Requests\Setting\CreateRequestTest" classname="Tests.Unit.Playground.Admin.Resource.Http.Requests.Setting.CreateRequestTest" assertions="1" time="0.036816"/>
      </testsuite>
      <testsuite name="Tests\Unit\Playground\Admin\Resource\Http\Requests\User\CreateRequestTest" file="/app/vendor/gammamatrix/playground-admin-resource/tests/Unit/Http/Requests/User/CreateRequestTest.php" tests="3" assertions="51" errors="0" failures="0" skipped="0" time="0.113002">
        <testcase name="test_request_instance" file="/app/vendor/gammamatrix/playground-test/src/Unit/Http/Requests/RequestCase.php" line="42" class="Tests\Unit\Playground\Admin\Resource\Http\Requests\User\CreateRequestTest" classname="Tests.Unit.Playground.Admin.Resource.Http.Requests.User.CreateRequestTest" assertions="1" time="0.036759"/>
        <testcase name="test_return_playground_rules" file="/app/vendor/gammamatrix/playground-admin-resource/tests/Unit/Http/Requests/User/CreateRequestTest.php" line="21" class="Tests\Unit\Playground\Admin\Resource\Http\Requests\User\CreateRequestTest" classname="Tests.Unit.Playground.Admin.Resource.Http.Requests.User.CreateRequestTest" assertions="45" time="0.037959"/>
        <testcase name="test_return_laravel_rules" file="/app/vendor/gammamatrix/playground-admin-resource/tests/Unit/Http/Requests/User/CreateRequestTest.php" line="82" class="Tests\Unit\Playground\Admin\Resource\Http\Requests\User\CreateRequestTest" classname="Tests.Unit.Playground.Admin.Resource.Http.Requests.User.CreateRequestTest" assertions="5" time="0.038284"/>
      </testsuite>
      <testsuite name="Tests\Unit\Playground\Admin\Resource\Http\Requests\User\EditRequestTest" file="/app/vendor/gammamatrix/playground-admin-resource/tests/Unit/Http/Requests/User/EditRequestTest.php" tests="3" assertions="51" errors="0" failures="0" skipped="0" time="0.114799">
        <testcase name="test_request_instance" file="/app/vendor/gammamatrix/playground-test/src/Unit/Http/Requests/RequestCase.php" line="42" class="Tests\Unit\Playground\Admin\Resource\Http\Requests\User\EditRequestTest" classname="Tests.Unit.Playground.Admin.Resource.Http.Requests.User.EditRequestTest" assertions="1" time="0.037261"/>
        <testcase name="test_return_playground_rules" file="/app/vendor/gammamatrix/playground-admin-resource/tests/Unit/Http/Requests/User/EditRequestTest.php" line="21" class="Tests\Unit\Playground\Admin\Resource\Http\Requests\User\EditRequestTest" classname="Tests.Unit.Playground.Admin.Resource.Http.Requests.User.EditRequestTest" assertions="45" time="0.039251"/>
        <testcase name="test_return_laravel_rules" file="/app/vendor/gammamatrix/playground-admin-resource/tests/Unit/Http/Requests/User/EditRequestTest.php" line="82" class="Tests\Unit\Playground\Admin\Resource\Http\Requests\User\EditRequestTest" classname="Tests.Unit.Playground.Admin.Resource.Http.Requests.User.EditRequestTest" assertions="5" time="0.038287"/>
      </testsuite>
      <testsuite name="Tests\Unit\Playground\Admin\Resource\Http\Requests\User\StoreRequestTest" file="/app/vendor/gammamatrix/playground-admin-resource/tests/Unit/Http/Requests/User/StoreRequestTest.php" tests="6" assertions="62" errors="0" failures="0" skipped="0" time="0.241883">
        <testcase name="test_request_instance" file="/app/vendor/gammamatrix/playground-test/src/Unit/Http/Requests/RequestCase.php" line="42" class="Tests\Unit\Playground\Admin\Resource\Http\Requests\User\StoreRequestTest" classname="Tests.Unit.Playground.Admin.Resource.Http.Requests.User.StoreRequestTest" assertions="1" time="0.040978"/>
        <testcase name="test_return_playground_rules" file="/app/vendor/gammamatrix/playground-admin-resource/tests/Unit/Http/Requests/User/StoreRequestTest.php" line="24" class="Tests\Unit\Playground\Admin\Resource\Http\Requests\User\StoreRequestTest" classname="Tests.Unit.Playground.Admin.Resource.Http.Requests.User.StoreRequestTest" assertions="45" time="0.039578"/>
        <testcase name="test_return_laravel_rules" file="/app/vendor/gammamatrix/playground-admin-resource/tests/Unit/Http/Requests/User/StoreRequestTest.php" line="85" class="Tests\Unit\Playground\Admin\Resource\Http\Requests\User\StoreRequestTest" classname="Tests.Unit.Playground.Admin.Resource.Http.Requests.User.StoreRequestTest" assertions="5" time="0.038861"/>
        <testcase name="test_prepare_for_validation_for_laravel" file="/app/vendor/gammamatrix/playground-admin-resource/tests/Unit/Http/Requests/User/StoreRequestTest.php" line="109" class="Tests\Unit\Playground\Admin\Resource\Http\Requests\User\StoreRequestTest" classname="Tests.Unit.Playground.Admin.Resource.Http.Requests.User.StoreRequestTest" assertions="1" time="0.038650"/>
        <testcase name="test_prepare_for_validation_for_playground" file="/app/vendor/gammamatrix/playground-admin-resource/tests/Unit/Http/Requests/User/StoreRequestTest.php" line="119" class="Tests\Unit\Playground\Admin\Resource\Http\Requests\User\StoreRequestTest" classname="Tests.Unit.Playground.Admin.Resource.Http.Requests.User.StoreRequestTest" assertions="1" time="0.043068"/>
        <testcase name="test_prepare_for_validation_parameters" file="/app/vendor/gammamatrix/playground-admin-resource/tests/Unit/Http/Requests/User/StoreRequestTest.php" line="129" class="Tests\Unit\Playground\Admin\Resource\Http\Requests\User\StoreRequestTest" classname="Tests.Unit.Playground.Admin.Resource.Http.Requests.User.StoreRequestTest" assertions="9" time="0.040747"/>
      </testsuite>
      <testsuite name="Tests\Unit\Playground\Admin\Resource\Http\Requests\User\UpdateRequestTest" file="/app/vendor/gammamatrix/playground-admin-resource/tests/Unit/Http/Requests/User/UpdateRequestTest.php" tests="6" assertions="62" errors="0" failures="0" skipped="0" time="0.232976">
        <testcase name="test_request_instance" file="/app/vendor/gammamatrix/playground-test/src/Unit/Http/Requests/RequestCase.php" line="42" class="Tests\Unit\Playground\Admin\Resource\Http\Requests\User\UpdateRequestTest" classname="Tests.Unit.Playground.Admin.Resource.Http.Requests.User.UpdateRequestTest" assertions="1" time="0.037745"/>
        <testcase name="test_return_playground_rules" file="/app/vendor/gammamatrix/playground-admin-resource/tests/Unit/Http/Requests/User/UpdateRequestTest.php" line="24" class="Tests\Unit\Playground\Admin\Resource\Http\Requests\User\UpdateRequestTest" classname="Tests.Unit.Playground.Admin.Resource.Http.Requests.User.UpdateRequestTest" assertions="45" time="0.037978"/>
        <testcase name="test_return_laravel_rules" file="/app/vendor/gammamatrix/playground-admin-resource/tests/Unit/Http/Requests/User/UpdateRequestTest.php" line="85" class="Tests\Unit\Playground\Admin\Resource\Http\Requests\User\UpdateRequestTest" classname="Tests.Unit.Playground.Admin.Resource.Http.Requests.User.UpdateRequestTest" assertions="5" time="0.037766"/>
        <testcase name="test_prepare_for_validation_for_laravel" file="/app/vendor/gammamatrix/playground-admin-resource/tests/Unit/Http/Requests/User/UpdateRequestTest.php" line="109" class="Tests\Unit\Playground\Admin\Resource\Http\Requests\User\UpdateRequestTest" classname="Tests.Unit.Playground.Admin.Resource.Http.Requests.User.UpdateRequestTest" assertions="1" time="0.039441"/>
        <testcase name="test_prepare_for_validation_for_playground" file="/app/vendor/gammamatrix/playground-admin-resource/tests/Unit/Http/Requests/User/UpdateRequestTest.php" line="119" class="Tests\Unit\Playground\Admin\Resource\Http\Requests\User\UpdateRequestTest" classname="Tests.Unit.Playground.Admin.Resource.Http.Requests.User.UpdateRequestTest" assertions="1" time="0.039058"/>
        <testcase name="test_prepare_for_validation_parameters" file="/app/vendor/gammamatrix/playground-admin-resource/tests/Unit/Http/Requests/User/UpdateRequestTest.php" line="129" class="Tests\Unit\Playground\Admin\Resource\Http\Requests\User\UpdateRequestTest" classname="Tests.Unit.Playground.Admin.Resource.Http.Requests.User.UpdateRequestTest" assertions="9" time="0.040988"/>
      </testsuite>
      <testsuite name="Tests\Unit\Playground\Admin\Resource\Policies\SettingPolicy\PolicyTest" file="/app/vendor/gammamatrix/playground-admin-resource/tests/Unit/Policies/SettingPolicy/PolicyTest.php" tests="1" assertions="1" errors="0" failures="0" skipped="0" time="0.042961">
        <testcase name="test_policy_instance" file="/app/vendor/gammamatrix/playground-admin-resource/tests/Unit/Policies/SettingPolicy/PolicyTest.php" line="18" class="Tests\Unit\Playground\Admin\Resource\Policies\SettingPolicy\PolicyTest" classname="Tests.Unit.Playground.Admin.Resource.Policies.SettingPolicy.PolicyTest" assertions="1" time="0.042961"/>
      </testsuite>
      <testsuite name="Tests\Unit\Playground\Admin\Resource\ServiceProvider\InstanceTest" file="/app/vendor/gammamatrix/playground-admin-resource/tests/Unit/ServiceProvider/InstanceTest.php" tests="4" assertions="8" errors="0" failures="0" skipped="0" time="0.180096">
        <testcase name="test_version_matches" file="/app/vendor/gammamatrix/playground-admin-resource/tests/Unit/ServiceProvider/InstanceTest.php" line="21" class="Tests\Unit\Playground\Admin\Resource\ServiceProvider\InstanceTest" classname="Tests.Unit.Playground.Admin.Resource.ServiceProvider.InstanceTest" assertions="3" time="0.050388"/>
        <testcase name="test_set_policies_with_empty_array" file="/app/vendor/gammamatrix/playground-admin-resource/tests/Unit/ServiceProvider/InstanceTest.php" line="30" class="Tests\Unit\Playground\Admin\Resource\ServiceProvider\InstanceTest" classname="Tests.Unit.Playground.Admin.Resource.ServiceProvider.InstanceTest" assertions="1" time="0.038779"/>
        <testcase name="test_set_policies_with_invalid_model" file="/app/vendor/gammamatrix/playground-admin-resource/tests/Unit/ServiceProvider/InstanceTest.php" line="44" class="Tests\Unit\Playground\Admin\Resource\ServiceProvider\InstanceTest" classname="Tests.Unit.Playground.Admin.Resource.ServiceProvider.InstanceTest" assertions="2" time="0.037918"/>
        <testcase name="test_set_policies_with_invalid_policy" file="/app/vendor/gammamatrix/playground-admin-resource/tests/Unit/ServiceProvider/InstanceTest.php" line="73" class="Tests\Unit\Playground\Admin\Resource\ServiceProvider\InstanceTest" classname="Tests.Unit.Playground.Admin.Resource.ServiceProvider.InstanceTest" assertions="2" time="0.053011"/>
      </testsuite>
      <testsuite name="Tests\Unit\Playground\Cms\Models\Page\ModelTest" file="/app/vendor/gammamatrix/playground-cms/tests/Unit/Models/Page/ModelTest.php" tests="3" assertions="9" errors="0" failures="0" skipped="0" time="0.084087">
        <testcase name="test_model_instance" file="/app/vendor/gammamatrix/playground-test/src/Unit/Models/ModelCase.php" line="113" class="Tests\Unit\Playground\Cms\Models\Page\ModelTest" classname="Tests.Unit.Playground.Cms.Models.Page.ModelTest" assertions="1" time="0.026928"/>
        <testcase name="test_verify_model_relationships" file="/app/vendor/gammamatrix/playground-test/src/Unit/Models/ModelCase.php" line="294" class="Tests\Unit\Playground\Cms\Models\Page\ModelTest" classname="Tests.Unit.Playground.Cms.Models.Page.ModelTest" assertions="5" time="0.029895"/>
        <testcase name="test_model_factory_make" file="/app/vendor/gammamatrix/playground-test/src/Unit/Models/ModelCase.php" line="310" class="Tests\Unit\Playground\Cms\Models\Page\ModelTest" classname="Tests.Unit.Playground.Cms.Models.Page.ModelTest" assertions="3" time="0.027263"/>
      </testsuite>
      <testsuite name="Tests\Unit\Playground\Cms\Models\PageRevision\ModelTest" file="/app/vendor/gammamatrix/playground-cms/tests/Unit/Models/PageRevision/ModelTest.php" tests="3" assertions="9" errors="0" failures="0" skipped="0" time="0.082487">
        <testcase name="test_model_instance" file="/app/vendor/gammamatrix/playground-test/src/Unit/Models/ModelCase.php" line="113" class="Tests\Unit\Playground\Cms\Models\PageRevision\ModelTest" classname="Tests.Unit.Playground.Cms.Models.PageRevision.ModelTest" assertions="1" time="0.025235"/>
        <testcase name="test_verify_model_relationships" file="/app/vendor/gammamatrix/playground-test/src/Unit/Models/ModelCase.php" line="294" class="Tests\Unit\Playground\Cms\Models\PageRevision\ModelTest" classname="Tests.Unit.Playground.Cms.Models.PageRevision.ModelTest" assertions="5" time="0.029606"/>
        <testcase name="test_model_factory_make" file="/app/vendor/gammamatrix/playground-test/src/Unit/Models/ModelCase.php" line="310" class="Tests\Unit\Playground\Cms\Models\PageRevision\ModelTest" classname="Tests.Unit.Playground.Cms.Models.PageRevision.ModelTest" assertions="3" time="0.027646"/>
      </testsuite>
      <testsuite name="Tests\Unit\Playground\Cms\Models\Snippet\ModelTest" file="/app/vendor/gammamatrix/playground-cms/tests/Unit/Models/Snippet/ModelTest.php" tests="3" assertions="9" errors="0" failures="0" skipped="0" time="0.084365">
        <testcase name="test_model_instance" file="/app/vendor/gammamatrix/playground-test/src/Unit/Models/ModelCase.php" line="113" class="Tests\Unit\Playground\Cms\Models\Snippet\ModelTest" classname="Tests.Unit.Playground.Cms.Models.Snippet.ModelTest" assertions="1" time="0.026281"/>
        <testcase name="test_verify_model_relationships" file="/app/vendor/gammamatrix/playground-test/src/Unit/Models/ModelCase.php" line="294" class="Tests\Unit\Playground\Cms\Models\Snippet\ModelTest" classname="Tests.Unit.Playground.Cms.Models.Snippet.ModelTest" assertions="5" time="0.030195"/>
        <testcase name="test_model_factory_make" file="/app/vendor/gammamatrix/playground-test/src/Unit/Models/ModelCase.php" line="310" class="Tests\Unit\Playground\Cms\Models\Snippet\ModelTest" classname="Tests.Unit.Playground.Cms.Models.Snippet.ModelTest" assertions="3" time="0.027889"/>
      </testsuite>
      <testsuite name="Tests\Unit\Playground\Cms\Models\SnippetRevision\ModelTest" file="/app/vendor/gammamatrix/playground-cms/tests/Unit/Models/SnippetRevision/ModelTest.php" tests="3" assertions="9" errors="0" failures="0" skipped="0" time="0.081880">
        <testcase name="test_model_instance" file="/app/vendor/gammamatrix/playground-test/src/Unit/Models/ModelCase.php" line="113" class="Tests\Unit\Playground\Cms\Models\SnippetRevision\ModelTest" classname="Tests.Unit.Playground.Cms.Models.SnippetRevision.ModelTest" assertions="1" time="0.025891"/>
        <testcase name="test_verify_model_relationships" file="/app/vendor/gammamatrix/playground-test/src/Unit/Models/ModelCase.php" line="294" class="Tests\Unit\Playground\Cms\Models\SnippetRevision\ModelTest" classname="Tests.Unit.Playground.Cms.Models.SnippetRevision.ModelTest" assertions="5" time="0.028965"/>
        <testcase name="test_model_factory_make" file="/app/vendor/gammamatrix/playground-test/src/Unit/Models/ModelCase.php" line="310" class="Tests\Unit\Playground\Cms\Models\SnippetRevision\ModelTest" classname="Tests.Unit.Playground.Cms.Models.SnippetRevision.ModelTest" assertions="3" time="0.027024"/>
      </testsuite>
      <testsuite name="Tests\Unit\Playground\Cms\Resource\Http\Requests\FormRequest\InstanceTest" file="/app/vendor/gammamatrix/playground-cms-resource/tests/Unit/Http/Requests/FormRequest/InstanceTest.php" tests="5" assertions="6" errors="0" failures="0" skipped="0" time="0.207675">
        <testcase name="test_form_request_authorize_without_user" file="/app/vendor/gammamatrix/playground-cms-resource/tests/Unit/Http/Requests/FormRequest/InstanceTest.php" line="23" class="Tests\Unit\Playground\Cms\Resource\Http\Requests\FormRequest\InstanceTest" classname="Tests.Unit.Playground.Cms.Resource.Http.Requests.FormRequest.InstanceTest" assertions="1" time="0.045989"/>
        <testcase name="test_rule_s_is_empty_by_default" file="/app/vendor/gammamatrix/playground-cms-resource/tests/Unit/Http/Requests/FormRequest/InstanceTest.php" line="30" class="Tests\Unit\Playground\Cms\Resource\Http\Requests\FormRequest\InstanceTest" classname="Tests.Unit.Playground.Cms.Resource.Http.Requests.FormRequest.InstanceTest" assertions="2" time="0.038616"/>
        <testcase name="test_user_has_admin_privileges_without_user" file="/app/vendor/gammamatrix/playground-cms-resource/tests/Unit/Http/Requests/FormRequest/InstanceTest.php" line="38" class="Tests\Unit\Playground\Cms\Resource\Http\Requests\FormRequest\InstanceTest" classname="Tests.Unit.Playground.Cms.Resource.Http.Requests.FormRequest.InstanceTest" assertions="1" time="0.038394"/>
        <testcase name="test_user_has_admin_privileges_with_admin" file="/app/vendor/gammamatrix/playground-cms-resource/tests/Unit/Http/Requests/FormRequest/InstanceTest.php" line="45" class="Tests\Unit\Playground\Cms\Resource\Http\Requests\FormRequest\InstanceTest" classname="Tests.Unit.Playground.Cms.Resource.Http.Requests.FormRequest.InstanceTest" assertions="1" time="0.042255"/>
        <testcase name="test_user_has_admin_privileges_with_default_laravel_user" file="/app/vendor/gammamatrix/playground-cms-resource/tests/Unit/Http/Requests/FormRequest/InstanceTest.php" line="57" class="Tests\Unit\Playground\Cms\Resource\Http\Requests\FormRequest\InstanceTest" classname="Tests.Unit.Playground.Cms.Resource.Http.Requests.FormRequest.InstanceTest" assertions="1" time="0.042422"/>
      </testsuite>
      <testsuite name="Tests\Unit\Playground\Cms\Resource\Http\Requests\Page\CreateRequestTest" file="/app/vendor/gammamatrix/playground-cms-resource/tests/Unit/Http/Requests/Page/CreateRequestTest.php" tests="1" assertions="1" errors="0" failures="0" skipped="0" time="0.038817">
        <testcase name="test_request_instance" file="/app/vendor/gammamatrix/playground-test/src/Unit/Http/Requests/RequestCase.php" line="42" class="Tests\Unit\Playground\Cms\Resource\Http\Requests\Page\CreateRequestTest" classname="Tests.Unit.Playground.Cms.Resource.Http.Requests.Page.CreateRequestTest" assertions="1" time="0.038817"/>
      </testsuite>
      <testsuite name="Tests\Unit\Playground\Cms\Resource\Http\Requests\Page\DestroyRequestTest" file="/app/vendor/gammamatrix/playground-cms-resource/tests/Unit/Http/Requests/Page/DestroyRequestTest.php" tests="1" assertions="1" errors="0" failures="0" skipped="0" time="0.040472">
        <testcase name="test_request_instance" file="/app/vendor/gammamatrix/playground-test/src/Unit/Http/Requests/RequestCase.php" line="42" class="Tests\Unit\Playground\Cms\Resource\Http\Requests\Page\DestroyRequestTest" classname="Tests.Unit.Playground.Cms.Resource.Http.Requests.Page.DestroyRequestTest" assertions="1" time="0.040472"/>
      </testsuite>
      <testsuite name="Tests\Unit\Playground\Cms\Resource\Http\Requests\Page\EditRequestTest" file="/app/vendor/gammamatrix/playground-cms-resource/tests/Unit/Http/Requests/Page/EditRequestTest.php" tests="1" assertions="1" errors="0" failures="0" skipped="0" time="0.038526">
        <testcase name="test_request_instance" file="/app/vendor/gammamatrix/playground-test/src/Unit/Http/Requests/RequestCase.php" line="42" class="Tests\Unit\Playground\Cms\Resource\Http\Requests\Page\EditRequestTest" classname="Tests.Unit.Playground.Cms.Resource.Http.Requests.Page.EditRequestTest" assertions="1" time="0.038526"/>
      </testsuite>
      <testsuite name="Tests\Unit\Playground\Cms\Resource\Http\Requests\Page\IndexRequestTest" file="/app/vendor/gammamatrix/playground-cms-resource/tests/Unit/Http/Requests/Page/IndexRequestTest.php" tests="1" assertions="1" errors="0" failures="0" skipped="0" time="0.041423">
        <testcase name="test_request_instance" file="/app/vendor/gammamatrix/playground-test/src/Unit/Http/Requests/RequestCase.php" line="42" class="Tests\Unit\Playground\Cms\Resource\Http\Requests\Page\IndexRequestTest" classname="Tests.Unit.Playground.Cms.Resource.Http.Requests.Page.IndexRequestTest" assertions="1" time="0.041423"/>
      </testsuite>
      <testsuite name="Tests\Unit\Playground\Cms\Resource\Http\Requests\Page\LockRequestTest" file="/app/vendor/gammamatrix/playground-cms-resource/tests/Unit/Http/Requests/Page/LockRequestTest.php" tests="1" assertions="1" errors="0" failures="0" skipped="0" time="0.039068">
        <testcase name="test_request_instance" file="/app/vendor/gammamatrix/playground-test/src/Unit/Http/Requests/RequestCase.php" line="42" class="Tests\Unit\Playground\Cms\Resource\Http\Requests\Page\LockRequestTest" classname="Tests.Unit.Playground.Cms.Resource.Http.Requests.Page.LockRequestTest" assertions="1" time="0.039068"/>
      </testsuite>
      <testsuite name="Tests\Unit\Playground\Cms\Resource\Http\Requests\Page\RestoreRequestTest" file="/app/vendor/gammamatrix/playground-cms-resource/tests/Unit/Http/Requests/Page/RestoreRequestTest.php" tests="1" assertions="1" errors="0" failures="0" skipped="0" time="0.039201">
        <testcase name="test_request_instance" file="/app/vendor/gammamatrix/playground-test/src/Unit/Http/Requests/RequestCase.php" line="42" class="Tests\Unit\Playground\Cms\Resource\Http\Requests\Page\RestoreRequestTest" classname="Tests.Unit.Playground.Cms.Resource.Http.Requests.Page.RestoreRequestTest" assertions="1" time="0.039201"/>
      </testsuite>
      <testsuite name="Tests\Unit\Playground\Cms\Resource\Http\Requests\Page\ShowRequestTest" file="/app/vendor/gammamatrix/playground-cms-resource/tests/Unit/Http/Requests/Page/ShowRequestTest.php" tests="1" assertions="1" errors="0" failures="0" skipped="0" time="0.038807">
        <testcase name="test_request_instance" file="/app/vendor/gammamatrix/playground-test/src/Unit/Http/Requests/RequestCase.php" line="42" class="Tests\Unit\Playground\Cms\Resource\Http\Requests\Page\ShowRequestTest" classname="Tests.Unit.Playground.Cms.Resource.Http.Requests.Page.ShowRequestTest" assertions="1" time="0.038807"/>
      </testsuite>
      <testsuite name="Tests\Unit\Playground\Cms\Resource\Http\Requests\Page\StoreRequestTest" file="/app/vendor/gammamatrix/playground-cms-resource/tests/Unit/Http/Requests/Page/StoreRequestTest.php" tests="3" assertions="8" errors="0" failures="0" skipped="0" time="0.118303">
        <testcase name="test_request_instance" file="/app/vendor/gammamatrix/playground-test/src/Unit/Http/Requests/RequestCase.php" line="42" class="Tests\Unit\Playground\Cms\Resource\Http\Requests\Page\StoreRequestTest" classname="Tests.Unit.Playground.Cms.Resource.Http.Requests.Page.StoreRequestTest" assertions="1" time="0.039173"/>
        <testcase name="test_store_request_rules_with_optional_revisions_disabled" file="/app/vendor/gammamatrix/playground-cms-resource/tests/Unit/Http/Requests/Page/StoreRequestTest.php" line="21" class="Tests\Unit\Playground\Cms\Resource\Http\Requests\Page\StoreRequestTest" classname="Tests.Unit.Playground.Cms.Resource.Http.Requests.Page.StoreRequestTest" assertions="3" time="0.038957"/>
        <testcase name="test_store_request_rules_with_optional_revisions_enabled" file="/app/vendor/gammamatrix/playground-cms-resource/tests/Unit/Http/Requests/Page/StoreRequestTest.php" line="31" class="Tests\Unit\Playground\Cms\Resource\Http\Requests\Page\StoreRequestTest" classname="Tests.Unit.Playground.Cms.Resource.Http.Requests.Page.StoreRequestTest" assertions="4" time="0.040173"/>
      </testsuite>
      <testsuite name="Tests\Unit\Playground\Cms\Resource\Http\Requests\Page\UnlockRequestTest" file="/app/vendor/gammamatrix/playground-cms-resource/tests/Unit/Http/Requests/Page/UnlockRequestTest.php" tests="1" assertions="1" errors="0" failures="0" skipped="0" time="0.039212">
        <testcase name="test_request_instance" file="/app/vendor/gammamatrix/playground-test/src/Unit/Http/Requests/RequestCase.php" line="42" class="Tests\Unit\Playground\Cms\Resource\Http\Requests\Page\UnlockRequestTest" classname="Tests.Unit.Playground.Cms.Resource.Http.Requests.Page.UnlockRequestTest" assertions="1" time="0.039212"/>
      </testsuite>
      <testsuite name="Tests\Unit\Playground\Cms\Resource\Http\Requests\Page\UpdateRequestTest" file="/app/vendor/gammamatrix/playground-cms-resource/tests/Unit/Http/Requests/Page/UpdateRequestTest.php" tests="3" assertions="8" errors="0" failures="0" skipped="0" time="0.120656">
        <testcase name="test_request_instance" file="/app/vendor/gammamatrix/playground-test/src/Unit/Http/Requests/RequestCase.php" line="42" class="Tests\Unit\Playground\Cms\Resource\Http\Requests\Page\UpdateRequestTest" classname="Tests.Unit.Playground.Cms.Resource.Http.Requests.Page.UpdateRequestTest" assertions="1" time="0.041752"/>
        <testcase name="test_update_request_rules_with_optional_revisions_disabled" file="/app/vendor/gammamatrix/playground-cms-resource/tests/Unit/Http/Requests/Page/UpdateRequestTest.php" line="21" class="Tests\Unit\Playground\Cms\Resource\Http\Requests\Page\UpdateRequestTest" classname="Tests.Unit.Playground.Cms.Resource.Http.Requests.Page.UpdateRequestTest" assertions="3" time="0.039650"/>
        <testcase name="test_update_request_rules_with_optional_revisions_enabled" file="/app/vendor/gammamatrix/playground-cms-resource/tests/Unit/Http/Requests/Page/UpdateRequestTest.php" line="31" class="Tests\Unit\Playground\Cms\Resource\Http\Requests\Page\UpdateRequestTest" classname="Tests.Unit.Playground.Cms.Resource.Http.Requests.Page.UpdateRequestTest" assertions="4" time="0.039254"/>
      </testsuite>
      <testsuite name="Tests\Unit\Playground\Cms\Resource\Http\Requests\Snippet\CreateRequestTest" file="/app/vendor/gammamatrix/playground-cms-resource/tests/Unit/Http/Requests/Snippet/CreateRequestTest.php" tests="1" assertions="1" errors="0" failures="0" skipped="0" time="0.038397">
        <testcase name="test_request_instance" file="/app/vendor/gammamatrix/playground-test/src/Unit/Http/Requests/RequestCase.php" line="42" class="Tests\Unit\Playground\Cms\Resource\Http\Requests\Snippet\CreateRequestTest" classname="Tests.Unit.Playground.Cms.Resource.Http.Requests.Snippet.CreateRequestTest" assertions="1" time="0.038397"/>
      </testsuite>
      <testsuite name="Tests\Unit\Playground\Cms\Resource\Http\Requests\Snippet\DestroyRequestTest" file="/app/vendor/gammamatrix/playground-cms-resource/tests/Unit/Http/Requests/Snippet/DestroyRequestTest.php" tests="1" assertions="1" errors="0" failures="0" skipped="0" time="0.038135">
        <testcase name="test_request_instance" file="/app/vendor/gammamatrix/playground-test/src/Unit/Http/Requests/RequestCase.php" line="42" class="Tests\Unit\Playground\Cms\Resource\Http\Requests\Snippet\DestroyRequestTest" classname="Tests.Unit.Playground.Cms.Resource.Http.Requests.Snippet.DestroyRequestTest" assertions="1" time="0.038135"/>
      </testsuite>
      <testsuite name="Tests\Unit\Playground\Cms\Resource\Http\Requests\Snippet\EditRequestTest" file="/app/vendor/gammamatrix/playground-cms-resource/tests/Unit/Http/Requests/Snippet/EditRequestTest.php" tests="1" assertions="1" errors="0" failures="0" skipped="0" time="0.038206">
        <testcase name="test_request_instance" file="/app/vendor/gammamatrix/playground-test/src/Unit/Http/Requests/RequestCase.php" line="42" class="Tests\Unit\Playground\Cms\Resource\Http\Requests\Snippet\EditRequestTest" classname="Tests.Unit.Playground.Cms.Resource.Http.Requests.Snippet.EditRequestTest" assertions="1" time="0.038206"/>
      </testsuite>
      <testsuite name="Tests\Unit\Playground\Cms\Resource\Http\Requests\Snippet\IndexRequestTest" file="/app/vendor/gammamatrix/playground-cms-resource/tests/Unit/Http/Requests/Snippet/IndexRequestTest.php" tests="1" assertions="1" errors="0" failures="0" skipped="0" time="0.039561">
        <testcase name="test_request_instance" file="/app/vendor/gammamatrix/playground-test/src/Unit/Http/Requests/RequestCase.php" line="42" class="Tests\Unit\Playground\Cms\Resource\Http\Requests\Snippet\IndexRequestTest" classname="Tests.Unit.Playground.Cms.Resource.Http.Requests.Snippet.IndexRequestTest" assertions="1" time="0.039561"/>
      </testsuite>
      <testsuite name="Tests\Unit\Playground\Cms\Resource\Http\Requests\Snippet\LockRequestTest" file="/app/vendor/gammamatrix/playground-cms-resource/tests/Unit/Http/Requests/Snippet/LockRequestTest.php" tests="1" assertions="1" errors="0" failures="0" skipped="0" time="0.038570">
        <testcase name="test_request_instance" file="/app/vendor/gammamatrix/playground-test/src/Unit/Http/Requests/RequestCase.php" line="42" class="Tests\Unit\Playground\Cms\Resource\Http\Requests\Snippet\LockRequestTest" classname="Tests.Unit.Playground.Cms.Resource.Http.Requests.Snippet.LockRequestTest" assertions="1" time="0.038570"/>
      </testsuite>
      <testsuite name="Tests\Unit\Playground\Cms\Resource\Http\Requests\Snippet\RestoreRequestTest" file="/app/vendor/gammamatrix/playground-cms-resource/tests/Unit/Http/Requests/Snippet/RestoreRequestTest.php" tests="1" assertions="1" errors="0" failures="0" skipped="0" time="0.038559">
        <testcase name="test_request_instance" file="/app/vendor/gammamatrix/playground-test/src/Unit/Http/Requests/RequestCase.php" line="42" class="Tests\Unit\Playground\Cms\Resource\Http\Requests\Snippet\RestoreRequestTest" classname="Tests.Unit.Playground.Cms.Resource.Http.Requests.Snippet.RestoreRequestTest" assertions="1" time="0.038559"/>
      </testsuite>
      <testsuite name="Tests\Unit\Playground\Cms\Resource\Http\Requests\Snippet\ShowRequestTest" file="/app/vendor/gammamatrix/playground-cms-resource/tests/Unit/Http/Requests/Snippet/ShowRequestTest.php" tests="1" assertions="1" errors="0" failures="0" skipped="0" time="0.038187">
        <testcase name="test_request_instance" file="/app/vendor/gammamatrix/playground-test/src/Unit/Http/Requests/RequestCase.php" line="42" class="Tests\Unit\Playground\Cms\Resource\Http\Requests\Snippet\ShowRequestTest" classname="Tests.Unit.Playground.Cms.Resource.Http.Requests.Snippet.ShowRequestTest" assertions="1" time="0.038187"/>
      </testsuite>
      <testsuite name="Tests\Unit\Playground\Cms\Resource\Http\Requests\Snippet\StoreRequestTest" file="/app/vendor/gammamatrix/playground-cms-resource/tests/Unit/Http/Requests/Snippet/StoreRequestTest.php" tests="3" assertions="8" errors="0" failures="0" skipped="0" time="0.118071">
        <testcase name="test_request_instance" file="/app/vendor/gammamatrix/playground-test/src/Unit/Http/Requests/RequestCase.php" line="42" class="Tests\Unit\Playground\Cms\Resource\Http\Requests\Snippet\StoreRequestTest" classname="Tests.Unit.Playground.Cms.Resource.Http.Requests.Snippet.StoreRequestTest" assertions="1" time="0.040309"/>
        <testcase name="test_store_request_rules_with_optional_revisions_disabled" file="/app/vendor/gammamatrix/playground-cms-resource/tests/Unit/Http/Requests/Snippet/StoreRequestTest.php" line="21" class="Tests\Unit\Playground\Cms\Resource\Http\Requests\Snippet\StoreRequestTest" classname="Tests.Unit.Playground.Cms.Resource.Http.Requests.Snippet.StoreRequestTest" assertions="3" time="0.038559"/>
        <testcase name="test_store_request_rules_with_optional_revisions_enabled" file="/app/vendor/gammamatrix/playground-cms-resource/tests/Unit/Http/Requests/Snippet/StoreRequestTest.php" line="31" class="Tests\Unit\Playground\Cms\Resource\Http\Requests\Snippet\StoreRequestTest" classname="Tests.Unit.Playground.Cms.Resource.Http.Requests.Snippet.StoreRequestTest" assertions="4" time="0.039203"/>
      </testsuite>
      <testsuite name="Tests\Unit\Playground\Cms\Resource\Http\Requests\Snippet\UnlockRequestTest" file="/app/vendor/gammamatrix/playground-cms-resource/tests/Unit/Http/Requests/Snippet/UnlockRequestTest.php" tests="1" assertions="1" errors="0" failures="0" skipped="0" time="0.038540">
        <testcase name="test_request_instance" file="/app/vendor/gammamatrix/playground-test/src/Unit/Http/Requests/RequestCase.php" line="42" class="Tests\Unit\Playground\Cms\Resource\Http\Requests\Snippet\UnlockRequestTest" classname="Tests.Unit.Playground.Cms.Resource.Http.Requests.Snippet.UnlockRequestTest" assertions="1" time="0.038540"/>
      </testsuite>
      <testsuite name="Tests\Unit\Playground\Cms\Resource\Http\Requests\Snippet\UpdateRequestTest" file="/app/vendor/gammamatrix/playground-cms-resource/tests/Unit/Http/Requests/Snippet/UpdateRequestTest.php" tests="3" assertions="8" errors="0" failures="0" skipped="0" time="0.116370">
        <testcase name="test_request_instance" file="/app/vendor/gammamatrix/playground-test/src/Unit/Http/Requests/RequestCase.php" line="42" class="Tests\Unit\Playground\Cms\Resource\Http\Requests\Snippet\UpdateRequestTest" classname="Tests.Unit.Playground.Cms.Resource.Http.Requests.Snippet.UpdateRequestTest" assertions="1" time="0.038800"/>
        <testcase name="test_update_request_rules_with_optional_revisions_disabled" file="/app/vendor/gammamatrix/playground-cms-resource/tests/Unit/Http/Requests/Snippet/UpdateRequestTest.php" line="21" class="Tests\Unit\Playground\Cms\Resource\Http\Requests\Snippet\UpdateRequestTest" classname="Tests.Unit.Playground.Cms.Resource.Http.Requests.Snippet.UpdateRequestTest" assertions="3" time="0.038775"/>
        <testcase name="test_update_request_rules_with_optional_revisions_enabled" file="/app/vendor/gammamatrix/playground-cms-resource/tests/Unit/Http/Requests/Snippet/UpdateRequestTest.php" line="31" class="Tests\Unit\Playground\Cms\Resource\Http\Requests\Snippet\UpdateRequestTest" classname="Tests.Unit.Playground.Cms.Resource.Http.Requests.Snippet.UpdateRequestTest" assertions="4" time="0.038795"/>
      </testsuite>
      <testsuite name="Tests\Unit\Playground\Cms\Resource\Policies\PagePolicy\PolicyTest" file="/app/vendor/gammamatrix/playground-cms-resource/tests/Unit/Policies/PagePolicy/PolicyTest.php" tests="1" assertions="1" errors="0" failures="0" skipped="0" time="0.037683">
        <testcase name="test_policy_instance" file="/app/vendor/gammamatrix/playground-cms-resource/tests/Unit/Policies/PagePolicy/PolicyTest.php" line="21" class="Tests\Unit\Playground\Cms\Resource\Policies\PagePolicy\PolicyTest" classname="Tests.Unit.Playground.Cms.Resource.Policies.PagePolicy.PolicyTest" assertions="1" time="0.037683"/>
      </testsuite>
      <testsuite name="Tests\Unit\Playground\Cms\Resource\Policies\SnippetPolicy\PolicyTest" file="/app/vendor/gammamatrix/playground-cms-resource/tests/Unit/Policies/SnippetPolicy/PolicyTest.php" tests="1" assertions="1" errors="0" failures="0" skipped="0" time="0.037566">
        <testcase name="test_policy_instance" file="/app/vendor/gammamatrix/playground-cms-resource/tests/Unit/Policies/SnippetPolicy/PolicyTest.php" line="21" class="Tests\Unit\Playground\Cms\Resource\Policies\SnippetPolicy\PolicyTest" classname="Tests.Unit.Playground.Cms.Resource.Policies.SnippetPolicy.PolicyTest" assertions="1" time="0.037566"/>
      </testsuite>
      <testsuite name="Tests\Unit\Playground\Cms\Resource\ServiceProvider\InstanceTest" file="/app/vendor/gammamatrix/playground-cms-resource/tests/Unit/ServiceProvider/InstanceTest.php" tests="4" assertions="8" errors="0" failures="0" skipped="0" time="0.155667">
        <testcase name="test_version_matches" file="/app/vendor/gammamatrix/playground-cms-resource/tests/Unit/ServiceProvider/InstanceTest.php" line="22" class="Tests\Unit\Playground\Cms\Resource\ServiceProvider\InstanceTest" classname="Tests.Unit.Playground.Cms.Resource.ServiceProvider.InstanceTest" assertions="3" time="0.037986"/>
        <testcase name="test_set_policies_with_empty_array" file="/app/vendor/gammamatrix/playground-cms-resource/tests/Unit/ServiceProvider/InstanceTest.php" line="32" class="Tests\Unit\Playground\Cms\Resource\ServiceProvider\InstanceTest" classname="Tests.Unit.Playground.Cms.Resource.ServiceProvider.InstanceTest" assertions="1" time="0.040054"/>
        <testcase name="test_set_policies_with_invalid_model" file="/app/vendor/gammamatrix/playground-cms-resource/tests/Unit/ServiceProvider/InstanceTest.php" line="46" class="Tests\Unit\Playground\Cms\Resource\ServiceProvider\InstanceTest" classname="Tests.Unit.Playground.Cms.Resource.ServiceProvider.InstanceTest" assertions="2" time="0.038682"/>
        <testcase name="test_set_policies_with_invalid_policy" file="/app/vendor/gammamatrix/playground-cms-resource/tests/Unit/ServiceProvider/InstanceTest.php" line="77" class="Tests\Unit\Playground\Cms\Resource\ServiceProvider\InstanceTest" classname="Tests.Unit.Playground.Cms.Resource.ServiceProvider.InstanceTest" assertions="2" time="0.038946"/>
      </testsuite>
      <testsuite name="Tests\Unit\Playground\Http\Requests\Concerns\StoreContent\TraitTest" file="/app/vendor/gammamatrix/playground-http/tests/Unit/Requests/Concerns/StoreContent/TraitTest.php" tests="5" assertions="5" errors="0" failures="0" skipped="0" time="0.142962">
        <testcase name="test_purify" file="/app/vendor/gammamatrix/playground-http/tests/Unit/Requests/Concerns/StoreContent/TraitTest.php" line="18" class="Tests\Unit\Playground\Http\Requests\Concerns\StoreContent\TraitTest" classname="Tests.Unit.Playground.Http.Requests.Concerns.StoreContent.TraitTest" assertions="1" time="0.046732"/>
        <testcase name="test_exorcise" file="/app/vendor/gammamatrix/playground-http/tests/Unit/Requests/Concerns/StoreContent/TraitTest.php" line="27" class="Tests\Unit\Playground\Http\Requests\Concerns\StoreContent\TraitTest" classname="Tests.Unit.Playground.Http.Requests.Concerns.StoreContent.TraitTest" assertions="1" time="0.023877"/>
        <testcase name="test_get_html_purifier" file="/app/vendor/gammamatrix/playground-http/tests/Unit/Requests/Concerns/StoreContent/TraitTest.php" line="36" class="Tests\Unit\Playground\Http\Requests\Concerns\StoreContent\TraitTest" classname="Tests.Unit.Playground.Http.Requests.Concerns.StoreContent.TraitTest" assertions="1" time="0.023821"/>
        <testcase name="test_get_html_purifier_with_iframes" file="/app/vendor/gammamatrix/playground-http/tests/Unit/Requests/Concerns/StoreContent/TraitTest.php" line="47" class="Tests\Unit\Playground\Http\Requests\Concerns\StoreContent\TraitTest" classname="Tests.Unit.Playground.Http.Requests.Concerns.StoreContent.TraitTest" assertions="1" time="0.024195"/>
        <testcase name="test_get_html_purifier_with_purifier_path" file="/app/vendor/gammamatrix/playground-http/tests/Unit/Requests/Concerns/StoreContent/TraitTest.php" line="60" class="Tests\Unit\Playground\Http\Requests\Concerns\StoreContent\TraitTest" classname="Tests.Unit.Playground.Http.Requests.Concerns.StoreContent.TraitTest" assertions="1" time="0.024336"/>
      </testsuite>
      <testsuite name="Tests\Unit\Playground\Http\Requests\Concerns\StoreFilter\ArrayTraitTest" file="/app/vendor/gammamatrix/playground-http/tests/Unit/Requests/Concerns/StoreFilter/ArrayTraitTest.php" tests="2" assertions="12" errors="0" failures="0" skipped="0" time="0.046927">
        <testcase name="test_filter_array" file="/app/vendor/gammamatrix/playground-http/tests/Unit/Requests/Concerns/StoreFilter/ArrayTraitTest.php" line="26" class="Tests\Unit\Playground\Http\Requests\Concerns\StoreFilter\ArrayTraitTest" classname="Tests.Unit.Playground.Http.Requests.Concerns.StoreFilter.ArrayTraitTest" assertions="6" time="0.023242"/>
        <testcase name="test_filter_array_to_json" file="/app/vendor/gammamatrix/playground-http/tests/Unit/Requests/Concerns/StoreFilter/ArrayTraitTest.php" line="66" class="Tests\Unit\Playground\Http\Requests\Concerns\StoreFilter\ArrayTraitTest" classname="Tests.Unit.Playground.Http.Requests.Concerns.StoreFilter.ArrayTraitTest" assertions="6" time="0.023685"/>
      </testsuite>
      <testsuite name="Tests\Unit\Playground\Http\Requests\Concerns\StoreFilter\BitsTraitTest" file="/app/vendor/gammamatrix/playground-http/tests/Unit/Requests/Concerns/StoreFilter/BitsTraitTest.php" tests="2" assertions="7" errors="0" failures="0" skipped="0" time="0.047427">
        <testcase name="test_filter_bits_for_exponent_zero" file="/app/vendor/gammamatrix/playground-http/tests/Unit/Requests/Concerns/StoreFilter/BitsTraitTest.php" line="26" class="Tests\Unit\Playground\Http\Requests\Concerns\StoreFilter\BitsTraitTest" classname="Tests.Unit.Playground.Http.Requests.Concerns.StoreFilter.BitsTraitTest" assertions="2" time="0.023117"/>
        <testcase name="test_filter_bits_for_exponent_greater_than_zero" file="/app/vendor/gammamatrix/playground-http/tests/Unit/Requests/Concerns/StoreFilter/BitsTraitTest.php" line="42" class="Tests\Unit\Playground\Http\Requests\Concerns\StoreFilter\BitsTraitTest" classname="Tests.Unit.Playground.Http.Requests.Concerns.StoreFilter.BitsTraitTest" assertions="5" time="0.024310"/>
      </testsuite>
      <testsuite name="Tests\Unit\Playground\Http\Requests\Concerns\StoreFilter\DateTraitTest" file="/app/vendor/gammamatrix/playground-http/tests/Unit/Requests/Concerns/StoreFilter/DateTraitTest.php" tests="2" assertions="5" errors="0" failures="0" skipped="0" time="0.047058">
        <testcase name="test_filter_date" file="/app/vendor/gammamatrix/playground-http/tests/Unit/Requests/Concerns/StoreFilter/DateTraitTest.php" line="36" class="Tests\Unit\Playground\Http\Requests\Concerns\StoreFilter\DateTraitTest" classname="Tests.Unit.Playground.Http.Requests.Concerns.StoreFilter.DateTraitTest" assertions="2" time="0.023415"/>
        <testcase name="test_filter_date_as_carbon" file="/app/vendor/gammamatrix/playground-http/tests/Unit/Requests/Concerns/StoreFilter/DateTraitTest.php" line="59" class="Tests\Unit\Playground\Http\Requests\Concerns\StoreFilter\DateTraitTest" classname="Tests.Unit.Playground.Http.Requests.Concerns.StoreFilter.DateTraitTest" assertions="3" time="0.023643"/>
      </testsuite>
      <testsuite name="Tests\Unit\Playground\Http\Requests\Concerns\StoreFilter\NumberTraitTest" file="/app/vendor/gammamatrix/playground-http/tests/Unit/Requests/Concerns/StoreFilter/NumberTraitTest.php" tests="5" assertions="55" errors="0" failures="0" skipped="0" time="0.121791">
        <testcase name="test_filter_float" file="/app/vendor/gammamatrix/playground-http/tests/Unit/Requests/Concerns/StoreFilter/NumberTraitTest.php" line="26" class="Tests\Unit\Playground\Http\Requests\Concerns\StoreFilter\NumberTraitTest" classname="Tests.Unit.Playground.Http.Requests.Concerns.StoreFilter.NumberTraitTest" assertions="4" time="0.022864"/>
        <testcase name="test_filter_integer" file="/app/vendor/gammamatrix/playground-http/tests/Unit/Requests/Concerns/StoreFilter/NumberTraitTest.php" line="42" class="Tests\Unit\Playground\Http\Requests\Concerns\StoreFilter\NumberTraitTest" classname="Tests.Unit.Playground.Http.Requests.Concerns.StoreFilter.NumberTraitTest" assertions="6" time="0.023681"/>
        <testcase name="test_filter_integer_id" file="/app/vendor/gammamatrix/playground-http/tests/Unit/Requests/Concerns/StoreFilter/NumberTraitTest.php" line="63" class="Tests\Unit\Playground\Http\Requests\Concerns\StoreFilter\NumberTraitTest" classname="Tests.Unit.Playground.Http.Requests.Concerns.StoreFilter.NumberTraitTest" assertions="12" time="0.024569"/>
        <testcase name="test_filter_integer_positive" file="/app/vendor/gammamatrix/playground-http/tests/Unit/Requests/Concerns/StoreFilter/NumberTraitTest.php" line="87" class="Tests\Unit\Playground\Http\Requests\Concerns\StoreFilter\NumberTraitTest" classname="Tests.Unit.Playground.Http.Requests.Concerns.StoreFilter.NumberTraitTest" assertions="27" time="0.024580"/>
        <testcase name="test_filter_percent" file="/app/vendor/gammamatrix/playground-http/tests/Unit/Requests/Concerns/StoreFilter/NumberTraitTest.php" line="132" class="Tests\Unit\Playground\Http\Requests\Concerns\StoreFilter\NumberTraitTest" classname="Tests.Unit.Playground.Http.Requests.Concerns.StoreFilter.NumberTraitTest" assertions="6" time="0.026097"/>
      </testsuite>
      <testsuite name="Tests\Unit\Playground\Http\Requests\Concerns\StoreFilter\PhoneTraitTest" file="/app/vendor/gammamatrix/playground-http/tests/Unit/Requests/Concerns/StoreFilter/PhoneTraitTest.php" tests="1" assertions="4" errors="0" failures="0" skipped="0" time="0.023227">
        <testcase name="test_filter_phone" file="/app/vendor/gammamatrix/playground-http/tests/Unit/Requests/Concerns/StoreFilter/PhoneTraitTest.php" line="26" class="Tests\Unit\Playground\Http\Requests\Concerns\StoreFilter\PhoneTraitTest" classname="Tests.Unit.Playground.Http.Requests.Concerns.StoreFilter.PhoneTraitTest" assertions="4" time="0.023227"/>
      </testsuite>
      <testsuite name="Tests\Unit\Playground\Http\Requests\Concerns\StoreFilter\StatusTraitTest" file="/app/vendor/gammamatrix/playground-http/tests/Unit/Requests/Concerns/StoreFilter/StatusTraitTest.php" tests="5" assertions="5" errors="0" failures="0" skipped="0" time="0.119217">
        <testcase name="test_filter_status_with_empty_input" file="/app/vendor/gammamatrix/playground-http/tests/Unit/Requests/Concerns/StoreFilter/StatusTraitTest.php" line="49" class="Tests\Unit\Playground\Http\Requests\Concerns\StoreFilter\StatusTraitTest" classname="Tests.Unit.Playground.Http.Requests.Concerns.StoreFilter.StatusTraitTest" assertions="1" time="0.023060"/>
        <testcase name="test_filter_status_with_integer" file="/app/vendor/gammamatrix/playground-http/tests/Unit/Requests/Concerns/StoreFilter/StatusTraitTest.php" line="62" class="Tests\Unit\Playground\Http\Requests\Concerns\StoreFilter\StatusTraitTest" classname="Tests.Unit.Playground.Http.Requests.Concerns.StoreFilter.StatusTraitTest" assertions="1" time="0.023866"/>
        <testcase name="test_filter_status_with_integer_as_string" file="/app/vendor/gammamatrix/playground-http/tests/Unit/Requests/Concerns/StoreFilter/StatusTraitTest.php" line="75" class="Tests\Unit\Playground\Http\Requests\Concerns\StoreFilter\StatusTraitTest" classname="Tests.Unit.Playground.Http.Requests.Concerns.StoreFilter.StatusTraitTest" assertions="1" time="0.023908"/>
        <testcase name="test_filter_status_with_integer_as_negative_float" file="/app/vendor/gammamatrix/playground-http/tests/Unit/Requests/Concerns/StoreFilter/StatusTraitTest.php" line="88" class="Tests\Unit\Playground\Http\Requests\Concerns\StoreFilter\StatusTraitTest" classname="Tests.Unit.Playground.Http.Requests.Concerns.StoreFilter.StatusTraitTest" assertions="1" time="0.023982"/>
        <testcase name="test_filter_status_with_map" file="/app/vendor/gammamatrix/playground-http/tests/Unit/Requests/Concerns/StoreFilter/StatusTraitTest.php" line="101" class="Tests\Unit\Playground\Http\Requests\Concerns\StoreFilter\StatusTraitTest" classname="Tests.Unit.Playground.Http.Requests.Concerns.StoreFilter.StatusTraitTest" assertions="1" time="0.024401"/>
      </testsuite>
      <testsuite name="Tests\Unit\Playground\Http\Requests\Concerns\StoreFilter\SystemFieldsTraitTest" file="/app/vendor/gammamatrix/playground-http/tests/Unit/Requests/Concerns/StoreFilter/SystemFieldsTraitTest.php" tests="6" assertions="10" errors="0" failures="0" skipped="0" time="0.152603">
        <testcase name="test_filter_system_fields_with_empty_input" file="/app/vendor/gammamatrix/playground-http/tests/Unit/Requests/Concerns/StoreFilter/SystemFieldsTraitTest.php" line="50" class="Tests\Unit\Playground\Http\Requests\Concerns\StoreFilter\SystemFieldsTraitTest" classname="Tests.Unit.Playground.Http.Requests.Concerns.StoreFilter.SystemFieldsTraitTest" assertions="1" time="0.023041"/>
        <testcase name="test_filter_system_fields_for_groups" file="/app/vendor/gammamatrix/playground-http/tests/Unit/Requests/Concerns/StoreFilter/SystemFieldsTraitTest.php" line="63" class="Tests\Unit\Playground\Http\Requests\Concerns\StoreFilter\SystemFieldsTraitTest" classname="Tests.Unit.Playground.Http.Requests.Concerns.StoreFilter.SystemFieldsTraitTest" assertions="1" time="0.023446"/>
        <testcase name="test_filter_system_fields_for_valid_permissions" file="/app/vendor/gammamatrix/playground-http/tests/Unit/Requests/Concerns/StoreFilter/SystemFieldsTraitTest.php" line="77" class="Tests\Unit\Playground\Http\Requests\Concerns\StoreFilter\SystemFieldsTraitTest" classname="Tests.Unit.Playground.Http.Requests.Concerns.StoreFilter.SystemFieldsTraitTest" assertions="1" time="0.023791"/>
        <testcase name="test_filter_system_fields_for_invalid_permissions" file="/app/vendor/gammamatrix/playground-http/tests/Unit/Requests/Concerns/StoreFilter/SystemFieldsTraitTest.php" line="101" class="Tests\Unit\Playground\Http\Requests\Concerns\StoreFilter\SystemFieldsTraitTest" classname="Tests.Unit.Playground.Http.Requests.Concerns.StoreFilter.SystemFieldsTraitTest" assertions="1" time="0.031916"/>
        <testcase name="test_filter_system_fields_for_rank" file="/app/vendor/gammamatrix/playground-http/tests/Unit/Requests/Concerns/StoreFilter/SystemFieldsTraitTest.php" line="124" class="Tests\Unit\Playground\Http\Requests\Concerns\StoreFilter\SystemFieldsTraitTest" classname="Tests.Unit.Playground.Http.Requests.Concerns.StoreFilter.SystemFieldsTraitTest" assertions="3" time="0.025297"/>
        <testcase name="test_filter_system_fields_for_size" file="/app/vendor/gammamatrix/playground-http/tests/Unit/Requests/Concerns/StoreFilter/SystemFieldsTraitTest.php" line="147" class="Tests\Unit\Playground\Http\Requests\Concerns\StoreFilter\SystemFieldsTraitTest" classname="Tests.Unit.Playground.Http.Requests.Concerns.StoreFilter.SystemFieldsTraitTest" assertions="3" time="0.025111"/>
      </testsuite>
      <testsuite name="Tests\Unit\Playground\Http\Requests\Concerns\StoreFilter\UuidTraitTest" file="/app/vendor/gammamatrix/playground-http/tests/Unit/Requests/Concerns/StoreFilter/UuidTraitTest.php" tests="1" assertions="2" errors="0" failures="0" skipped="0" time="0.024091">
        <testcase name="test_filter_uuid" file="/app/vendor/gammamatrix/playground-http/tests/Unit/Requests/Concerns/StoreFilter/UuidTraitTest.php" line="25" class="Tests\Unit\Playground\Http\Requests\Concerns\StoreFilter\UuidTraitTest" classname="Tests.Unit.Playground.Http.Requests.Concerns.StoreFilter.UuidTraitTest" assertions="2" time="0.024091"/>
      </testsuite>
      <testsuite name="Tests\Unit\Playground\Http\Requests\Concerns\StoreFilter\ValueTraitTest" file="/app/vendor/gammamatrix/playground-http/tests/Unit/Requests/Concerns/StoreFilter/ValueTraitTest.php" tests="3" assertions="20" errors="0" failures="0" skipped="0" time="0.071670">
        <testcase name="test_filter_boolean" file="/app/vendor/gammamatrix/playground-http/tests/Unit/Requests/Concerns/StoreFilter/ValueTraitTest.php" line="28" class="Tests\Unit\Playground\Http\Requests\Concerns\StoreFilter\ValueTraitTest" classname="Tests.Unit.Playground.Http.Requests.Concerns.StoreFilter.ValueTraitTest" assertions="12" time="0.022950"/>
        <testcase name="test_filter_email" file="/app/vendor/gammamatrix/playground-http/tests/Unit/Requests/Concerns/StoreFilter/ValueTraitTest.php" line="74" class="Tests\Unit\Playground\Http\Requests\Concerns\StoreFilter\ValueTraitTest" classname="Tests.Unit.Playground.Http.Requests.Concerns.StoreFilter.ValueTraitTest" assertions="6" time="0.024328"/>
        <testcase name="test_filter_html" file="/app/vendor/gammamatrix/playground-http/tests/Unit/Requests/Concerns/StoreFilter/ValueTraitTest.php" line="102" class="Tests\Unit\Playground\Http\Requests\Concerns\StoreFilter\ValueTraitTest" classname="Tests.Unit.Playground.Http.Requests.Concerns.StoreFilter.ValueTraitTest" assertions="2" time="0.024393"/>
      </testsuite>
      <testsuite name="Tests\Unit\Playground\Test\Models\Demo\ModelTest" file="/app/vendor/gammamatrix/playground-test/tests/Unit/Models/Demo/ModelTest.php" tests="3" assertions="9" errors="0" failures="0" skipped="0" time="0.138641">
        <testcase name="test_model_instance" file="/app/vendor/gammamatrix/playground-test/src/Unit/Models/ModelCase.php" line="113" class="Tests\Unit\Playground\Test\Models\Demo\ModelTest" classname="Tests.Unit.Playground.Test.Models.Demo.ModelTest" assertions="1" time="0.052114"/>
        <testcase name="test_verify_model_relationships" file="/app/vendor/gammamatrix/playground-test/src/Unit/Models/ModelCase.php" line="294" class="Tests\Unit\Playground\Test\Models\Demo\ModelTest" classname="Tests.Unit.Playground.Test.Models.Demo.ModelTest" assertions="5" time="0.044387"/>
        <testcase name="test_model_factory_make" file="/app/vendor/gammamatrix/playground-test/src/Unit/Models/ModelCase.php" line="310" class="Tests\Unit\Playground\Test\Models\Demo\ModelTest" classname="Tests.Unit.Playground.Test.Models.Demo.ModelTest" assertions="3" time="0.042141"/>
      </testsuite>
      <testsuite name="Tests\Unit\Playground\Test\Models\ModelCase\ModelTest" file="/app/vendor/gammamatrix/playground-test/tests/Unit/Models/ModelCase/ModelTest.php" tests="3" assertions="9" errors="0" failures="0" skipped="0" time="0.073999">
        <testcase name="test_model_instance" file="/app/vendor/gammamatrix/playground-test/src/Unit/Models/ModelCase.php" line="113" class="Tests\Unit\Playground\Test\Models\ModelCase\ModelTest" classname="Tests.Unit.Playground.Test.Models.ModelCase.ModelTest" assertions="1" time="0.023625"/>
        <testcase name="test_verify_model_relationships" file="/app/vendor/gammamatrix/playground-test/src/Unit/Models/ModelCase.php" line="294" class="Tests\Unit\Playground\Test\Models\ModelCase\ModelTest" classname="Tests.Unit.Playground.Test.Models.ModelCase.ModelTest" assertions="5" time="0.022482"/>
        <testcase name="test_model_factory_make" file="/app/vendor/gammamatrix/playground-test/src/Unit/Models/ModelCase.php" line="310" class="Tests\Unit\Playground\Test\Models\ModelCase\ModelTest" classname="Tests.Unit.Playground.Test.Models.ModelCase.ModelTest" assertions="3" time="0.027893"/>
      </testsuite>
      <testsuite name="Tests\Unit\Playground\Test\Models\User\ModelTest" file="/app/vendor/gammamatrix/playground-test/tests/Unit/Models/User/ModelTest.php" tests="3" assertions="5" errors="0" failures="0" skipped="0" time="0.078912">
        <testcase name="test_get_attributes" file="/app/vendor/gammamatrix/playground-test/tests/Unit/Models/User/ModelTest.php" line="25" class="Tests\Unit\Playground\Test\Models\User\ModelTest" classname="Tests.Unit.Playground.Test.Models.User.ModelTest" assertions="2" time="0.026193"/>
        <testcase name="test_get_attributes_filled" file="/app/vendor/gammamatrix/playground-test/tests/Unit/Models/User/ModelTest.php" line="46" class="Tests\Unit\Playground\Test\Models\User\ModelTest" classname="Tests.Unit.Playground.Test.Models.User.ModelTest" assertions="2" time="0.025507"/>
        <testcase name="test_factory_with_make" file="/app/vendor/gammamatrix/playground-test/tests/Unit/Models/User/ModelTest.php" line="70" class="Tests\Unit\Playground\Test\Models\User\ModelTest" classname="Tests.Unit.Playground.Test.Models.User.ModelTest" assertions="1" time="0.027213"/>
      </testsuite>
      <testsuite name="Tests\Unit\Playground\Test\Models\UserWithRole\ModelTest" file="/app/vendor/gammamatrix/playground-test/tests/Unit/Models/UserWithRole/ModelTest.php" tests="5" assertions="9" errors="0" failures="0" skipped="0" time="0.129983">
        <testcase name="test_get_attributes" file="/app/vendor/gammamatrix/playground-test/tests/Unit/Models/UserWithRole/ModelTest.php" line="28" class="Tests\Unit\Playground\Test\Models\UserWithRole\ModelTest" classname="Tests.Unit.Playground.Test.Models.UserWithRole.ModelTest" assertions="2" time="0.026973"/>
        <testcase name="test_has_role_is_false_without_role" file="/app/vendor/gammamatrix/playground-test/tests/Unit/Models/UserWithRole/ModelTest.php" line="50" class="Tests\Unit\Playground\Test\Models\UserWithRole\ModelTest" classname="Tests.Unit.Playground.Test.Models.UserWithRole.ModelTest" assertions="1" time="0.025265"/>
        <testcase name="test_has_role_is_true_with_matching_role" file="/app/vendor/gammamatrix/playground-test/tests/Unit/Models/UserWithRole/ModelTest.php" line="64" class="Tests\Unit\Playground\Test\Models\UserWithRole\ModelTest" classname="Tests.Unit.Playground.Test.Models.UserWithRole.ModelTest" assertions="1" time="0.025811"/>
        <testcase name="test_has_role_is_true_with_array_of_roles" file="/app/vendor/gammamatrix/playground-test/tests/Unit/Models/UserWithRole/ModelTest.php" line="80" class="Tests\Unit\Playground\Test\Models\UserWithRole\ModelTest" classname="Tests.Unit.Playground.Test.Models.UserWithRole.ModelTest" assertions="4" time="0.025958"/>
        <testcase name="test_is_admin_is_true_with_admin_role" file="/app/vendor/gammamatrix/playground-test/tests/Unit/Models/UserWithRole/ModelTest.php" line="99" class="Tests\Unit\Playground\Test\Models\UserWithRole\ModelTest" classname="Tests.Unit.Playground.Test.Models.UserWithRole.ModelTest" assertions="1" time="0.025977"/>
      </testsuite>
      <testsuite name="Tests\Unit\Playground\Test\Models\UserWithRoleAndPrivileges\ModelTest" file="/app/vendor/gammamatrix/playground-test/tests/Unit/Models/UserWithRoleAndPrivileges/ModelTest.php" tests="5" assertions="7" errors="0" failures="0" skipped="0" time="0.130778">
        <testcase name="test_get_attributes" file="/app/vendor/gammamatrix/playground-test/tests/Unit/Models/UserWithRoleAndPrivileges/ModelTest.php" line="25" class="Tests\Unit\Playground\Test\Models\UserWithRoleAndPrivileges\ModelTest" classname="Tests.Unit.Playground.Test.Models.UserWithRoleAndPrivileges.ModelTest" assertions="2" time="0.025064"/>
        <testcase name="test_has_privilege_is_false_without_privilege" file="/app/vendor/gammamatrix/playground-test/tests/Unit/Models/UserWithRoleAndPrivileges/ModelTest.php" line="49" class="Tests\Unit\Playground\Test\Models\UserWithRoleAndPrivileges\ModelTest" classname="Tests.Unit.Playground.Test.Models.UserWithRoleAndPrivileges.ModelTest" assertions="1" time="0.025145"/>
        <testcase name="test_has_privilege_is_false_with_wrong_privilege" file="/app/vendor/gammamatrix/playground-test/tests/Unit/Models/UserWithRoleAndPrivileges/ModelTest.php" line="63" class="Tests\Unit\Playground\Test\Models\UserWithRoleAndPrivileges\ModelTest" classname="Tests.Unit.Playground.Test.Models.UserWithRoleAndPrivileges.ModelTest" assertions="1" time="0.025882"/>
        <testcase name="test_has_privilege_is_true_with_correct_privilege" file="/app/vendor/gammamatrix/playground-test/tests/Unit/Models/UserWithRoleAndPrivileges/ModelTest.php" line="81" class="Tests\Unit\Playground\Test\Models\UserWithRoleAndPrivileges\ModelTest" classname="Tests.Unit.Playground.Test.Models.UserWithRoleAndPrivileges.ModelTest" assertions="2" time="0.025920"/>
        <testcase name="test_factory_with_make" file="/app/vendor/gammamatrix/playground-test/tests/Unit/Models/UserWithRoleAndPrivileges/ModelTest.php" line="102" class="Tests\Unit\Playground\Test\Models\UserWithRoleAndPrivileges\ModelTest" classname="Tests.Unit.Playground.Test.Models.UserWithRoleAndPrivileges.ModelTest" assertions="1" time="0.028767"/>
      </testsuite>
      <testsuite name="Tests\Unit\Playground\Test\Models\UserWithRoleAndRoles\ModelTest" file="/app/vendor/gammamatrix/playground-test/tests/Unit/Models/UserWithRoleAndRoles/ModelTest.php" tests="11" assertions="15" errors="0" failures="0" skipped="0" time="0.304840">
        <testcase name="test_get_attributes" file="/app/vendor/gammamatrix/playground-test/tests/Unit/Models/UserWithRoleAndRoles/ModelTest.php" line="28" class="Tests\Unit\Playground\Test\Models\UserWithRoleAndRoles\ModelTest" classname="Tests.Unit.Playground.Test.Models.UserWithRoleAndRoles.ModelTest" assertions="2" time="0.025063"/>
        <testcase name="test_has_role_is_false_without_role" file="/app/vendor/gammamatrix/playground-test/tests/Unit/Models/UserWithRoleAndRoles/ModelTest.php" line="51" class="Tests\Unit\Playground\Test\Models\UserWithRoleAndRoles\ModelTest" classname="Tests.Unit.Playground.Test.Models.UserWithRoleAndRoles.ModelTest" assertions="1" time="0.025664"/>
        <testcase name="test_has_role_is_true_with_matching_role" file="/app/vendor/gammamatrix/playground-test/tests/Unit/Models/UserWithRoleAndRoles/ModelTest.php" line="65" class="Tests\Unit\Playground\Test\Models\UserWithRoleAndRoles\ModelTest" classname="Tests.Unit.Playground.Test.Models.UserWithRoleAndRoles.ModelTest" assertions="1" time="0.028181"/>
        <testcase name="test_has_role_is_true_with_matching_secondary_role" file="/app/vendor/gammamatrix/playground-test/tests/Unit/Models/UserWithRoleAndRoles/ModelTest.php" line="81" class="Tests\Unit\Playground\Test\Models\UserWithRoleAndRoles\ModelTest" classname="Tests.Unit.Playground.Test.Models.UserWithRoleAndRoles.ModelTest" assertions="4" time="0.027675"/>
        <testcase name="test_is_admin_is_true_with_admin_role" file="/app/vendor/gammamatrix/playground-test/tests/Unit/Models/UserWithRoleAndRoles/ModelTest.php" line="104" class="Tests\Unit\Playground\Test\Models\UserWithRoleAndRoles\ModelTest" classname="Tests.Unit.Playground.Test.Models.UserWithRoleAndRoles.ModelTest" assertions="1" time="0.027348"/>
        <testcase name="test_is_admin_is_true_with_admin_secondary_role" file="/app/vendor/gammamatrix/playground-test/tests/Unit/Models/UserWithRoleAndRoles/ModelTest.php" line="124" class="Tests\Unit\Playground\Test\Models\UserWithRoleAndRoles\ModelTest" classname="Tests.Unit.Playground.Test.Models.UserWithRoleAndRoles.ModelTest" assertions="1" time="0.027433"/>
        <testcase name="test_is_admin_is_true_with_wheel_role" file="/app/vendor/gammamatrix/playground-test/tests/Unit/Models/UserWithRoleAndRoles/ModelTest.php" line="144" class="Tests\Unit\Playground\Test\Models\UserWithRoleAndRoles\ModelTest" classname="Tests.Unit.Playground.Test.Models.UserWithRoleAndRoles.ModelTest" assertions="1" time="0.028534"/>
        <testcase name="test_is_admin_is_true_with_wheel_secondary_role" file="/app/vendor/gammamatrix/playground-test/tests/Unit/Models/UserWithRoleAndRoles/ModelTest.php" line="164" class="Tests\Unit\Playground\Test\Models\UserWithRoleAndRoles\ModelTest" classname="Tests.Unit.Playground.Test.Models.UserWithRoleAndRoles.ModelTest" assertions="1" time="0.027620"/>
        <testcase name="test_is_admin_is_true_with_root_role" file="/app/vendor/gammamatrix/playground-test/tests/Unit/Models/UserWithRoleAndRoles/ModelTest.php" line="184" class="Tests\Unit\Playground\Test\Models\UserWithRoleAndRoles\ModelTest" classname="Tests.Unit.Playground.Test.Models.UserWithRoleAndRoles.ModelTest" assertions="1" time="0.027987"/>
        <testcase name="test_is_admin_is_false_with_root_secondary_role" file="/app/vendor/gammamatrix/playground-test/tests/Unit/Models/UserWithRoleAndRoles/ModelTest.php" line="204" class="Tests\Unit\Playground\Test\Models\UserWithRoleAndRoles\ModelTest" classname="Tests.Unit.Playground.Test.Models.UserWithRoleAndRoles.ModelTest" assertions="1" time="0.028623"/>
        <testcase name="test_factory_with_make" file="/app/vendor/gammamatrix/playground-test/tests/Unit/Models/UserWithRoleAndRoles/ModelTest.php" line="224" class="Tests\Unit\Playground\Test\Models\UserWithRoleAndRoles\ModelTest" classname="Tests.Unit.Playground.Test.Models.UserWithRoleAndRoles.ModelTest" assertions="1" time="0.030712"/>
      </testsuite>
      <testsuite name="Tests\Unit\Playground\Test\Models\UserWithRoleAndRolesAndPrivileges\ModelTest" file="/app/vendor/gammamatrix/playground-test/tests/Unit/Models/UserWithRoleAndRolesAndPrivileges/ModelTest.php" tests="2" assertions="3" errors="0" failures="0" skipped="0" time="0.054741">
        <testcase name="test_get_attributes" file="/app/vendor/gammamatrix/playground-test/tests/Unit/Models/UserWithRoleAndRolesAndPrivileges/ModelTest.php" line="28" class="Tests\Unit\Playground\Test\Models\UserWithRoleAndRolesAndPrivileges\ModelTest" classname="Tests.Unit.Playground.Test.Models.UserWithRoleAndRolesAndPrivileges.ModelTest" assertions="2" time="0.026138"/>
        <testcase name="test_factory_with_make" file="/app/vendor/gammamatrix/playground-test/tests/Unit/Models/UserWithRoleAndRolesAndPrivileges/ModelTest.php" line="52" class="Tests\Unit\Playground\Test\Models\UserWithRoleAndRolesAndPrivileges\ModelTest" classname="Tests.Unit.Playground.Test.Models.UserWithRoleAndRolesAndPrivileges.ModelTest" assertions="1" time="0.028603"/>
      </testsuite>
      <testsuite name="Tests\Unit\Playground\Test\Models\UserWithSanctum\ModelTest" file="/app/vendor/gammamatrix/playground-test/tests/Unit/Models/UserWithSanctum/ModelTest.php" tests="2" assertions="3" errors="0" failures="0" skipped="0" time="0.054137">
        <testcase name="test_get_attributes" file="/app/vendor/gammamatrix/playground-test/tests/Unit/Models/UserWithSanctum/ModelTest.php" line="25" class="Tests\Unit\Playground\Test\Models\UserWithSanctum\ModelTest" classname="Tests.Unit.Playground.Test.Models.UserWithSanctum.ModelTest" assertions="2" time="0.026088"/>
        <testcase name="test_factory_with_make" file="/app/vendor/gammamatrix/playground-test/tests/Unit/Models/UserWithSanctum/ModelTest.php" line="47" class="Tests\Unit\Playground\Test\Models\UserWithSanctum\ModelTest" classname="Tests.Unit.Playground.Test.Models.UserWithSanctum.ModelTest" assertions="1" time="0.028048"/>
      </testsuite>
    </testsuite>
    <testsuite name="Feature" tests="545" assertions="4935" errors="0" failures="0" skipped="0" time="100.087144">
      <testsuite name="Tests\Feature\ExampleTest" file="/app/tests/Feature/ExampleTest.php" tests="1" assertions="1" errors="0" failures="0" skipped="0" time="0.114659">
        <testcase name="test_the_application_returns_a_successful_response" file="/app/tests/Feature/ExampleTest.php" line="14" class="Tests\Feature\ExampleTest" classname="Tests.Feature.ExampleTest" assertions="1" time="0.114659"/>
      </testsuite>
      <testsuite name="Tests\Feature\Playground\Console\Commands\About\CommandTest" file="/app/vendor/gammamatrix/playground/tests/Feature/Console/Commands/About/CommandTest.php" tests="1" assertions="2" errors="0" failures="0" skipped="0" time="0.114337">
        <testcase name="test_command_about_displays_package_information_and_succeed_with_code_0" file="/app/vendor/gammamatrix/playground/tests/Feature/Console/Commands/About/CommandTest.php" line="34" class="Tests\Feature\Playground\Console\Commands\About\CommandTest" classname="Tests.Feature.Playground.Console.Commands.About.CommandTest" assertions="2" time="0.114337"/>
      </testsuite>
      <testsuite name="Tests\Feature\Playground\Models\User\ModelTest" file="/app/vendor/gammamatrix/playground/tests/Feature/Models/User/ModelTest.php" tests="1" assertions="9" errors="0" failures="0" skipped="0" time="0.107547">
        <testcase name="test_save_model_in_database" file="/app/vendor/gammamatrix/playground/tests/Feature/Models/User/ModelTest.php" line="20" class="Tests\Feature\Playground\Models\User\ModelTest" classname="Tests.Feature.Playground.Models.User.ModelTest" assertions="9" time="0.107547"/>
      </testsuite>
      <testsuite name="Tests\Feature\Playground\Auth\Console\Commands\About\CommandTest" file="/app/vendor/gammamatrix/playground-auth/tests/Feature/Console/Commands/About/CommandTest.php" tests="1" assertions="2" errors="0" failures="0" skipped="0" time="0.138190">
        <testcase name="test_command_about_displays_package_information_and_succeed_with_code_0" file="/app/vendor/gammamatrix/playground-auth/tests/Feature/Console/Commands/About/CommandTest.php" line="24" class="Tests\Feature\Playground\Auth\Console\Commands\About\CommandTest" classname="Tests.Feature.Playground.Auth.Console.Commands.About.CommandTest" assertions="2" time="0.138190"/>
      </testsuite>
      <testsuite name="Tests\Feature\Playground\Blade\Console\Commands\About\CommandTest" file="/app/vendor/gammamatrix/playground-blade/tests/Feature/Console/Commands/About/CommandTest.php" tests="1" assertions="2" errors="0" failures="0" skipped="0" time="0.142987">
        <testcase name="test_command_about_displays_package_information_and_succeed_with_code_0" file="/app/vendor/gammamatrix/playground-blade/tests/Feature/Console/Commands/About/CommandTest.php" line="21" class="Tests\Feature\Playground\Blade\Console\Commands\About\CommandTest" classname="Tests.Feature.Playground.Blade.Console.Commands.About.CommandTest" assertions="2" time="0.142987"/>
      </testsuite>
      <testsuite name="Tests\Feature\Playground\Admin\Console\Commands\About\CommandTest" file="/app/vendor/gammamatrix/playground-admin/tests/Feature/Console/Commands/About/CommandTest.php" tests="1" assertions="2" errors="0" failures="0" skipped="0" time="0.207176">
        <testcase name="test_command_about_displays_package_information_and_succeed_with_code_0" file="/app/vendor/gammamatrix/playground-admin/tests/Feature/Console/Commands/About/CommandTest.php" line="34" class="Tests\Feature\Playground\Admin\Console\Commands\About\CommandTest" classname="Tests.Feature.Playground.Admin.Console.Commands.About.CommandTest" assertions="2" time="0.207176"/>
      </testsuite>
      <testsuite name="Tests\Feature\Playground\Admin\Models\Setting\ModelTest" file="/app/vendor/gammamatrix/playground-admin/tests/Feature/Models/Setting/ModelTest.php" tests="3" assertions="61" errors="0" failures="0" skipped="0" time="0.419578">
        <testcase name="test_model_instance" file="/app/vendor/gammamatrix/playground-test/src/Feature/Models/ModelCase.php" line="123" class="Tests\Feature\Playground\Admin\Models\Setting\ModelTest" classname="Tests.Feature.Playground.Admin.Models.Setting.ModelTest" assertions="1" time="0.109592"/>
        <testcase name="test_verify_model_relationships" file="/app/vendor/gammamatrix/playground-test/src/Feature/Models/ModelCase.php" line="202" class="Tests\Feature\Playground\Admin\Models\Setting\ModelTest" classname="Tests.Feature.Playground.Admin.Models.Setting.ModelTest" assertions="56" time="0.190804"/>
        <testcase name="test_factory_create" file="/app/vendor/gammamatrix/playground-test/src/Feature/Models/ModelCase.php" line="223" class="Tests\Feature\Playground\Admin\Models\Setting\ModelTest" classname="Tests.Feature.Playground.Admin.Models.Setting.ModelTest" assertions="4" time="0.119182"/>
      </testsuite>
      <testsuite name="Tests\Feature\Playground\Admin\Resource\Console\Commands\About\CommandTest" file="/app/vendor/gammamatrix/playground-admin-resource/tests/Feature/Console/Commands/About/CommandTest.php" tests="1" assertions="2" errors="0" failures="0" skipped="0" time="0.346829">
        <testcase name="test_command_about_displays_package_information_and_succeed_with_code_0" file="/app/vendor/gammamatrix/playground-admin-resource/tests/Feature/Console/Commands/About/CommandTest.php" line="21" class="Tests\Feature\Playground\Admin\Resource\Console\Commands\About\CommandTest" classname="Tests.Feature.Playground.Admin.Resource.Console.Commands.About.CommandTest" assertions="2" time="0.346829"/>
      </testsuite>
      <testsuite name="Tests\Feature\Playground\Admin\Resource\Http\Controllers\Playground\IndexRouteTest" file="/app/vendor/gammamatrix/playground-admin-resource/tests/Feature/Http/Controllers/Playground/IndexRouteTest.php" tests="2" assertions="3" errors="0" failures="0" skipped="0" time="0.303877">
        <testcase name="test_guest_cannot_render_index_view" file="/app/vendor/gammamatrix/playground-admin-resource/tests/Feature/Http/Controllers/Playground/IndexRouteTest.php" line="20" class="Tests\Feature\Playground\Admin\Resource\Http\Controllers\Playground\IndexRouteTest" classname="Tests.Feature.Playground.Admin.Resource.Http.Controllers.Playground.IndexRouteTest" assertions="1" time="0.144259"/>
        <testcase name="test_admin_can_render_index_view" file="/app/vendor/gammamatrix/playground-admin-resource/tests/Feature/Http/Controllers/Playground/IndexRouteTest.php" line="29" class="Tests\Feature\Playground\Admin\Resource\Http\Controllers\Playground\IndexRouteTest" classname="Tests.Feature.Playground.Admin.Resource.Http.Controllers.Playground.IndexRouteTest" assertions="2" time="0.159618"/>
      </testsuite>
      <testsuite name="Tests\Feature\Playground\Admin\Resource\Http\Controllers\Playground\SettingRouteTest" file="/app/vendor/gammamatrix/playground-admin-resource/tests/Feature/Http/Controllers/Playground/SettingRouteTest.php" tests="73" assertions="666" errors="0" failures="0" skipped="0" time="12.218764">
        <testcase name="test_json_guest_cannot_get_create_info" file="/app/vendor/gammamatrix/playground-test/src/Feature/Http/Controllers/Resource/Playground/CreateJsonTrait.php" line="39" class="Tests\Feature\Playground\Admin\Resource\Http\Controllers\Playground\SettingRouteTest" classname="Tests.Feature.Playground.Admin.Resource.Http.Controllers.Playground.SettingRouteTest" assertions="1" time="0.131600"/>
        <testcase name="test_json_admin_can_get_create_info" file="/app/vendor/gammamatrix/playground-test/src/Feature/Http/Controllers/Resource/Playground/CreateJsonTrait.php" line="54" class="Tests\Feature\Playground\Admin\Resource\Http\Controllers\Playground\SettingRouteTest" classname="Tests.Feature.Playground.Admin.Resource.Http.Controllers.Playground.SettingRouteTest" assertions="49" time="0.160210"/>
        <testcase name="test_json_get_create_info_as_admin_with_invalid_parameter_and_fail_validation" file="/app/vendor/gammamatrix/playground-test/src/Feature/Http/Controllers/Resource/Playground/CreateJsonTrait.php" line="74" class="Tests\Feature\Playground\Admin\Resource\Http\Controllers\Playground\SettingRouteTest" classname="Tests.Feature.Playground.Admin.Resource.Http.Controllers.Playground.SettingRouteTest" assertions="4" time="0.149791"/>
        <testcase name="test_guest_cannot_render_create_view" file="/app/vendor/gammamatrix/playground-test/src/Feature/Http/Controllers/Resource/Playground/CreateTrait.php" line="34" class="Tests\Feature\Playground\Admin\Resource\Http\Controllers\Playground\SettingRouteTest" classname="Tests.Feature.Playground.Admin.Resource.Http.Controllers.Playground.SettingRouteTest" assertions="1" time="0.131607"/>
        <testcase name="test_admin_can_render_create_view" file="/app/vendor/gammamatrix/playground-test/src/Feature/Http/Controllers/Resource/Playground/CreateTrait.php" line="48" class="Tests\Feature\Playground\Admin\Resource\Http\Controllers\Playground\SettingRouteTest" classname="Tests.Feature.Playground.Admin.Resource.Http.Controllers.Playground.SettingRouteTest" assertions="2" time="0.214117"/>
        <testcase name="test_admin_can_render_create_view_with_return_url" file="/app/vendor/gammamatrix/playground-test/src/Feature/Http/Controllers/Resource/Playground/CreateTrait.php" line="66" class="Tests\Feature\Playground\Admin\Resource\Http\Controllers\Playground\SettingRouteTest" classname="Tests.Feature.Playground.Admin.Resource.Http.Controllers.Playground.SettingRouteTest" assertions="3" time="0.194117"/>
        <testcase name="test_create_view_as_admin_with_invalid_parameter_and_fail_validation_and_redirect" file="/app/vendor/gammamatrix/playground-test/src/Feature/Http/Controllers/Resource/Playground/CreateTrait.php" line="93" class="Tests\Feature\Playground\Admin\Resource\Http\Controllers\Playground\SettingRouteTest" classname="Tests.Feature.Playground.Admin.Resource.Http.Controllers.Playground.SettingRouteTest" assertions="5" time="0.151096"/>
        <testcase name="test_json_guest_cannot_destroy" file="/app/vendor/gammamatrix/playground-test/src/Feature/Http/Controllers/Resource/Playground/DestroyJsonTrait.php" line="32" class="Tests\Feature\Playground\Admin\Resource\Http\Controllers\Playground\SettingRouteTest" classname="Tests.Feature.Playground.Admin.Resource.Http.Controllers.Playground.SettingRouteTest" assertions="3" time="0.152614"/>
        <testcase name="test_json_destroy_as_admin_and_succeed" file="/app/vendor/gammamatrix/playground-test/src/Feature/Http/Controllers/Resource/Playground/DestroyJsonTrait.php" line="62" class="Tests\Feature\Playground\Admin\Resource\Http\Controllers\Playground\SettingRouteTest" classname="Tests.Feature.Playground.Admin.Resource.Http.Controllers.Playground.SettingRouteTest" assertions="5" time="0.154760"/>
        <testcase name="test_json_destroy_as_admin_and_succeed_with_force_delete" file="/app/vendor/gammamatrix/playground-test/src/Feature/Http/Controllers/Resource/Playground/DestroyJsonTrait.php" line="101" class="Tests\Feature\Playground\Admin\Resource\Http\Controllers\Playground\SettingRouteTest" classname="Tests.Feature.Playground.Admin.Resource.Http.Controllers.Playground.SettingRouteTest" assertions="4" time="0.153746"/>
        <testcase name="test_json_destroy_as_admin_and_succeed_with_no_content" file="/app/vendor/gammamatrix/playground-test/src/Feature/Http/Controllers/Resource/Playground/DestroyJsonTrait.php" line="133" class="Tests\Feature\Playground\Admin\Resource\Http\Controllers\Playground\SettingRouteTest" classname="Tests.Feature.Playground.Admin.Resource.Http.Controllers.Playground.SettingRouteTest" assertions="5" time="0.154598"/>
        <testcase name="test_json_destroy_as_admin_and_succeed_and_ignore_redirect" file="/app/vendor/gammamatrix/playground-test/src/Feature/Http/Controllers/Resource/Playground/DestroyJsonTrait.php" line="168" class="Tests\Feature\Playground\Admin\Resource\Http\Controllers\Playground\SettingRouteTest" classname="Tests.Feature.Playground.Admin.Resource.Http.Controllers.Playground.SettingRouteTest" assertions="5" time="0.153555"/>
        <testcase name="test_json_destroy_as_user_and_get_denied_and_no_force_delete_allowed" file="/app/vendor/gammamatrix/playground-test/src/Feature/Http/Controllers/Resource/Playground/DestroyJsonTrait.php" line="210" class="Tests\Feature\Playground\Admin\Resource\Http\Controllers\Playground\SettingRouteTest" classname="Tests.Feature.Playground.Admin.Resource.Http.Controllers.Playground.SettingRouteTest" assertions="3" time="0.152235"/>
        <testcase name="test_guest_cannot_destroy" file="/app/vendor/gammamatrix/playground-test/src/Feature/Http/Controllers/Resource/Playground/DestroyTrait.php" line="32" class="Tests\Feature\Playground\Admin\Resource\Http\Controllers\Playground\SettingRouteTest" classname="Tests.Feature.Playground.Admin.Resource.Http.Controllers.Playground.SettingRouteTest" assertions="3" time="0.142203"/>
        <testcase name="test_destroy_as_admin_and_succeed" file="/app/vendor/gammamatrix/playground-test/src/Feature/Http/Controllers/Resource/Playground/DestroyTrait.php" line="62" class="Tests\Feature\Playground\Admin\Resource\Http\Controllers\Playground\SettingRouteTest" classname="Tests.Feature.Playground.Admin.Resource.Http.Controllers.Playground.SettingRouteTest" assertions="5" time="0.154321"/>
        <testcase name="test_destroy_as_admin_and_succeed_with_force_delete" file="/app/vendor/gammamatrix/playground-test/src/Feature/Http/Controllers/Resource/Playground/DestroyTrait.php" line="98" class="Tests\Feature\Playground\Admin\Resource\Http\Controllers\Playground\SettingRouteTest" classname="Tests.Feature.Playground.Admin.Resource.Http.Controllers.Playground.SettingRouteTest" assertions="4" time="0.155344"/>
        <testcase name="test_destroy_as_admin_and_succeed_with_redirect_to_index_with_trash" file="/app/vendor/gammamatrix/playground-test/src/Feature/Http/Controllers/Resource/Playground/DestroyTrait.php" line="130" class="Tests\Feature\Playground\Admin\Resource\Http\Controllers\Playground\SettingRouteTest" classname="Tests.Feature.Playground.Admin.Resource.Http.Controllers.Playground.SettingRouteTest" assertions="5" time="0.168730"/>
        <testcase name="test_destroy_as_user_and_get_denied_and_no_force_delete_allowed" file="/app/vendor/gammamatrix/playground-test/src/Feature/Http/Controllers/Resource/Playground/DestroyTrait.php" line="172" class="Tests\Feature\Playground\Admin\Resource\Http\Controllers\Playground\SettingRouteTest" classname="Tests.Feature.Playground.Admin.Resource.Http.Controllers.Playground.SettingRouteTest" assertions="3" time="0.154458"/>
        <testcase name="test_json_guest_cannot_get_edit_info" file="/app/vendor/gammamatrix/playground-test/src/Feature/Http/Controllers/Resource/Playground/EditJsonTrait.php" line="39" class="Tests\Feature\Playground\Admin\Resource\Http\Controllers\Playground\SettingRouteTest" classname="Tests.Feature.Playground.Admin.Resource.Http.Controllers.Playground.SettingRouteTest" assertions="1" time="0.142768"/>
        <testcase name="test_json_admin_can_get_edit_info" file="/app/vendor/gammamatrix/playground-test/src/Feature/Http/Controllers/Resource/Playground/EditJsonTrait.php" line="59" class="Tests\Feature\Playground\Admin\Resource\Http\Controllers\Playground\SettingRouteTest" classname="Tests.Feature.Playground.Admin.Resource.Http.Controllers.Playground.SettingRouteTest" assertions="4" time="0.163406"/>
        <testcase name="test_json_edit_as_admin_and_fail_validation_with_invalid_parameter" file="/app/vendor/gammamatrix/playground-test/src/Feature/Http/Controllers/Resource/Playground/EditJsonTrait.php" line="88" class="Tests\Feature\Playground\Admin\Resource\Http\Controllers\Playground\SettingRouteTest" classname="Tests.Feature.Playground.Admin.Resource.Http.Controllers.Playground.SettingRouteTest" assertions="4" time="0.160972"/>
        <testcase name="test_guest_cannot_render_edit_view" file="/app/vendor/gammamatrix/playground-test/src/Feature/Http/Controllers/Resource/Playground/EditTrait.php" line="34" class="Tests\Feature\Playground\Admin\Resource\Http\Controllers\Playground\SettingRouteTest" classname="Tests.Feature.Playground.Admin.Resource.Http.Controllers.Playground.SettingRouteTest" assertions="1" time="0.144218"/>
        <testcase name="test_admin_can_render_edit_view" file="/app/vendor/gammamatrix/playground-test/src/Feature/Http/Controllers/Resource/Playground/EditTrait.php" line="54" class="Tests\Feature\Playground\Admin\Resource\Http\Controllers\Playground\SettingRouteTest" classname="Tests.Feature.Playground.Admin.Resource.Http.Controllers.Playground.SettingRouteTest" assertions="2" time="0.199220"/>
        <testcase name="test_admin_can_render_edit_view_with_return_url" file="/app/vendor/gammamatrix/playground-test/src/Feature/Http/Controllers/Resource/Playground/EditTrait.php" line="78" class="Tests\Feature\Playground\Admin\Resource\Http\Controllers\Playground\SettingRouteTest" classname="Tests.Feature.Playground.Admin.Resource.Http.Controllers.Playground.SettingRouteTest" assertions="3" time="0.203274"/>
        <testcase name="test_edit_view_as_admin_with_invalid_parameter_and_fail_validation_and_redirect" file="/app/vendor/gammamatrix/playground-test/src/Feature/Http/Controllers/Resource/Playground/EditTrait.php" line="110" class="Tests\Feature\Playground\Admin\Resource\Http\Controllers\Playground\SettingRouteTest" classname="Tests.Feature.Playground.Admin.Resource.Http.Controllers.Playground.SettingRouteTest" assertions="4" time="0.165642"/>
        <testcase name="test_json_guest_cannot_get_index" file="/app/vendor/gammamatrix/playground-test/src/Feature/Http/Controllers/Resource/Playground/IndexJsonTrait.php" line="35" class="Tests\Feature\Playground\Admin\Resource\Http\Controllers\Playground\SettingRouteTest" classname="Tests.Feature.Playground.Admin.Resource.Http.Controllers.Playground.SettingRouteTest" assertions="1" time="0.157004"/>
        <testcase name="test_json_admin_can_get_index" file="/app/vendor/gammamatrix/playground-test/src/Feature/Http/Controllers/Resource/Playground/IndexJsonTrait.php" line="50" class="Tests\Feature\Playground\Admin\Resource\Http\Controllers\Playground\SettingRouteTest" classname="Tests.Feature.Playground.Admin.Resource.Http.Controllers.Playground.SettingRouteTest" assertions="56" time="0.173358"/>
        <testcase name="test_json_admin_can_get_index_with_filters" file="/app/vendor/gammamatrix/playground-test/src/Feature/Http/Controllers/Resource/Playground/IndexJsonTrait.php" line="86" class="Tests\Feature\Playground\Admin\Resource\Http\Controllers\Playground\SettingRouteTest" classname="Tests.Feature.Playground.Admin.Resource.Http.Controllers.Playground.SettingRouteTest" assertions="3" time="0.174495"/>
        <testcase name="test_guest_cannot_render_index_view" file="/app/vendor/gammamatrix/playground-test/src/Feature/Http/Controllers/Resource/Playground/IndexTrait.php" line="30" class="Tests\Feature\Playground\Admin\Resource\Http\Controllers\Playground\SettingRouteTest" classname="Tests.Feature.Playground.Admin.Resource.Http.Controllers.Playground.SettingRouteTest" assertions="1" time="0.146150"/>
        <testcase name="test_admin_can_render_index_view" file="/app/vendor/gammamatrix/playground-test/src/Feature/Http/Controllers/Resource/Playground/IndexTrait.php" line="45" class="Tests\Feature\Playground\Admin\Resource\Http\Controllers\Playground\SettingRouteTest" classname="Tests.Feature.Playground.Admin.Resource.Http.Controllers.Playground.SettingRouteTest" assertions="2" time="0.208700"/>
        <testcase name="test_admin_can_render_index_view_with_filters" file="/app/vendor/gammamatrix/playground-test/src/Feature/Http/Controllers/Resource/Playground/IndexTrait.php" line="78" class="Tests\Feature\Playground\Admin\Resource\Http\Controllers\Playground\SettingRouteTest" classname="Tests.Feature.Playground.Admin.Resource.Http.Controllers.Playground.SettingRouteTest" assertions="3" time="0.198438"/>
        <testcase name="test_json_guest_cannot_lock" file="/app/vendor/gammamatrix/playground-test/src/Feature/Http/Controllers/Resource/Playground/LockJsonTrait.php" line="37" class="Tests\Feature\Playground\Admin\Resource\Http\Controllers\Playground\SettingRouteTest" classname="Tests.Feature.Playground.Admin.Resource.Http.Controllers.Playground.SettingRouteTest" assertions="3" time="0.148388"/>
        <testcase name="test_json_lock_as_admin_and_succeed" file="/app/vendor/gammamatrix/playground-test/src/Feature/Http/Controllers/Resource/Playground/LockJsonTrait.php" line="67" class="Tests\Feature\Playground\Admin\Resource\Http\Controllers\Playground\SettingRouteTest" classname="Tests.Feature.Playground.Admin.Resource.Http.Controllers.Playground.SettingRouteTest" assertions="3" time="0.169950"/>
        <testcase name="test_json_lock_as_admin_and_succeed_with_no_redirect" file="/app/vendor/gammamatrix/playground-test/src/Feature/Http/Controllers/Resource/Playground/LockJsonTrait.php" line="99" class="Tests\Feature\Playground\Admin\Resource\Http\Controllers\Playground\SettingRouteTest" classname="Tests.Feature.Playground.Admin.Resource.Http.Controllers.Playground.SettingRouteTest" assertions="51" time="0.170310"/>
        <testcase name="test_json_lock_as_user_and_get_denied" file="/app/vendor/gammamatrix/playground-test/src/Feature/Http/Controllers/Resource/Playground/LockJsonTrait.php" line="144" class="Tests\Feature\Playground\Admin\Resource\Http\Controllers\Playground\SettingRouteTest" classname="Tests.Feature.Playground.Admin.Resource.Http.Controllers.Playground.SettingRouteTest" assertions="3" time="0.168081"/>
        <testcase name="test_guest_cannot_lock" file="/app/vendor/gammamatrix/playground-test/src/Feature/Http/Controllers/Resource/Playground/LockTrait.php" line="32" class="Tests\Feature\Playground\Admin\Resource\Http\Controllers\Playground\SettingRouteTest" classname="Tests.Feature.Playground.Admin.Resource.Http.Controllers.Playground.SettingRouteTest" assertions="3" time="0.147618"/>
        <testcase name="test_lock_as_admin_and_succeed" file="/app/vendor/gammamatrix/playground-test/src/Feature/Http/Controllers/Resource/Playground/LockTrait.php" line="62" class="Tests\Feature\Playground\Admin\Resource\Http\Controllers\Playground\SettingRouteTest" classname="Tests.Feature.Playground.Admin.Resource.Http.Controllers.Playground.SettingRouteTest" assertions="4" time="0.163994"/>
        <testcase name="test_lock_as_admin_and_succeed_with_redirect_to_index_with_sorted_by_locked_desc" file="/app/vendor/gammamatrix/playground-test/src/Feature/Http/Controllers/Resource/Playground/LockTrait.php" line="96" class="Tests\Feature\Playground\Admin\Resource\Http\Controllers\Playground\SettingRouteTest" classname="Tests.Feature.Playground.Admin.Resource.Http.Controllers.Playground.SettingRouteTest" assertions="4" time="0.163515"/>
        <testcase name="test_lock_as_user_and_get_denied" file="/app/vendor/gammamatrix/playground-test/src/Feature/Http/Controllers/Resource/Playground/LockTrait.php" line="133" class="Tests\Feature\Playground\Admin\Resource\Http\Controllers\Playground\SettingRouteTest" classname="Tests.Feature.Playground.Admin.Resource.Http.Controllers.Playground.SettingRouteTest" assertions="3" time="0.160052"/>
        <testcase name="test_json_guest_cannot_restore" file="/app/vendor/gammamatrix/playground-test/src/Feature/Http/Controllers/Resource/Playground/RestoreJsonTrait.php" line="33" class="Tests\Feature\Playground\Admin\Resource\Http\Controllers\Playground\SettingRouteTest" classname="Tests.Feature.Playground.Admin.Resource.Http.Controllers.Playground.SettingRouteTest" assertions="3" time="0.150822"/>
        <testcase name="test_json_restore_as_admin_and_succeed" file="/app/vendor/gammamatrix/playground-test/src/Feature/Http/Controllers/Resource/Playground/RestoreJsonTrait.php" line="65" class="Tests\Feature\Playground\Admin\Resource\Http\Controllers\Playground\SettingRouteTest" classname="Tests.Feature.Playground.Admin.Resource.Http.Controllers.Playground.SettingRouteTest" assertions="51" time="0.173489"/>
        <testcase name="test_json_restore_as_admin_and_succeed_with_no_redirect" file="/app/vendor/gammamatrix/playground-test/src/Feature/Http/Controllers/Resource/Playground/RestoreJsonTrait.php" line="101" class="Tests\Feature\Playground\Admin\Resource\Http\Controllers\Playground\SettingRouteTest" classname="Tests.Feature.Playground.Admin.Resource.Http.Controllers.Playground.SettingRouteTest" assertions="51" time="0.175368"/>
        <testcase name="test_json_restore_as_user_and_get_denied" file="/app/vendor/gammamatrix/playground-test/src/Feature/Http/Controllers/Resource/Playground/RestoreJsonTrait.php" line="144" class="Tests\Feature\Playground\Admin\Resource\Http\Controllers\Playground\SettingRouteTest" classname="Tests.Feature.Playground.Admin.Resource.Http.Controllers.Playground.SettingRouteTest" assertions="3" time="0.165837"/>
        <testcase name="test_guest_cannot_restore" file="/app/vendor/gammamatrix/playground-test/src/Feature/Http/Controllers/Resource/Playground/RestoreTrait.php" line="33" class="Tests\Feature\Playground\Admin\Resource\Http\Controllers\Playground\SettingRouteTest" classname="Tests.Feature.Playground.Admin.Resource.Http.Controllers.Playground.SettingRouteTest" assertions="3" time="0.154607"/>
        <testcase name="test_restore_as_admin_and_succeed" file="/app/vendor/gammamatrix/playground-test/src/Feature/Http/Controllers/Resource/Playground/RestoreTrait.php" line="65" class="Tests\Feature\Playground\Admin\Resource\Http\Controllers\Playground\SettingRouteTest" classname="Tests.Feature.Playground.Admin.Resource.Http.Controllers.Playground.SettingRouteTest" assertions="4" time="0.179168"/>
        <testcase name="test_restore_as_admin_and_succeed_with_redirect_to_index_with_only_trash" file="/app/vendor/gammamatrix/playground-test/src/Feature/Http/Controllers/Resource/Playground/RestoreTrait.php" line="101" class="Tests\Feature\Playground\Admin\Resource\Http\Controllers\Playground\SettingRouteTest" classname="Tests.Feature.Playground.Admin.Resource.Http.Controllers.Playground.SettingRouteTest" assertions="4" time="0.170115"/>
        <testcase name="test_restore_as_user_and_get_denied" file="/app/vendor/gammamatrix/playground-test/src/Feature/Http/Controllers/Resource/Playground/RestoreTrait.php" line="147" class="Tests\Feature\Playground\Admin\Resource\Http\Controllers\Playground\SettingRouteTest" classname="Tests.Feature.Playground.Admin.Resource.Http.Controllers.Playground.SettingRouteTest" assertions="3" time="0.164941"/>
        <testcase name="test_json_guest_cannot_see_info" file="/app/vendor/gammamatrix/playground-test/src/Feature/Http/Controllers/Resource/Playground/ShowJsonTrait.php" line="30" class="Tests\Feature\Playground\Admin\Resource\Http\Controllers\Playground\SettingRouteTest" classname="Tests.Feature.Playground.Admin.Resource.Http.Controllers.Playground.SettingRouteTest" assertions="1" time="0.152840"/>
        <testcase name="test_json_show_info_for_admin" file="/app/vendor/gammamatrix/playground-test/src/Feature/Http/Controllers/Resource/Playground/ShowJsonTrait.php" line="50" class="Tests\Feature\Playground\Admin\Resource\Http\Controllers\Playground\SettingRouteTest" classname="Tests.Feature.Playground.Admin.Resource.Http.Controllers.Playground.SettingRouteTest" assertions="50" time="0.171966"/>
        <testcase name="test_guest_cannot_render_show_view" file="/app/vendor/gammamatrix/playground-test/src/Feature/Http/Controllers/Resource/Playground/ShowTrait.php" line="30" class="Tests\Feature\Playground\Admin\Resource\Http\Controllers\Playground\SettingRouteTest" classname="Tests.Feature.Playground.Admin.Resource.Http.Controllers.Playground.SettingRouteTest" assertions="1" time="0.152802"/>
        <testcase name="test_show_view_rendered_by_admin" file="/app/vendor/gammamatrix/playground-test/src/Feature/Http/Controllers/Resource/Playground/ShowTrait.php" line="50" class="Tests\Feature\Playground\Admin\Resource\Http\Controllers\Playground\SettingRouteTest" classname="Tests.Feature.Playground.Admin.Resource.Http.Controllers.Playground.SettingRouteTest" assertions="2" time="0.191714"/>
        <testcase name="test_json_guest_cannot_store" file="/app/vendor/gammamatrix/playground-test/src/Feature/Http/Controllers/Resource/Playground/StoreJsonTrait.php" line="44" class="Tests\Feature\Playground\Admin\Resource\Http\Controllers\Playground\SettingRouteTest" classname="Tests.Feature.Playground.Admin.Resource.Http.Controllers.Playground.SettingRouteTest" assertions="3" time="0.154195"/>
        <testcase name="test_json_store_as_admin_without_payload_and_fail_validation" file="/app/vendor/gammamatrix/playground-test/src/Feature/Http/Controllers/Resource/Playground/StoreJsonTrait.php" line="67" class="Tests\Feature\Playground\Admin\Resource\Http\Controllers\Playground\SettingRouteTest" classname="Tests.Feature.Playground.Admin.Resource.Http.Controllers.Playground.SettingRouteTest" assertions="5" time="0.173421"/>
        <testcase name="test_json_store_as_admin_and_succeed" file="/app/vendor/gammamatrix/playground-test/src/Feature/Http/Controllers/Resource/Playground/StoreJsonTrait.php" line="93" class="Tests\Feature\Playground\Admin\Resource\Http\Controllers\Playground\SettingRouteTest" classname="Tests.Feature.Playground.Admin.Resource.Http.Controllers.Playground.SettingRouteTest" assertions="3" time="0.211550"/>
        <testcase name="test_guest_cannot_store" file="/app/vendor/gammamatrix/playground-test/src/Feature/Http/Controllers/Resource/Playground/StoreTrait.php" line="39" class="Tests\Feature\Playground\Admin\Resource\Http\Controllers\Playground\SettingRouteTest" classname="Tests.Feature.Playground.Admin.Resource.Http.Controllers.Playground.SettingRouteTest" assertions="3" time="0.151888"/>
        <testcase name="test_store_as_admin_without_payload_and_fail_validation" file="/app/vendor/gammamatrix/playground-test/src/Feature/Http/Controllers/Resource/Playground/StoreTrait.php" line="62" class="Tests\Feature\Playground\Admin\Resource\Http\Controllers\Playground\SettingRouteTest" classname="Tests.Feature.Playground.Admin.Resource.Http.Controllers.Playground.SettingRouteTest" assertions="5" time="0.168328"/>
        <testcase name="test_store_as_admin_and_succeed" file="/app/vendor/gammamatrix/playground-test/src/Feature/Http/Controllers/Resource/Playground/StoreTrait.php" line="91" class="Tests\Feature\Playground\Admin\Resource\Http\Controllers\Playground\SettingRouteTest" classname="Tests.Feature.Playground.Admin.Resource.Http.Controllers.Playground.SettingRouteTest" assertions="4" time="0.184145"/>
        <testcase name="test_store_as_admin_and_succeed_with_return_url" file="/app/vendor/gammamatrix/playground-test/src/Feature/Http/Controllers/Resource/Playground/StoreTrait.php" line="136" class="Tests\Feature\Playground\Admin\Resource\Http\Controllers\Playground\SettingRouteTest" classname="Tests.Feature.Playground.Admin.Resource.Http.Controllers.Playground.SettingRouteTest" assertions="4" time="0.184006"/>
        <testcase name="test_json_guest_cannot_unlock" file="/app/vendor/gammamatrix/playground-test/src/Feature/Http/Controllers/Resource/Playground/UnlockJsonTrait.php" line="37" class="Tests\Feature\Playground\Admin\Resource\Http\Controllers\Playground\SettingRouteTest" classname="Tests.Feature.Playground.Admin.Resource.Http.Controllers.Playground.SettingRouteTest" assertions="3" time="0.154063"/>
        <testcase name="test_json_unlock_as_admin_and_succeed" file="/app/vendor/gammamatrix/playground-test/src/Feature/Http/Controllers/Resource/Playground/UnlockJsonTrait.php" line="69" class="Tests\Feature\Playground\Admin\Resource\Http\Controllers\Playground\SettingRouteTest" classname="Tests.Feature.Playground.Admin.Resource.Http.Controllers.Playground.SettingRouteTest" assertions="51" time="0.177651"/>
        <testcase name="test_json_unlock_as_admin_and_succeed_with_no_redirect" file="/app/vendor/gammamatrix/playground-test/src/Feature/Http/Controllers/Resource/Playground/UnlockJsonTrait.php" line="105" class="Tests\Feature\Playground\Admin\Resource\Http\Controllers\Playground\SettingRouteTest" classname="Tests.Feature.Playground.Admin.Resource.Http.Controllers.Playground.SettingRouteTest" assertions="51" time="0.173149"/>
        <testcase name="test_json_unlock_as_user_and_get_denied" file="/app/vendor/gammamatrix/playground-test/src/Feature/Http/Controllers/Resource/Playground/UnlockJsonTrait.php" line="146" class="Tests\Feature\Playground\Admin\Resource\Http\Controllers\Playground\SettingRouteTest" classname="Tests.Feature.Playground.Admin.Resource.Http.Controllers.Playground.SettingRouteTest" assertions="3" time="0.165956"/>
        <testcase name="test_guest_cannot_unlock" file="/app/vendor/gammamatrix/playground-test/src/Feature/Http/Controllers/Resource/Playground/UnlockTrait.php" line="37" class="Tests\Feature\Playground\Admin\Resource\Http\Controllers\Playground\SettingRouteTest" classname="Tests.Feature.Playground.Admin.Resource.Http.Controllers.Playground.SettingRouteTest" assertions="3" time="0.167166"/>
        <testcase name="test_unlock_as_admin_and_succeed" file="/app/vendor/gammamatrix/playground-test/src/Feature/Http/Controllers/Resource/Playground/UnlockTrait.php" line="69" class="Tests\Feature\Playground\Admin\Resource\Http\Controllers\Playground\SettingRouteTest" classname="Tests.Feature.Playground.Admin.Resource.Http.Controllers.Playground.SettingRouteTest" assertions="4" time="0.170953"/>
        <testcase name="test_unlock_as_admin_and_succeed_with_redirect_to_index_with_sorted_by_unlocked_desc" file="/app/vendor/gammamatrix/playground-test/src/Feature/Http/Controllers/Resource/Playground/UnlockTrait.php" line="110" class="Tests\Feature\Playground\Admin\Resource\Http\Controllers\Playground\SettingRouteTest" classname="Tests.Feature.Playground.Admin.Resource.Http.Controllers.Playground.SettingRouteTest" assertions="4" time="0.172056"/>
        <testcase name="test_unlock_as_user_and_get_denied" file="/app/vendor/gammamatrix/playground-test/src/Feature/Http/Controllers/Resource/Playground/UnlockTrait.php" line="149" class="Tests\Feature\Playground\Admin\Resource\Http\Controllers\Playground\SettingRouteTest" classname="Tests.Feature.Playground.Admin.Resource.Http.Controllers.Playground.SettingRouteTest" assertions="3" time="0.168663"/>
        <testcase name="test_json_guest_cannot_update" file="/app/vendor/gammamatrix/playground-test/src/Feature/Http/Controllers/Resource/Playground/UpdateJsonTrait.php" line="46" class="Tests\Feature\Playground\Admin\Resource\Http\Controllers\Playground\SettingRouteTest" classname="Tests.Feature.Playground.Admin.Resource.Http.Controllers.Playground.SettingRouteTest" assertions="1" time="0.154719"/>
        <testcase name="test_json_update_as_admin_without_payload_and_passes_validation" file="/app/vendor/gammamatrix/playground-test/src/Feature/Http/Controllers/Resource/Playground/UpdateJsonTrait.php" line="66" class="Tests\Feature\Playground\Admin\Resource\Http\Controllers\Playground\SettingRouteTest" classname="Tests.Feature.Playground.Admin.Resource.Http.Controllers.Playground.SettingRouteTest" assertions="2" time="0.177548"/>
        <testcase name="test_json_admin_can_update" file="/app/vendor/gammamatrix/playground-test/src/Feature/Http/Controllers/Resource/Playground/UpdateJsonTrait.php" line="114" class="Tests\Feature\Playground\Admin\Resource\Http\Controllers\Playground\SettingRouteTest" classname="Tests.Feature.Playground.Admin.Resource.Http.Controllers.Playground.SettingRouteTest" assertions="53" time="0.203615"/>
        <testcase name="test_guest_cannot_update" file="/app/vendor/gammamatrix/playground-test/src/Feature/Http/Controllers/Resource/Playground/UpdateTrait.php" line="46" class="Tests\Feature\Playground\Admin\Resource\Http\Controllers\Playground\SettingRouteTest" classname="Tests.Feature.Playground.Admin.Resource.Http.Controllers.Playground.SettingRouteTest" assertions="1" time="0.157210"/>
        <testcase name="test_update_as_admin_without_payload_and_passes_validation" file="/app/vendor/gammamatrix/playground-test/src/Feature/Http/Controllers/Resource/Playground/UpdateTrait.php" line="66" class="Tests\Feature\Playground\Admin\Resource\Http\Controllers\Playground\SettingRouteTest" classname="Tests.Feature.Playground.Admin.Resource.Http.Controllers.Playground.SettingRouteTest" assertions="3" time="0.176891"/>
        <testcase name="test_admin_can_update" file="/app/vendor/gammamatrix/playground-test/src/Feature/Http/Controllers/Resource/Playground/UpdateTrait.php" line="117" class="Tests\Feature\Playground\Admin\Resource\Http\Controllers\Playground\SettingRouteTest" classname="Tests.Feature.Playground.Admin.Resource.Http.Controllers.Playground.SettingRouteTest" assertions="6" time="0.208961"/>
        <testcase name="test_admin_can_update_view_with_return_url" file="/app/vendor/gammamatrix/playground-test/src/Feature/Http/Controllers/Resource/Playground/UpdateTrait.php" line="160" class="Tests\Feature\Playground\Admin\Resource\Http\Controllers\Playground\SettingRouteTest" classname="Tests.Feature.Playground.Admin.Resource.Http.Controllers.Playground.SettingRouteTest" assertions="6" time="0.200307"/>
      </testsuite>
      <testsuite name="Tests\Feature\Playground\Admin\Resource\Http\Controllers\Playground\UserRouteTest" file="/app/vendor/gammamatrix/playground-admin-resource/tests/Feature/Http/Controllers/Playground/UserRouteTest.php" tests="73" assertions="551" errors="0" failures="0" skipped="0" time="11.981083">
        <testcase name="test_json_guest_cannot_get_create_info" file="/app/vendor/gammamatrix/playground-test/src/Feature/Http/Controllers/Resource/Playground/CreateJsonTrait.php" line="39" class="Tests\Feature\Playground\Admin\Resource\Http\Controllers\Playground\UserRouteTest" classname="Tests.Feature.Playground.Admin.Resource.Http.Controllers.Playground.UserRouteTest" assertions="1" time="0.130572"/>
        <testcase name="test_json_admin_can_get_create_info" file="/app/vendor/gammamatrix/playground-test/src/Feature/Http/Controllers/Resource/Playground/CreateJsonTrait.php" line="54" class="Tests\Feature\Playground\Admin\Resource\Http\Controllers\Playground\UserRouteTest" classname="Tests.Feature.Playground.Admin.Resource.Http.Controllers.Playground.UserRouteTest" assertions="33" time="0.146897"/>
        <testcase name="test_json_get_create_info_as_admin_with_invalid_parameter_and_fail_validation" file="/app/vendor/gammamatrix/playground-test/src/Feature/Http/Controllers/Resource/Playground/CreateJsonTrait.php" line="74" class="Tests\Feature\Playground\Admin\Resource\Http\Controllers\Playground\UserRouteTest" classname="Tests.Feature.Playground.Admin.Resource.Http.Controllers.Playground.UserRouteTest" assertions="4" time="0.148569"/>
        <testcase name="test_guest_cannot_render_create_view" file="/app/vendor/gammamatrix/playground-test/src/Feature/Http/Controllers/Resource/Playground/CreateTrait.php" line="34" class="Tests\Feature\Playground\Admin\Resource\Http\Controllers\Playground\UserRouteTest" classname="Tests.Feature.Playground.Admin.Resource.Http.Controllers.Playground.UserRouteTest" assertions="1" time="0.130805"/>
        <testcase name="test_admin_can_render_create_view" file="/app/vendor/gammamatrix/playground-test/src/Feature/Http/Controllers/Resource/Playground/CreateTrait.php" line="48" class="Tests\Feature\Playground\Admin\Resource\Http\Controllers\Playground\UserRouteTest" classname="Tests.Feature.Playground.Admin.Resource.Http.Controllers.Playground.UserRouteTest" assertions="2" time="0.186692"/>
        <testcase name="test_admin_can_render_create_view_with_return_url" file="/app/vendor/gammamatrix/playground-test/src/Feature/Http/Controllers/Resource/Playground/CreateTrait.php" line="66" class="Tests\Feature\Playground\Admin\Resource\Http\Controllers\Playground\UserRouteTest" classname="Tests.Feature.Playground.Admin.Resource.Http.Controllers.Playground.UserRouteTest" assertions="3" time="0.184956"/>
        <testcase name="test_create_view_as_admin_with_invalid_parameter_and_fail_validation_and_redirect" file="/app/vendor/gammamatrix/playground-test/src/Feature/Http/Controllers/Resource/Playground/CreateTrait.php" line="93" class="Tests\Feature\Playground\Admin\Resource\Http\Controllers\Playground\UserRouteTest" classname="Tests.Feature.Playground.Admin.Resource.Http.Controllers.Playground.UserRouteTest" assertions="5" time="0.155919"/>
        <testcase name="test_json_guest_cannot_destroy" file="/app/vendor/gammamatrix/playground-test/src/Feature/Http/Controllers/Resource/Playground/DestroyJsonTrait.php" line="32" class="Tests\Feature\Playground\Admin\Resource\Http\Controllers\Playground\UserRouteTest" classname="Tests.Feature.Playground.Admin.Resource.Http.Controllers.Playground.UserRouteTest" assertions="3" time="0.142413"/>
        <testcase name="test_json_destroy_as_admin_and_succeed" file="/app/vendor/gammamatrix/playground-test/src/Feature/Http/Controllers/Resource/Playground/DestroyJsonTrait.php" line="62" class="Tests\Feature\Playground\Admin\Resource\Http\Controllers\Playground\UserRouteTest" classname="Tests.Feature.Playground.Admin.Resource.Http.Controllers.Playground.UserRouteTest" assertions="5" time="0.156000"/>
        <testcase name="test_json_destroy_as_admin_and_succeed_with_force_delete" file="/app/vendor/gammamatrix/playground-test/src/Feature/Http/Controllers/Resource/Playground/DestroyJsonTrait.php" line="101" class="Tests\Feature\Playground\Admin\Resource\Http\Controllers\Playground\UserRouteTest" classname="Tests.Feature.Playground.Admin.Resource.Http.Controllers.Playground.UserRouteTest" assertions="4" time="0.158585"/>
        <testcase name="test_json_destroy_as_admin_and_succeed_with_no_content" file="/app/vendor/gammamatrix/playground-test/src/Feature/Http/Controllers/Resource/Playground/DestroyJsonTrait.php" line="133" class="Tests\Feature\Playground\Admin\Resource\Http\Controllers\Playground\UserRouteTest" classname="Tests.Feature.Playground.Admin.Resource.Http.Controllers.Playground.UserRouteTest" assertions="5" time="0.156939"/>
        <testcase name="test_json_destroy_as_admin_and_succeed_and_ignore_redirect" file="/app/vendor/gammamatrix/playground-test/src/Feature/Http/Controllers/Resource/Playground/DestroyJsonTrait.php" line="168" class="Tests\Feature\Playground\Admin\Resource\Http\Controllers\Playground\UserRouteTest" classname="Tests.Feature.Playground.Admin.Resource.Http.Controllers.Playground.UserRouteTest" assertions="5" time="0.157902"/>
        <testcase name="test_json_destroy_as_user_and_get_denied_and_no_force_delete_allowed" file="/app/vendor/gammamatrix/playground-test/src/Feature/Http/Controllers/Resource/Playground/DestroyJsonTrait.php" line="210" class="Tests\Feature\Playground\Admin\Resource\Http\Controllers\Playground\UserRouteTest" classname="Tests.Feature.Playground.Admin.Resource.Http.Controllers.Playground.UserRouteTest" assertions="3" time="0.154324"/>
        <testcase name="test_guest_cannot_destroy" file="/app/vendor/gammamatrix/playground-test/src/Feature/Http/Controllers/Resource/Playground/DestroyTrait.php" line="32" class="Tests\Feature\Playground\Admin\Resource\Http\Controllers\Playground\UserRouteTest" classname="Tests.Feature.Playground.Admin.Resource.Http.Controllers.Playground.UserRouteTest" assertions="3" time="0.146760"/>
        <testcase name="test_destroy_as_admin_and_succeed" file="/app/vendor/gammamatrix/playground-test/src/Feature/Http/Controllers/Resource/Playground/DestroyTrait.php" line="62" class="Tests\Feature\Playground\Admin\Resource\Http\Controllers\Playground\UserRouteTest" classname="Tests.Feature.Playground.Admin.Resource.Http.Controllers.Playground.UserRouteTest" assertions="5" time="0.161419"/>
        <testcase name="test_destroy_as_admin_and_succeed_with_force_delete" file="/app/vendor/gammamatrix/playground-test/src/Feature/Http/Controllers/Resource/Playground/DestroyTrait.php" line="98" class="Tests\Feature\Playground\Admin\Resource\Http\Controllers\Playground\UserRouteTest" classname="Tests.Feature.Playground.Admin.Resource.Http.Controllers.Playground.UserRouteTest" assertions="4" time="0.160335"/>
        <testcase name="test_destroy_as_admin_and_succeed_with_redirect_to_index_with_trash" file="/app/vendor/gammamatrix/playground-test/src/Feature/Http/Controllers/Resource/Playground/DestroyTrait.php" line="130" class="Tests\Feature\Playground\Admin\Resource\Http\Controllers\Playground\UserRouteTest" classname="Tests.Feature.Playground.Admin.Resource.Http.Controllers.Playground.UserRouteTest" assertions="5" time="0.170459"/>
        <testcase name="test_destroy_as_user_and_get_denied_and_no_force_delete_allowed" file="/app/vendor/gammamatrix/playground-test/src/Feature/Http/Controllers/Resource/Playground/DestroyTrait.php" line="172" class="Tests\Feature\Playground\Admin\Resource\Http\Controllers\Playground\UserRouteTest" classname="Tests.Feature.Playground.Admin.Resource.Http.Controllers.Playground.UserRouteTest" assertions="3" time="0.159481"/>
        <testcase name="test_json_guest_cannot_get_edit_info" file="/app/vendor/gammamatrix/playground-test/src/Feature/Http/Controllers/Resource/Playground/EditJsonTrait.php" line="39" class="Tests\Feature\Playground\Admin\Resource\Http\Controllers\Playground\UserRouteTest" classname="Tests.Feature.Playground.Admin.Resource.Http.Controllers.Playground.UserRouteTest" assertions="1" time="0.146514"/>
        <testcase name="test_json_admin_can_get_edit_info" file="/app/vendor/gammamatrix/playground-test/src/Feature/Http/Controllers/Resource/Playground/EditJsonTrait.php" line="59" class="Tests\Feature\Playground\Admin\Resource\Http\Controllers\Playground\UserRouteTest" classname="Tests.Feature.Playground.Admin.Resource.Http.Controllers.Playground.UserRouteTest" assertions="4" time="0.166104"/>
        <testcase name="test_json_edit_as_admin_and_fail_validation_with_invalid_parameter" file="/app/vendor/gammamatrix/playground-test/src/Feature/Http/Controllers/Resource/Playground/EditJsonTrait.php" line="88" class="Tests\Feature\Playground\Admin\Resource\Http\Controllers\Playground\UserRouteTest" classname="Tests.Feature.Playground.Admin.Resource.Http.Controllers.Playground.UserRouteTest" assertions="4" time="0.162429"/>
        <testcase name="test_guest_cannot_render_edit_view" file="/app/vendor/gammamatrix/playground-test/src/Feature/Http/Controllers/Resource/Playground/EditTrait.php" line="34" class="Tests\Feature\Playground\Admin\Resource\Http\Controllers\Playground\UserRouteTest" classname="Tests.Feature.Playground.Admin.Resource.Http.Controllers.Playground.UserRouteTest" assertions="1" time="0.148846"/>
        <testcase name="test_admin_can_render_edit_view" file="/app/vendor/gammamatrix/playground-test/src/Feature/Http/Controllers/Resource/Playground/EditTrait.php" line="54" class="Tests\Feature\Playground\Admin\Resource\Http\Controllers\Playground\UserRouteTest" classname="Tests.Feature.Playground.Admin.Resource.Http.Controllers.Playground.UserRouteTest" assertions="2" time="0.202575"/>
        <testcase name="test_admin_can_render_edit_view_with_return_url" file="/app/vendor/gammamatrix/playground-test/src/Feature/Http/Controllers/Resource/Playground/EditTrait.php" line="78" class="Tests\Feature\Playground\Admin\Resource\Http\Controllers\Playground\UserRouteTest" classname="Tests.Feature.Playground.Admin.Resource.Http.Controllers.Playground.UserRouteTest" assertions="3" time="0.203168"/>
        <testcase name="test_edit_view_as_admin_with_invalid_parameter_and_fail_validation_and_redirect" file="/app/vendor/gammamatrix/playground-test/src/Feature/Http/Controllers/Resource/Playground/EditTrait.php" line="110" class="Tests\Feature\Playground\Admin\Resource\Http\Controllers\Playground\UserRouteTest" classname="Tests.Feature.Playground.Admin.Resource.Http.Controllers.Playground.UserRouteTest" assertions="4" time="0.177298"/>
        <testcase name="test_json_guest_cannot_get_index" file="/app/vendor/gammamatrix/playground-test/src/Feature/Http/Controllers/Resource/Playground/IndexJsonTrait.php" line="35" class="Tests\Feature\Playground\Admin\Resource\Http\Controllers\Playground\UserRouteTest" classname="Tests.Feature.Playground.Admin.Resource.Http.Controllers.Playground.UserRouteTest" assertions="1" time="0.150099"/>
        <testcase name="test_json_admin_can_get_index" file="/app/vendor/gammamatrix/playground-test/src/Feature/Http/Controllers/Resource/Playground/IndexJsonTrait.php" line="50" class="Tests\Feature\Playground\Admin\Resource\Http\Controllers\Playground\UserRouteTest" classname="Tests.Feature.Playground.Admin.Resource.Http.Controllers.Playground.UserRouteTest" assertions="69" time="0.174568"/>
        <testcase name="test_json_admin_can_get_index_with_filters" file="/app/vendor/gammamatrix/playground-test/src/Feature/Http/Controllers/Resource/Playground/IndexJsonTrait.php" line="86" class="Tests\Feature\Playground\Admin\Resource\Http\Controllers\Playground\UserRouteTest" classname="Tests.Feature.Playground.Admin.Resource.Http.Controllers.Playground.UserRouteTest" assertions="3" time="0.168885"/>
        <testcase name="test_guest_cannot_render_index_view" file="/app/vendor/gammamatrix/playground-test/src/Feature/Http/Controllers/Resource/Playground/IndexTrait.php" line="30" class="Tests\Feature\Playground\Admin\Resource\Http\Controllers\Playground\UserRouteTest" classname="Tests.Feature.Playground.Admin.Resource.Http.Controllers.Playground.UserRouteTest" assertions="1" time="0.146915"/>
        <testcase name="test_admin_can_render_index_view" file="/app/vendor/gammamatrix/playground-test/src/Feature/Http/Controllers/Resource/Playground/IndexTrait.php" line="45" class="Tests\Feature\Playground\Admin\Resource\Http\Controllers\Playground\UserRouteTest" classname="Tests.Feature.Playground.Admin.Resource.Http.Controllers.Playground.UserRouteTest" assertions="2" time="0.194980"/>
        <testcase name="test_admin_can_render_index_view_with_filters" file="/app/vendor/gammamatrix/playground-test/src/Feature/Http/Controllers/Resource/Playground/IndexTrait.php" line="78" class="Tests\Feature\Playground\Admin\Resource\Http\Controllers\Playground\UserRouteTest" classname="Tests.Feature.Playground.Admin.Resource.Http.Controllers.Playground.UserRouteTest" assertions="3" time="0.193096"/>
        <testcase name="test_json_guest_cannot_lock" file="/app/vendor/gammamatrix/playground-test/src/Feature/Http/Controllers/Resource/Playground/LockJsonTrait.php" line="37" class="Tests\Feature\Playground\Admin\Resource\Http\Controllers\Playground\UserRouteTest" classname="Tests.Feature.Playground.Admin.Resource.Http.Controllers.Playground.UserRouteTest" assertions="3" time="0.146607"/>
        <testcase name="test_json_lock_as_admin_and_succeed" file="/app/vendor/gammamatrix/playground-test/src/Feature/Http/Controllers/Resource/Playground/LockJsonTrait.php" line="67" class="Tests\Feature\Playground\Admin\Resource\Http\Controllers\Playground\UserRouteTest" classname="Tests.Feature.Playground.Admin.Resource.Http.Controllers.Playground.UserRouteTest" assertions="3" time="0.164643"/>
        <testcase name="test_json_lock_as_admin_and_succeed_with_no_redirect" file="/app/vendor/gammamatrix/playground-test/src/Feature/Http/Controllers/Resource/Playground/LockJsonTrait.php" line="99" class="Tests\Feature\Playground\Admin\Resource\Http\Controllers\Playground\UserRouteTest" classname="Tests.Feature.Playground.Admin.Resource.Http.Controllers.Playground.UserRouteTest" assertions="35" time="0.173406"/>
        <testcase name="test_json_lock_as_user_and_get_denied" file="/app/vendor/gammamatrix/playground-test/src/Feature/Http/Controllers/Resource/Playground/LockJsonTrait.php" line="144" class="Tests\Feature\Playground\Admin\Resource\Http\Controllers\Playground\UserRouteTest" classname="Tests.Feature.Playground.Admin.Resource.Http.Controllers.Playground.UserRouteTest" assertions="3" time="0.154409"/>
        <testcase name="test_guest_cannot_lock" file="/app/vendor/gammamatrix/playground-test/src/Feature/Http/Controllers/Resource/Playground/LockTrait.php" line="32" class="Tests\Feature\Playground\Admin\Resource\Http\Controllers\Playground\UserRouteTest" classname="Tests.Feature.Playground.Admin.Resource.Http.Controllers.Playground.UserRouteTest" assertions="3" time="0.148437"/>
        <testcase name="test_lock_as_admin_and_succeed" file="/app/vendor/gammamatrix/playground-test/src/Feature/Http/Controllers/Resource/Playground/LockTrait.php" line="62" class="Tests\Feature\Playground\Admin\Resource\Http\Controllers\Playground\UserRouteTest" classname="Tests.Feature.Playground.Admin.Resource.Http.Controllers.Playground.UserRouteTest" assertions="4" time="0.163241"/>
        <testcase name="test_lock_as_admin_and_succeed_with_redirect_to_index_with_sorted_by_locked_desc" file="/app/vendor/gammamatrix/playground-test/src/Feature/Http/Controllers/Resource/Playground/LockTrait.php" line="96" class="Tests\Feature\Playground\Admin\Resource\Http\Controllers\Playground\UserRouteTest" classname="Tests.Feature.Playground.Admin.Resource.Http.Controllers.Playground.UserRouteTest" assertions="4" time="0.161929"/>
        <testcase name="test_lock_as_user_and_get_denied" file="/app/vendor/gammamatrix/playground-test/src/Feature/Http/Controllers/Resource/Playground/LockTrait.php" line="133" class="Tests\Feature\Playground\Admin\Resource\Http\Controllers\Playground\UserRouteTest" classname="Tests.Feature.Playground.Admin.Resource.Http.Controllers.Playground.UserRouteTest" assertions="3" time="0.156678"/>
        <testcase name="test_json_guest_cannot_restore" file="/app/vendor/gammamatrix/playground-test/src/Feature/Http/Controllers/Resource/Playground/RestoreJsonTrait.php" line="33" class="Tests\Feature\Playground\Admin\Resource\Http\Controllers\Playground\UserRouteTest" classname="Tests.Feature.Playground.Admin.Resource.Http.Controllers.Playground.UserRouteTest" assertions="3" time="0.160168"/>
        <testcase name="test_json_restore_as_admin_and_succeed" file="/app/vendor/gammamatrix/playground-test/src/Feature/Http/Controllers/Resource/Playground/RestoreJsonTrait.php" line="65" class="Tests\Feature\Playground\Admin\Resource\Http\Controllers\Playground\UserRouteTest" classname="Tests.Feature.Playground.Admin.Resource.Http.Controllers.Playground.UserRouteTest" assertions="35" time="0.170390"/>
        <testcase name="test_json_restore_as_admin_and_succeed_with_no_redirect" file="/app/vendor/gammamatrix/playground-test/src/Feature/Http/Controllers/Resource/Playground/RestoreJsonTrait.php" line="101" class="Tests\Feature\Playground\Admin\Resource\Http\Controllers\Playground\UserRouteTest" classname="Tests.Feature.Playground.Admin.Resource.Http.Controllers.Playground.UserRouteTest" assertions="35" time="0.167415"/>
        <testcase name="test_json_restore_as_user_and_get_denied" file="/app/vendor/gammamatrix/playground-test/src/Feature/Http/Controllers/Resource/Playground/RestoreJsonTrait.php" line="144" class="Tests\Feature\Playground\Admin\Resource\Http\Controllers\Playground\UserRouteTest" classname="Tests.Feature.Playground.Admin.Resource.Http.Controllers.Playground.UserRouteTest" assertions="3" time="0.168938"/>
        <testcase name="test_guest_cannot_restore" file="/app/vendor/gammamatrix/playground-test/src/Feature/Http/Controllers/Resource/Playground/RestoreTrait.php" line="33" class="Tests\Feature\Playground\Admin\Resource\Http\Controllers\Playground\UserRouteTest" classname="Tests.Feature.Playground.Admin.Resource.Http.Controllers.Playground.UserRouteTest" assertions="3" time="0.152704"/>
        <testcase name="test_restore_as_admin_and_succeed" file="/app/vendor/gammamatrix/playground-test/src/Feature/Http/Controllers/Resource/Playground/RestoreTrait.php" line="65" class="Tests\Feature\Playground\Admin\Resource\Http\Controllers\Playground\UserRouteTest" classname="Tests.Feature.Playground.Admin.Resource.Http.Controllers.Playground.UserRouteTest" assertions="4" time="0.163197"/>
        <testcase name="test_restore_as_admin_and_succeed_with_redirect_to_index_with_only_trash" file="/app/vendor/gammamatrix/playground-test/src/Feature/Http/Controllers/Resource/Playground/RestoreTrait.php" line="101" class="Tests\Feature\Playground\Admin\Resource\Http\Controllers\Playground\UserRouteTest" classname="Tests.Feature.Playground.Admin.Resource.Http.Controllers.Playground.UserRouteTest" assertions="4" time="0.165485"/>
        <testcase name="test_restore_as_user_and_get_denied" file="/app/vendor/gammamatrix/playground-test/src/Feature/Http/Controllers/Resource/Playground/RestoreTrait.php" line="147" class="Tests\Feature\Playground\Admin\Resource\Http\Controllers\Playground\UserRouteTest" classname="Tests.Feature.Playground.Admin.Resource.Http.Controllers.Playground.UserRouteTest" assertions="3" time="0.160017"/>
        <testcase name="test_json_guest_cannot_see_info" file="/app/vendor/gammamatrix/playground-test/src/Feature/Http/Controllers/Resource/Playground/ShowJsonTrait.php" line="30" class="Tests\Feature\Playground\Admin\Resource\Http\Controllers\Playground\UserRouteTest" classname="Tests.Feature.Playground.Admin.Resource.Http.Controllers.Playground.UserRouteTest" assertions="1" time="0.151969"/>
        <testcase name="test_json_show_info_for_admin" file="/app/vendor/gammamatrix/playground-test/src/Feature/Http/Controllers/Resource/Playground/ShowJsonTrait.php" line="50" class="Tests\Feature\Playground\Admin\Resource\Http\Controllers\Playground\UserRouteTest" classname="Tests.Feature.Playground.Admin.Resource.Http.Controllers.Playground.UserRouteTest" assertions="34" time="0.164288"/>
        <testcase name="test_guest_cannot_render_show_view" file="/app/vendor/gammamatrix/playground-test/src/Feature/Http/Controllers/Resource/Playground/ShowTrait.php" line="30" class="Tests\Feature\Playground\Admin\Resource\Http\Controllers\Playground\UserRouteTest" classname="Tests.Feature.Playground.Admin.Resource.Http.Controllers.Playground.UserRouteTest" assertions="1" time="0.152324"/>
        <testcase name="test_show_view_rendered_by_admin" file="/app/vendor/gammamatrix/playground-test/src/Feature/Http/Controllers/Resource/Playground/ShowTrait.php" line="50" class="Tests\Feature\Playground\Admin\Resource\Http\Controllers\Playground\UserRouteTest" classname="Tests.Feature.Playground.Admin.Resource.Http.Controllers.Playground.UserRouteTest" assertions="2" time="0.177619"/>
        <testcase name="test_json_guest_cannot_store" file="/app/vendor/gammamatrix/playground-test/src/Feature/Http/Controllers/Resource/Playground/StoreJsonTrait.php" line="44" class="Tests\Feature\Playground\Admin\Resource\Http\Controllers\Playground\UserRouteTest" classname="Tests.Feature.Playground.Admin.Resource.Http.Controllers.Playground.UserRouteTest" assertions="3" time="0.162687"/>
        <testcase name="test_json_store_as_admin_without_payload_and_fail_validation" file="/app/vendor/gammamatrix/playground-test/src/Feature/Http/Controllers/Resource/Playground/StoreJsonTrait.php" line="67" class="Tests\Feature\Playground\Admin\Resource\Http\Controllers\Playground\UserRouteTest" classname="Tests.Feature.Playground.Admin.Resource.Http.Controllers.Playground.UserRouteTest" assertions="5" time="0.160406"/>
        <testcase name="test_json_store_as_admin_and_succeed" file="/app/vendor/gammamatrix/playground-test/src/Feature/Http/Controllers/Resource/Playground/StoreJsonTrait.php" line="93" class="Tests\Feature\Playground\Admin\Resource\Http\Controllers\Playground\UserRouteTest" classname="Tests.Feature.Playground.Admin.Resource.Http.Controllers.Playground.UserRouteTest" assertions="3" time="0.175379"/>
        <testcase name="test_guest_cannot_store" file="/app/vendor/gammamatrix/playground-test/src/Feature/Http/Controllers/Resource/Playground/StoreTrait.php" line="39" class="Tests\Feature\Playground\Admin\Resource\Http\Controllers\Playground\UserRouteTest" classname="Tests.Feature.Playground.Admin.Resource.Http.Controllers.Playground.UserRouteTest" assertions="3" time="0.149649"/>
        <testcase name="test_store_as_admin_without_payload_and_fail_validation" file="/app/vendor/gammamatrix/playground-test/src/Feature/Http/Controllers/Resource/Playground/StoreTrait.php" line="62" class="Tests\Feature\Playground\Admin\Resource\Http\Controllers\Playground\UserRouteTest" classname="Tests.Feature.Playground.Admin.Resource.Http.Controllers.Playground.UserRouteTest" assertions="5" time="0.160848"/>
        <testcase name="test_store_as_admin_and_succeed" file="/app/vendor/gammamatrix/playground-test/src/Feature/Http/Controllers/Resource/Playground/StoreTrait.php" line="91" class="Tests\Feature\Playground\Admin\Resource\Http\Controllers\Playground\UserRouteTest" classname="Tests.Feature.Playground.Admin.Resource.Http.Controllers.Playground.UserRouteTest" assertions="4" time="0.173057"/>
        <testcase name="test_store_as_admin_and_succeed_with_return_url" file="/app/vendor/gammamatrix/playground-test/src/Feature/Http/Controllers/Resource/Playground/StoreTrait.php" line="136" class="Tests\Feature\Playground\Admin\Resource\Http\Controllers\Playground\UserRouteTest" classname="Tests.Feature.Playground.Admin.Resource.Http.Controllers.Playground.UserRouteTest" assertions="4" time="0.173951"/>
        <testcase name="test_json_guest_cannot_unlock" file="/app/vendor/gammamatrix/playground-test/src/Feature/Http/Controllers/Resource/Playground/UnlockJsonTrait.php" line="37" class="Tests\Feature\Playground\Admin\Resource\Http\Controllers\Playground\UserRouteTest" classname="Tests.Feature.Playground.Admin.Resource.Http.Controllers.Playground.UserRouteTest" assertions="3" time="0.155561"/>
        <testcase name="test_json_unlock_as_admin_and_succeed" file="/app/vendor/gammamatrix/playground-test/src/Feature/Http/Controllers/Resource/Playground/UnlockJsonTrait.php" line="69" class="Tests\Feature\Playground\Admin\Resource\Http\Controllers\Playground\UserRouteTest" classname="Tests.Feature.Playground.Admin.Resource.Http.Controllers.Playground.UserRouteTest" assertions="35" time="0.171854"/>
        <testcase name="test_json_unlock_as_admin_and_succeed_with_no_redirect" file="/app/vendor/gammamatrix/playground-test/src/Feature/Http/Controllers/Resource/Playground/UnlockJsonTrait.php" line="105" class="Tests\Feature\Playground\Admin\Resource\Http\Controllers\Playground\UserRouteTest" classname="Tests.Feature.Playground.Admin.Resource.Http.Controllers.Playground.UserRouteTest" assertions="35" time="0.182264"/>
        <testcase name="test_json_unlock_as_user_and_get_denied" file="/app/vendor/gammamatrix/playground-test/src/Feature/Http/Controllers/Resource/Playground/UnlockJsonTrait.php" line="146" class="Tests\Feature\Playground\Admin\Resource\Http\Controllers\Playground\UserRouteTest" classname="Tests.Feature.Playground.Admin.Resource.Http.Controllers.Playground.UserRouteTest" assertions="3" time="0.162755"/>
        <testcase name="test_guest_cannot_unlock" file="/app/vendor/gammamatrix/playground-test/src/Feature/Http/Controllers/Resource/Playground/UnlockTrait.php" line="37" class="Tests\Feature\Playground\Admin\Resource\Http\Controllers\Playground\UserRouteTest" classname="Tests.Feature.Playground.Admin.Resource.Http.Controllers.Playground.UserRouteTest" assertions="3" time="0.158587"/>
        <testcase name="test_unlock_as_admin_and_succeed" file="/app/vendor/gammamatrix/playground-test/src/Feature/Http/Controllers/Resource/Playground/UnlockTrait.php" line="69" class="Tests\Feature\Playground\Admin\Resource\Http\Controllers\Playground\UserRouteTest" classname="Tests.Feature.Playground.Admin.Resource.Http.Controllers.Playground.UserRouteTest" assertions="4" time="0.168985"/>
        <testcase name="test_unlock_as_admin_and_succeed_with_redirect_to_index_with_sorted_by_unlocked_desc" file="/app/vendor/gammamatrix/playground-test/src/Feature/Http/Controllers/Resource/Playground/UnlockTrait.php" line="110" class="Tests\Feature\Playground\Admin\Resource\Http\Controllers\Playground\UserRouteTest" classname="Tests.Feature.Playground.Admin.Resource.Http.Controllers.Playground.UserRouteTest" assertions="4" time="0.168836"/>
        <testcase name="test_unlock_as_user_and_get_denied" file="/app/vendor/gammamatrix/playground-test/src/Feature/Http/Controllers/Resource/Playground/UnlockTrait.php" line="149" class="Tests\Feature\Playground\Admin\Resource\Http\Controllers\Playground\UserRouteTest" classname="Tests.Feature.Playground.Admin.Resource.Http.Controllers.Playground.UserRouteTest" assertions="3" time="0.164601"/>
        <testcase name="test_json_guest_cannot_update" file="/app/vendor/gammamatrix/playground-test/src/Feature/Http/Controllers/Resource/Playground/UpdateJsonTrait.php" line="46" class="Tests\Feature\Playground\Admin\Resource\Http\Controllers\Playground\UserRouteTest" classname="Tests.Feature.Playground.Admin.Resource.Http.Controllers.Playground.UserRouteTest" assertions="1" time="0.154153"/>
        <testcase name="test_json_update_as_admin_without_payload_and_passes_validation" file="/app/vendor/gammamatrix/playground-test/src/Feature/Http/Controllers/Resource/Playground/UpdateJsonTrait.php" line="66" class="Tests\Feature\Playground\Admin\Resource\Http\Controllers\Playground\UserRouteTest" classname="Tests.Feature.Playground.Admin.Resource.Http.Controllers.Playground.UserRouteTest" assertions="2" time="0.172658"/>
        <testcase name="test_json_admin_can_update" file="/app/vendor/gammamatrix/playground-test/src/Feature/Http/Controllers/Resource/Playground/UpdateJsonTrait.php" line="114" class="Tests\Feature\Playground\Admin\Resource\Http\Controllers\Playground\UserRouteTest" classname="Tests.Feature.Playground.Admin.Resource.Http.Controllers.Playground.UserRouteTest" assertions="37" time="0.188210"/>
        <testcase name="test_guest_cannot_update" file="/app/vendor/gammamatrix/playground-test/src/Feature/Http/Controllers/Resource/Playground/UpdateTrait.php" line="46" class="Tests\Feature\Playground\Admin\Resource\Http\Controllers\Playground\UserRouteTest" classname="Tests.Feature.Playground.Admin.Resource.Http.Controllers.Playground.UserRouteTest" assertions="1" time="0.166926"/>
        <testcase name="test_update_as_admin_without_payload_and_passes_validation" file="/app/vendor/gammamatrix/playground-test/src/Feature/Http/Controllers/Resource/Playground/UpdateTrait.php" line="66" class="Tests\Feature\Playground\Admin\Resource\Http\Controllers\Playground\UserRouteTest" classname="Tests.Feature.Playground.Admin.Resource.Http.Controllers.Playground.UserRouteTest" assertions="3" time="0.170403"/>
        <testcase name="test_admin_can_update" file="/app/vendor/gammamatrix/playground-test/src/Feature/Http/Controllers/Resource/Playground/UpdateTrait.php" line="117" class="Tests\Feature\Playground\Admin\Resource\Http\Controllers\Playground\UserRouteTest" classname="Tests.Feature.Playground.Admin.Resource.Http.Controllers.Playground.UserRouteTest" assertions="6" time="0.185024"/>
        <testcase name="test_admin_can_update_view_with_return_url" file="/app/vendor/gammamatrix/playground-test/src/Feature/Http/Controllers/Resource/Playground/UpdateTrait.php" line="160" class="Tests\Feature\Playground\Admin\Resource\Http\Controllers\Playground\UserRouteTest" classname="Tests.Feature.Playground.Admin.Resource.Http.Controllers.Playground.UserRouteTest" assertions="6" time="0.185923"/>
      </testsuite>
      <testsuite name="Tests\Feature\Playground\Admin\Resource\Http\Requests\FormRequest\InstanceTest" file="/app/vendor/gammamatrix/playground-admin-resource/tests/Feature/Http/Requests/FormRequest/InstanceTest.php" tests="1" assertions="1" errors="0" failures="0" skipped="0" time="0.130037">
        <testcase name="test_form_request_authorize_with_admin" file="/app/vendor/gammamatrix/playground-admin-resource/tests/Feature/Http/Requests/FormRequest/InstanceTest.php" line="22" class="Tests\Feature\Playground\Admin\Resource\Http\Requests\FormRequest\InstanceTest" classname="Tests.Feature.Playground.Admin.Resource.Http.Requests.FormRequest.InstanceTest" assertions="1" time="0.130037"/>
      </testsuite>
      <testsuite name="Tests\Feature\Playground\Cms\Console\Commands\About\CommandTest" file="/app/vendor/gammamatrix/playground-cms/tests/Feature/Console/Commands/About/CommandTest.php" tests="1" assertions="2" errors="0" failures="0" skipped="0" time="0.263129">
        <testcase name="test_command_about_displays_package_information_and_succeed" file="/app/vendor/gammamatrix/playground-cms/tests/Feature/Console/Commands/About/CommandTest.php" line="35" class="Tests\Feature\Playground\Cms\Console\Commands\About\CommandTest" classname="Tests.Feature.Playground.Cms.Console.Commands.About.CommandTest" assertions="2" time="0.263129"/>
      </testsuite>
      <testsuite name="Tests\Feature\Playground\Cms\Models\Page\ModelTest" file="/app/vendor/gammamatrix/playground-cms/tests/Feature/Models/Page/ModelTest.php" tests="3" assertions="73" errors="0" failures="0" skipped="0" time="0.647365">
        <testcase name="test_model_instance" file="/app/vendor/gammamatrix/playground-test/src/Feature/Models/ModelCase.php" line="123" class="Tests\Feature\Playground\Cms\Models\Page\ModelTest" classname="Tests.Feature.Playground.Cms.Models.Page.ModelTest" assertions="1" time="0.167869"/>
        <testcase name="test_verify_model_relationships" file="/app/vendor/gammamatrix/playground-test/src/Feature/Models/ModelCase.php" line="202" class="Tests\Feature\Playground\Cms\Models\Page\ModelTest" classname="Tests.Feature.Playground.Cms.Models.Page.ModelTest" assertions="68" time="0.293212"/>
        <testcase name="test_factory_create" file="/app/vendor/gammamatrix/playground-test/src/Feature/Models/ModelCase.php" line="223" class="Tests\Feature\Playground\Cms\Models\Page\ModelTest" classname="Tests.Feature.Playground.Cms.Models.Page.ModelTest" assertions="4" time="0.186284"/>
      </testsuite>
      <testsuite name="Tests\Feature\Playground\Cms\Models\PageRevision\ModelTest" file="/app/vendor/gammamatrix/playground-cms/tests/Feature/Models/PageRevision/ModelTest.php" tests="3" assertions="71" errors="0" failures="0" skipped="0" time="0.633315">
        <testcase name="test_model_instance" file="/app/vendor/gammamatrix/playground-test/src/Feature/Models/ModelCase.php" line="123" class="Tests\Feature\Playground\Cms\Models\PageRevision\ModelTest" classname="Tests.Feature.Playground.Cms.Models.PageRevision.ModelTest" assertions="1" time="0.166159"/>
        <testcase name="test_verify_model_relationships" file="/app/vendor/gammamatrix/playground-test/src/Feature/Models/ModelCase.php" line="202" class="Tests\Feature\Playground\Cms\Models\PageRevision\ModelTest" classname="Tests.Feature.Playground.Cms.Models.PageRevision.ModelTest" assertions="66" time="0.289682"/>
        <testcase name="test_factory_create" file="/app/vendor/gammamatrix/playground-test/src/Feature/Models/ModelCase.php" line="223" class="Tests\Feature\Playground\Cms\Models\PageRevision\ModelTest" classname="Tests.Feature.Playground.Cms.Models.PageRevision.ModelTest" assertions="4" time="0.177474"/>
      </testsuite>
      <testsuite name="Tests\Feature\Playground\Cms\Models\Snippet\ModelTest" file="/app/vendor/gammamatrix/playground-cms/tests/Feature/Models/Snippet/ModelTest.php" tests="3" assertions="73" errors="0" failures="0" skipped="0" time="0.626698">
        <testcase name="test_model_instance" file="/app/vendor/gammamatrix/playground-test/src/Feature/Models/ModelCase.php" line="123" class="Tests\Feature\Playground\Cms\Models\Snippet\ModelTest" classname="Tests.Feature.Playground.Cms.Models.Snippet.ModelTest" assertions="1" time="0.166717"/>
        <testcase name="test_verify_model_relationships" file="/app/vendor/gammamatrix/playground-test/src/Feature/Models/ModelCase.php" line="202" class="Tests\Feature\Playground\Cms\Models\Snippet\ModelTest" classname="Tests.Feature.Playground.Cms.Models.Snippet.ModelTest" assertions="68" time="0.283086"/>
        <testcase name="test_factory_create" file="/app/vendor/gammamatrix/playground-test/src/Feature/Models/ModelCase.php" line="223" class="Tests\Feature\Playground\Cms\Models\Snippet\ModelTest" classname="Tests.Feature.Playground.Cms.Models.Snippet.ModelTest" assertions="4" time="0.176896"/>
      </testsuite>
      <testsuite name="Tests\Feature\Playground\Cms\Models\SnippetRevision\ModelTest" file="/app/vendor/gammamatrix/playground-cms/tests/Feature/Models/SnippetRevision/ModelTest.php" tests="3" assertions="71" errors="0" failures="0" skipped="0" time="0.618876">
        <testcase name="test_model_instance" file="/app/vendor/gammamatrix/playground-test/src/Feature/Models/ModelCase.php" line="123" class="Tests\Feature\Playground\Cms\Models\SnippetRevision\ModelTest" classname="Tests.Feature.Playground.Cms.Models.SnippetRevision.ModelTest" assertions="1" time="0.169979"/>
        <testcase name="test_verify_model_relationships" file="/app/vendor/gammamatrix/playground-test/src/Feature/Models/ModelCase.php" line="202" class="Tests\Feature\Playground\Cms\Models\SnippetRevision\ModelTest" classname="Tests.Feature.Playground.Cms.Models.SnippetRevision.ModelTest" assertions="66" time="0.272353"/>
        <testcase name="test_factory_create" file="/app/vendor/gammamatrix/playground-test/src/Feature/Models/ModelCase.php" line="223" class="Tests\Feature\Playground\Cms\Models\SnippetRevision\ModelTest" classname="Tests.Feature.Playground.Cms.Models.SnippetRevision.ModelTest" assertions="4" time="0.176544"/>
      </testsuite>
      <testsuite name="Tests\Feature\Playground\Cms\Resource\Console\Commands\About\CommandTest" file="/app/vendor/gammamatrix/playground-cms-resource/tests/Feature/Console/Commands/About/CommandTest.php" tests="1" assertions="2" errors="0" failures="0" skipped="0" time="0.419123">
        <testcase name="test_command_about_displays_package_information_and_succeed" file="/app/vendor/gammamatrix/playground-cms-resource/tests/Feature/Console/Commands/About/CommandTest.php" line="22" class="Tests\Feature\Playground\Cms\Resource\Console\Commands\About\CommandTest" classname="Tests.Feature.Playground.Cms.Resource.Console.Commands.About.CommandTest" assertions="2" time="0.419123"/>
      </testsuite>
      <testsuite name="Tests\Feature\Playground\Cms\Resource\Http\Controllers\Playground\IndexRouteTest" file="/app/vendor/gammamatrix/playground-cms-resource/tests/Feature/Http/Controllers/Playground/IndexRouteTest.php" tests="2" assertions="3" errors="0" failures="0" skipped="0" time="0.398760">
        <testcase name="test_guest_cannot_render_index_view" file="/app/vendor/gammamatrix/playground-cms-resource/tests/Feature/Http/Controllers/Playground/IndexRouteTest.php" line="21" class="Tests\Feature\Playground\Cms\Resource\Http\Controllers\Playground\IndexRouteTest" classname="Tests.Feature.Playground.Cms.Resource.Http.Controllers.Playground.IndexRouteTest" assertions="1" time="0.190429"/>
        <testcase name="test_admin_can_render_index_view" file="/app/vendor/gammamatrix/playground-cms-resource/tests/Feature/Http/Controllers/Playground/IndexRouteTest.php" line="30" class="Tests\Feature\Playground\Cms\Resource\Http\Controllers\Playground\IndexRouteTest" classname="Tests.Feature.Playground.Cms.Resource.Http.Controllers.Playground.IndexRouteTest" assertions="2" time="0.208331"/>
      </testsuite>
      <testsuite name="Tests\Feature\Playground\Cms\Resource\Http\Controllers\Playground\PageRouteTest" file="/app/vendor/gammamatrix/playground-cms-resource/tests/Feature/Http/Controllers/Playground/PageRouteTest.php" tests="91" assertions="1536" errors="0" failures="0" skipped="0" time="21.609775">
        <testcase name="test_json_guest_cannot_get_create_info" file="/app/vendor/gammamatrix/playground-test/src/Feature/Http/Controllers/Resource/Playground/CreateJsonTrait.php" line="39" class="Tests\Feature\Playground\Cms\Resource\Http\Controllers\Playground\PageRouteTest" classname="Tests.Feature.Playground.Cms.Resource.Http.Controllers.Playground.PageRouteTest" assertions="1" time="0.190675"/>
        <testcase name="test_json_admin_can_get_create_info" file="/app/vendor/gammamatrix/playground-test/src/Feature/Http/Controllers/Resource/Playground/CreateJsonTrait.php" line="54" class="Tests\Feature\Playground\Cms\Resource\Http\Controllers\Playground\PageRouteTest" classname="Tests.Feature.Playground.Cms.Resource.Http.Controllers.Playground.PageRouteTest" assertions="97" time="0.215246"/>
        <testcase name="test_json_get_create_info_as_admin_with_invalid_parameter_and_fail_validation" file="/app/vendor/gammamatrix/playground-test/src/Feature/Http/Controllers/Resource/Playground/CreateJsonTrait.php" line="74" class="Tests\Feature\Playground\Cms\Resource\Http\Controllers\Playground\PageRouteTest" classname="Tests.Feature.Playground.Cms.Resource.Http.Controllers.Playground.PageRouteTest" assertions="4" time="0.219022"/>
        <testcase name="test_guest_cannot_render_create_view" file="/app/vendor/gammamatrix/playground-test/src/Feature/Http/Controllers/Resource/Playground/CreateTrait.php" line="34" class="Tests\Feature\Playground\Cms\Resource\Http\Controllers\Playground\PageRouteTest" classname="Tests.Feature.Playground.Cms.Resource.Http.Controllers.Playground.PageRouteTest" assertions="1" time="0.191166"/>
        <testcase name="test_admin_can_render_create_view" file="/app/vendor/gammamatrix/playground-test/src/Feature/Http/Controllers/Resource/Playground/CreateTrait.php" line="48" class="Tests\Feature\Playground\Cms\Resource\Http\Controllers\Playground\PageRouteTest" classname="Tests.Feature.Playground.Cms.Resource.Http.Controllers.Playground.PageRouteTest" assertions="2" time="0.253818"/>
        <testcase name="test_admin_can_render_create_view_with_return_url" file="/app/vendor/gammamatrix/playground-test/src/Feature/Http/Controllers/Resource/Playground/CreateTrait.php" line="66" class="Tests\Feature\Playground\Cms\Resource\Http\Controllers\Playground\PageRouteTest" classname="Tests.Feature.Playground.Cms.Resource.Http.Controllers.Playground.PageRouteTest" assertions="3" time="0.248815"/>
        <testcase name="test_create_view_as_admin_with_invalid_parameter_and_fail_validation_and_redirect" file="/app/vendor/gammamatrix/playground-test/src/Feature/Http/Controllers/Resource/Playground/CreateTrait.php" line="93" class="Tests\Feature\Playground\Cms\Resource\Http\Controllers\Playground\PageRouteTest" classname="Tests.Feature.Playground.Cms.Resource.Http.Controllers.Playground.PageRouteTest" assertions="5" time="0.210514"/>
        <testcase name="test_json_guest_cannot_destroy" file="/app/vendor/gammamatrix/playground-test/src/Feature/Http/Controllers/Resource/Playground/DestroyJsonTrait.php" line="32" class="Tests\Feature\Playground\Cms\Resource\Http\Controllers\Playground\PageRouteTest" classname="Tests.Feature.Playground.Cms.Resource.Http.Controllers.Playground.PageRouteTest" assertions="3" time="0.201776"/>
        <testcase name="test_json_destroy_as_admin_and_succeed" file="/app/vendor/gammamatrix/playground-test/src/Feature/Http/Controllers/Resource/Playground/DestroyJsonTrait.php" line="62" class="Tests\Feature\Playground\Cms\Resource\Http\Controllers\Playground\PageRouteTest" classname="Tests.Feature.Playground.Cms.Resource.Http.Controllers.Playground.PageRouteTest" assertions="5" time="0.213757"/>
        <testcase name="test_json_destroy_as_admin_and_succeed_with_force_delete" file="/app/vendor/gammamatrix/playground-test/src/Feature/Http/Controllers/Resource/Playground/DestroyJsonTrait.php" line="101" class="Tests\Feature\Playground\Cms\Resource\Http\Controllers\Playground\PageRouteTest" classname="Tests.Feature.Playground.Cms.Resource.Http.Controllers.Playground.PageRouteTest" assertions="4" time="0.213338"/>
        <testcase name="test_json_destroy_as_admin_and_succeed_with_no_content" file="/app/vendor/gammamatrix/playground-test/src/Feature/Http/Controllers/Resource/Playground/DestroyJsonTrait.php" line="133" class="Tests\Feature\Playground\Cms\Resource\Http\Controllers\Playground\PageRouteTest" classname="Tests.Feature.Playground.Cms.Resource.Http.Controllers.Playground.PageRouteTest" assertions="5" time="0.227007"/>
        <testcase name="test_json_destroy_as_admin_and_succeed_and_ignore_redirect" file="/app/vendor/gammamatrix/playground-test/src/Feature/Http/Controllers/Resource/Playground/DestroyJsonTrait.php" line="168" class="Tests\Feature\Playground\Cms\Resource\Http\Controllers\Playground\PageRouteTest" classname="Tests.Feature.Playground.Cms.Resource.Http.Controllers.Playground.PageRouteTest" assertions="5" time="0.216187"/>
        <testcase name="test_json_destroy_as_user_and_get_denied_and_no_force_delete_allowed" file="/app/vendor/gammamatrix/playground-test/src/Feature/Http/Controllers/Resource/Playground/DestroyJsonTrait.php" line="210" class="Tests\Feature\Playground\Cms\Resource\Http\Controllers\Playground\PageRouteTest" classname="Tests.Feature.Playground.Cms.Resource.Http.Controllers.Playground.PageRouteTest" assertions="3" time="0.213124"/>
        <testcase name="test_guest_cannot_destroy" file="/app/vendor/gammamatrix/playground-test/src/Feature/Http/Controllers/Resource/Playground/DestroyTrait.php" line="32" class="Tests\Feature\Playground\Cms\Resource\Http\Controllers\Playground\PageRouteTest" classname="Tests.Feature.Playground.Cms.Resource.Http.Controllers.Playground.PageRouteTest" assertions="3" time="0.206306"/>
        <testcase name="test_destroy_as_admin_and_succeed" file="/app/vendor/gammamatrix/playground-test/src/Feature/Http/Controllers/Resource/Playground/DestroyTrait.php" line="62" class="Tests\Feature\Playground\Cms\Resource\Http\Controllers\Playground\PageRouteTest" classname="Tests.Feature.Playground.Cms.Resource.Http.Controllers.Playground.PageRouteTest" assertions="5" time="0.215718"/>
        <testcase name="test_destroy_as_admin_and_succeed_with_force_delete" file="/app/vendor/gammamatrix/playground-test/src/Feature/Http/Controllers/Resource/Playground/DestroyTrait.php" line="98" class="Tests\Feature\Playground\Cms\Resource\Http\Controllers\Playground\PageRouteTest" classname="Tests.Feature.Playground.Cms.Resource.Http.Controllers.Playground.PageRouteTest" assertions="4" time="0.214912"/>
        <testcase name="test_destroy_as_admin_and_succeed_with_redirect_to_index_with_trash" file="/app/vendor/gammamatrix/playground-test/src/Feature/Http/Controllers/Resource/Playground/DestroyTrait.php" line="130" class="Tests\Feature\Playground\Cms\Resource\Http\Controllers\Playground\PageRouteTest" classname="Tests.Feature.Playground.Cms.Resource.Http.Controllers.Playground.PageRouteTest" assertions="5" time="0.217698"/>
        <testcase name="test_destroy_as_user_and_get_denied_and_no_force_delete_allowed" file="/app/vendor/gammamatrix/playground-test/src/Feature/Http/Controllers/Resource/Playground/DestroyTrait.php" line="172" class="Tests\Feature\Playground\Cms\Resource\Http\Controllers\Playground\PageRouteTest" classname="Tests.Feature.Playground.Cms.Resource.Http.Controllers.Playground.PageRouteTest" assertions="3" time="0.220762"/>
        <testcase name="test_json_guest_cannot_get_edit_info" file="/app/vendor/gammamatrix/playground-test/src/Feature/Http/Controllers/Resource/Playground/EditJsonTrait.php" line="39" class="Tests\Feature\Playground\Cms\Resource\Http\Controllers\Playground\PageRouteTest" classname="Tests.Feature.Playground.Cms.Resource.Http.Controllers.Playground.PageRouteTest" assertions="1" time="0.204312"/>
        <testcase name="test_json_admin_can_get_edit_info" file="/app/vendor/gammamatrix/playground-test/src/Feature/Http/Controllers/Resource/Playground/EditJsonTrait.php" line="59" class="Tests\Feature\Playground\Cms\Resource\Http\Controllers\Playground\PageRouteTest" classname="Tests.Feature.Playground.Cms.Resource.Http.Controllers.Playground.PageRouteTest" assertions="4" time="0.238951"/>
        <testcase name="test_json_edit_as_admin_and_fail_validation_with_invalid_parameter" file="/app/vendor/gammamatrix/playground-test/src/Feature/Http/Controllers/Resource/Playground/EditJsonTrait.php" line="88" class="Tests\Feature\Playground\Cms\Resource\Http\Controllers\Playground\PageRouteTest" classname="Tests.Feature.Playground.Cms.Resource.Http.Controllers.Playground.PageRouteTest" assertions="4" time="0.223523"/>
        <testcase name="test_guest_cannot_render_edit_view" file="/app/vendor/gammamatrix/playground-test/src/Feature/Http/Controllers/Resource/Playground/EditTrait.php" line="34" class="Tests\Feature\Playground\Cms\Resource\Http\Controllers\Playground\PageRouteTest" classname="Tests.Feature.Playground.Cms.Resource.Http.Controllers.Playground.PageRouteTest" assertions="1" time="0.210973"/>
        <testcase name="test_admin_can_render_edit_view" file="/app/vendor/gammamatrix/playground-test/src/Feature/Http/Controllers/Resource/Playground/EditTrait.php" line="54" class="Tests\Feature\Playground\Cms\Resource\Http\Controllers\Playground\PageRouteTest" classname="Tests.Feature.Playground.Cms.Resource.Http.Controllers.Playground.PageRouteTest" assertions="2" time="0.265365"/>
        <testcase name="test_admin_can_render_edit_view_with_return_url" file="/app/vendor/gammamatrix/playground-test/src/Feature/Http/Controllers/Resource/Playground/EditTrait.php" line="78" class="Tests\Feature\Playground\Cms\Resource\Http\Controllers\Playground\PageRouteTest" classname="Tests.Feature.Playground.Cms.Resource.Http.Controllers.Playground.PageRouteTest" assertions="3" time="0.266015"/>
        <testcase name="test_edit_view_as_admin_with_invalid_parameter_and_fail_validation_and_redirect" file="/app/vendor/gammamatrix/playground-test/src/Feature/Http/Controllers/Resource/Playground/EditTrait.php" line="110" class="Tests\Feature\Playground\Cms\Resource\Http\Controllers\Playground\PageRouteTest" classname="Tests.Feature.Playground.Cms.Resource.Http.Controllers.Playground.PageRouteTest" assertions="4" time="0.225182"/>
        <testcase name="test_json_guest_cannot_get_index" file="/app/vendor/gammamatrix/playground-test/src/Feature/Http/Controllers/Resource/Playground/IndexJsonTrait.php" line="35" class="Tests\Feature\Playground\Cms\Resource\Http\Controllers\Playground\PageRouteTest" classname="Tests.Feature.Playground.Cms.Resource.Http.Controllers.Playground.PageRouteTest" assertions="1" time="0.207752"/>
        <testcase name="test_json_admin_can_get_index" file="/app/vendor/gammamatrix/playground-test/src/Feature/Http/Controllers/Resource/Playground/IndexJsonTrait.php" line="50" class="Tests\Feature\Playground\Cms\Resource\Http\Controllers\Playground\PageRouteTest" classname="Tests.Feature.Playground.Cms.Resource.Http.Controllers.Playground.PageRouteTest" assertions="104" time="0.233384"/>
        <testcase name="test_json_admin_can_get_index_with_filters" file="/app/vendor/gammamatrix/playground-test/src/Feature/Http/Controllers/Resource/Playground/IndexJsonTrait.php" line="86" class="Tests\Feature\Playground\Cms\Resource\Http\Controllers\Playground\PageRouteTest" classname="Tests.Feature.Playground.Cms.Resource.Http.Controllers.Playground.PageRouteTest" assertions="3" time="0.247909"/>
        <testcase name="test_guest_cannot_render_index_view" file="/app/vendor/gammamatrix/playground-test/src/Feature/Http/Controllers/Resource/Playground/IndexTrait.php" line="30" class="Tests\Feature\Playground\Cms\Resource\Http\Controllers\Playground\PageRouteTest" classname="Tests.Feature.Playground.Cms.Resource.Http.Controllers.Playground.PageRouteTest" assertions="1" time="0.208589"/>
        <testcase name="test_admin_can_render_index_view" file="/app/vendor/gammamatrix/playground-test/src/Feature/Http/Controllers/Resource/Playground/IndexTrait.php" line="45" class="Tests\Feature\Playground\Cms\Resource\Http\Controllers\Playground\PageRouteTest" classname="Tests.Feature.Playground.Cms.Resource.Http.Controllers.Playground.PageRouteTest" assertions="2" time="0.260679"/>
        <testcase name="test_admin_can_render_index_view_with_filters" file="/app/vendor/gammamatrix/playground-test/src/Feature/Http/Controllers/Resource/Playground/IndexTrait.php" line="78" class="Tests\Feature\Playground\Cms\Resource\Http\Controllers\Playground\PageRouteTest" classname="Tests.Feature.Playground.Cms.Resource.Http.Controllers.Playground.PageRouteTest" assertions="3" time="0.259819"/>
        <testcase name="test_json_guest_cannot_lock" file="/app/vendor/gammamatrix/playground-test/src/Feature/Http/Controllers/Resource/Playground/LockJsonTrait.php" line="37" class="Tests\Feature\Playground\Cms\Resource\Http\Controllers\Playground\PageRouteTest" classname="Tests.Feature.Playground.Cms.Resource.Http.Controllers.Playground.PageRouteTest" assertions="3" time="0.208903"/>
        <testcase name="test_json_lock_as_admin_and_succeed" file="/app/vendor/gammamatrix/playground-test/src/Feature/Http/Controllers/Resource/Playground/LockJsonTrait.php" line="67" class="Tests\Feature\Playground\Cms\Resource\Http\Controllers\Playground\PageRouteTest" classname="Tests.Feature.Playground.Cms.Resource.Http.Controllers.Playground.PageRouteTest" assertions="3" time="0.228209"/>
        <testcase name="test_json_lock_as_admin_and_succeed_with_no_redirect" file="/app/vendor/gammamatrix/playground-test/src/Feature/Http/Controllers/Resource/Playground/LockJsonTrait.php" line="99" class="Tests\Feature\Playground\Cms\Resource\Http\Controllers\Playground\PageRouteTest" classname="Tests.Feature.Playground.Cms.Resource.Http.Controllers.Playground.PageRouteTest" assertions="99" time="0.231063"/>
        <testcase name="test_json_lock_as_user_and_get_denied" file="/app/vendor/gammamatrix/playground-test/src/Feature/Http/Controllers/Resource/Playground/LockJsonTrait.php" line="144" class="Tests\Feature\Playground\Cms\Resource\Http\Controllers\Playground\PageRouteTest" classname="Tests.Feature.Playground.Cms.Resource.Http.Controllers.Playground.PageRouteTest" assertions="3" time="0.219634"/>
        <testcase name="test_guest_cannot_lock" file="/app/vendor/gammamatrix/playground-test/src/Feature/Http/Controllers/Resource/Playground/LockTrait.php" line="32" class="Tests\Feature\Playground\Cms\Resource\Http\Controllers\Playground\PageRouteTest" classname="Tests.Feature.Playground.Cms.Resource.Http.Controllers.Playground.PageRouteTest" assertions="3" time="0.221653"/>
        <testcase name="test_lock_as_admin_and_succeed" file="/app/vendor/gammamatrix/playground-test/src/Feature/Http/Controllers/Resource/Playground/LockTrait.php" line="62" class="Tests\Feature\Playground\Cms\Resource\Http\Controllers\Playground\PageRouteTest" classname="Tests.Feature.Playground.Cms.Resource.Http.Controllers.Playground.PageRouteTest" assertions="4" time="0.227561"/>
        <testcase name="test_lock_as_admin_and_succeed_with_redirect_to_index_with_sorted_by_locked_desc" file="/app/vendor/gammamatrix/playground-test/src/Feature/Http/Controllers/Resource/Playground/LockTrait.php" line="96" class="Tests\Feature\Playground\Cms\Resource\Http\Controllers\Playground\PageRouteTest" classname="Tests.Feature.Playground.Cms.Resource.Http.Controllers.Playground.PageRouteTest" assertions="4" time="0.226693"/>
        <testcase name="test_lock_as_user_and_get_denied" file="/app/vendor/gammamatrix/playground-test/src/Feature/Http/Controllers/Resource/Playground/LockTrait.php" line="133" class="Tests\Feature\Playground\Cms\Resource\Http\Controllers\Playground\PageRouteTest" classname="Tests.Feature.Playground.Cms.Resource.Http.Controllers.Playground.PageRouteTest" assertions="3" time="0.221013"/>
        <testcase name="test_json_guest_cannot_restore" file="/app/vendor/gammamatrix/playground-test/src/Feature/Http/Controllers/Resource/Playground/RestoreJsonTrait.php" line="33" class="Tests\Feature\Playground\Cms\Resource\Http\Controllers\Playground\PageRouteTest" classname="Tests.Feature.Playground.Cms.Resource.Http.Controllers.Playground.PageRouteTest" assertions="3" time="0.210004"/>
        <testcase name="test_json_restore_as_admin_and_succeed" file="/app/vendor/gammamatrix/playground-test/src/Feature/Http/Controllers/Resource/Playground/RestoreJsonTrait.php" line="65" class="Tests\Feature\Playground\Cms\Resource\Http\Controllers\Playground\PageRouteTest" classname="Tests.Feature.Playground.Cms.Resource.Http.Controllers.Playground.PageRouteTest" assertions="99" time="0.234490"/>
        <testcase name="test_json_restore_as_admin_and_succeed_with_no_redirect" file="/app/vendor/gammamatrix/playground-test/src/Feature/Http/Controllers/Resource/Playground/RestoreJsonTrait.php" line="101" class="Tests\Feature\Playground\Cms\Resource\Http\Controllers\Playground\PageRouteTest" classname="Tests.Feature.Playground.Cms.Resource.Http.Controllers.Playground.PageRouteTest" assertions="99" time="0.231719"/>
        <testcase name="test_json_restore_as_user_and_get_denied" file="/app/vendor/gammamatrix/playground-test/src/Feature/Http/Controllers/Resource/Playground/RestoreJsonTrait.php" line="144" class="Tests\Feature\Playground\Cms\Resource\Http\Controllers\Playground\PageRouteTest" classname="Tests.Feature.Playground.Cms.Resource.Http.Controllers.Playground.PageRouteTest" assertions="3" time="0.223744"/>
        <testcase name="test_json_guest_cannot_restore_revision" file="/app/vendor/gammamatrix/playground-test/src/Feature/Http/Controllers/Resource/Playground/RestoreRevisionJsonTrait.php" line="44" class="Tests\Feature\Playground\Cms\Resource\Http\Controllers\Playground\PageRouteTest" classname="Tests.Feature.Playground.Cms.Resource.Http.Controllers.Playground.PageRouteTest" assertions="3" time="0.223196"/>
        <testcase name="test_json_restore_revision_as_admin_and_succeed" file="/app/vendor/gammamatrix/playground-test/src/Feature/Http/Controllers/Resource/Playground/RestoreRevisionJsonTrait.php" line="80" class="Tests\Feature\Playground\Cms\Resource\Http\Controllers\Playground\PageRouteTest" classname="Tests.Feature.Playground.Cms.Resource.Http.Controllers.Playground.PageRouteTest" assertions="99" time="0.311652"/>
        <testcase name="test_json_restore_revision_as_admin_and_succeed_without_redirect" file="/app/vendor/gammamatrix/playground-test/src/Feature/Http/Controllers/Resource/Playground/RestoreRevisionJsonTrait.php" line="120" class="Tests\Feature\Playground\Cms\Resource\Http\Controllers\Playground\PageRouteTest" classname="Tests.Feature.Playground.Cms.Resource.Http.Controllers.Playground.PageRouteTest" assertions="99" time="0.300806"/>
        <testcase name="test_json_restore_revision_as_user_and_get_denied" file="/app/vendor/gammamatrix/playground-test/src/Feature/Http/Controllers/Resource/Playground/RestoreRevisionJsonTrait.php" line="172" class="Tests\Feature\Playground\Cms\Resource\Http\Controllers\Playground\PageRouteTest" classname="Tests.Feature.Playground.Cms.Resource.Http.Controllers.Playground.PageRouteTest" assertions="3" time="0.240781"/>
        <testcase name="test_guest_cannot_restore_revision" file="/app/vendor/gammamatrix/playground-test/src/Feature/Http/Controllers/Resource/Playground/RestoreRevisionTrait.php" line="39" class="Tests\Feature\Playground\Cms\Resource\Http\Controllers\Playground\PageRouteTest" classname="Tests.Feature.Playground.Cms.Resource.Http.Controllers.Playground.PageRouteTest" assertions="3" time="0.224629"/>
        <testcase name="test_restore_revision_as_admin_and_succeed" file="/app/vendor/gammamatrix/playground-test/src/Feature/Http/Controllers/Resource/Playground/RestoreRevisionTrait.php" line="75" class="Tests\Feature\Playground\Cms\Resource\Http\Controllers\Playground\PageRouteTest" classname="Tests.Feature.Playground.Cms.Resource.Http.Controllers.Playground.PageRouteTest" assertions="4" time="0.294862"/>
        <testcase name="test_restore_revision_as_admin_and_succeed_with_redirect_to_index_with_only_trash" file="/app/vendor/gammamatrix/playground-test/src/Feature/Http/Controllers/Resource/Playground/RestoreRevisionTrait.php" line="115" class="Tests\Feature\Playground\Cms\Resource\Http\Controllers\Playground\PageRouteTest" classname="Tests.Feature.Playground.Cms.Resource.Http.Controllers.Playground.PageRouteTest" assertions="4" time="0.295275"/>
        <testcase name="test_restore_revision_as_user_and_get_denied" file="/app/vendor/gammamatrix/playground-test/src/Feature/Http/Controllers/Resource/Playground/RestoreRevisionTrait.php" line="165" class="Tests\Feature\Playground\Cms\Resource\Http\Controllers\Playground\PageRouteTest" classname="Tests.Feature.Playground.Cms.Resource.Http.Controllers.Playground.PageRouteTest" assertions="3" time="0.234552"/>
        <testcase name="test_guest_cannot_restore" file="/app/vendor/gammamatrix/playground-test/src/Feature/Http/Controllers/Resource/Playground/RestoreTrait.php" line="33" class="Tests\Feature\Playground\Cms\Resource\Http\Controllers\Playground\PageRouteTest" classname="Tests.Feature.Playground.Cms.Resource.Http.Controllers.Playground.PageRouteTest" assertions="3" time="0.215168"/>
        <testcase name="test_restore_as_admin_and_succeed" file="/app/vendor/gammamatrix/playground-test/src/Feature/Http/Controllers/Resource/Playground/RestoreTrait.php" line="65" class="Tests\Feature\Playground\Cms\Resource\Http\Controllers\Playground\PageRouteTest" classname="Tests.Feature.Playground.Cms.Resource.Http.Controllers.Playground.PageRouteTest" assertions="4" time="0.229808"/>
        <testcase name="test_restore_as_admin_and_succeed_with_redirect_to_index_with_only_trash" file="/app/vendor/gammamatrix/playground-test/src/Feature/Http/Controllers/Resource/Playground/RestoreTrait.php" line="101" class="Tests\Feature\Playground\Cms\Resource\Http\Controllers\Playground\PageRouteTest" classname="Tests.Feature.Playground.Cms.Resource.Http.Controllers.Playground.PageRouteTest" assertions="4" time="0.242168"/>
        <testcase name="test_restore_as_user_and_get_denied" file="/app/vendor/gammamatrix/playground-test/src/Feature/Http/Controllers/Resource/Playground/RestoreTrait.php" line="147" class="Tests\Feature\Playground\Cms\Resource\Http\Controllers\Playground\PageRouteTest" classname="Tests.Feature.Playground.Cms.Resource.Http.Controllers.Playground.PageRouteTest" assertions="3" time="0.226415"/>
        <testcase name="test_json_guest_cannot_render_revision_view" file="/app/vendor/gammamatrix/playground-test/src/Feature/Http/Controllers/Resource/Playground/RevisionJsonTrait.php" line="39" class="Tests\Feature\Playground\Cms\Resource\Http\Controllers\Playground\PageRouteTest" classname="Tests.Feature.Playground.Cms.Resource.Http.Controllers.Playground.PageRouteTest" assertions="2" time="0.224863"/>
        <testcase name="test_json_admin_can_get_revision_info" file="/app/vendor/gammamatrix/playground-test/src/Feature/Http/Controllers/Resource/Playground/RevisionJsonTrait.php" line="70" class="Tests\Feature\Playground\Cms\Resource\Http\Controllers\Playground\PageRouteTest" classname="Tests.Feature.Playground.Cms.Resource.Http.Controllers.Playground.PageRouteTest" assertions="98" time="0.241142"/>
        <testcase name="test_json_guest_cannot_get_revisions" file="/app/vendor/gammamatrix/playground-test/src/Feature/Http/Controllers/Resource/Playground/RevisionsJsonTrait.php" line="35" class="Tests\Feature\Playground\Cms\Resource\Http\Controllers\Playground\PageRouteTest" classname="Tests.Feature.Playground.Cms.Resource.Http.Controllers.Playground.PageRouteTest" assertions="2" time="0.228330"/>
        <testcase name="test_json_admin_can_get_revisions" file="/app/vendor/gammamatrix/playground-test/src/Feature/Http/Controllers/Resource/Playground/RevisionsJsonTrait.php" line="64" class="Tests\Feature\Playground\Cms\Resource\Http\Controllers\Playground\PageRouteTest" classname="Tests.Feature.Playground.Cms.Resource.Http.Controllers.Playground.PageRouteTest" assertions="2" time="0.254094"/>
        <testcase name="test_json_admin_can_get_revisions_with_filters" file="/app/vendor/gammamatrix/playground-test/src/Feature/Http/Controllers/Resource/Playground/RevisionsJsonTrait.php" line="105" class="Tests\Feature\Playground\Cms\Resource\Http\Controllers\Playground\PageRouteTest" classname="Tests.Feature.Playground.Cms.Resource.Http.Controllers.Playground.PageRouteTest" assertions="105" time="0.255516"/>
        <testcase name="test_guest_cannot_render_revisions_view" file="/app/vendor/gammamatrix/playground-test/src/Feature/Http/Controllers/Resource/Playground/RevisionsTrait.php" line="35" class="Tests\Feature\Playground\Cms\Resource\Http\Controllers\Playground\PageRouteTest" classname="Tests.Feature.Playground.Cms.Resource.Http.Controllers.Playground.PageRouteTest" assertions="2" time="0.227217"/>
        <testcase name="test_admin_can_render_revisions_view" file="/app/vendor/gammamatrix/playground-test/src/Feature/Http/Controllers/Resource/Playground/RevisionsTrait.php" line="64" class="Tests\Feature\Playground\Cms\Resource\Http\Controllers\Playground\PageRouteTest" classname="Tests.Feature.Playground.Cms.Resource.Http.Controllers.Playground.PageRouteTest" assertions="2" time="0.291194"/>
        <testcase name="test_admin_can_render_revisions_view_with_filters" file="/app/vendor/gammamatrix/playground-test/src/Feature/Http/Controllers/Resource/Playground/RevisionsTrait.php" line="105" class="Tests\Feature\Playground\Cms\Resource\Http\Controllers\Playground\PageRouteTest" classname="Tests.Feature.Playground.Cms.Resource.Http.Controllers.Playground.PageRouteTest" assertions="3" time="0.279658"/>
        <testcase name="test_guest_cannot_render_revision_view" file="/app/vendor/gammamatrix/playground-test/src/Feature/Http/Controllers/Resource/Playground/RevisionTrait.php" line="39" class="Tests\Feature\Playground\Cms\Resource\Http\Controllers\Playground\PageRouteTest" classname="Tests.Feature.Playground.Cms.Resource.Http.Controllers.Playground.PageRouteTest" assertions="2" time="0.227701"/>
        <testcase name="test_revision_view_rendered_by_admin" file="/app/vendor/gammamatrix/playground-test/src/Feature/Http/Controllers/Resource/Playground/RevisionTrait.php" line="70" class="Tests\Feature\Playground\Cms\Resource\Http\Controllers\Playground\PageRouteTest" classname="Tests.Feature.Playground.Cms.Resource.Http.Controllers.Playground.PageRouteTest" assertions="2" time="0.255482"/>
        <testcase name="test_json_guest_cannot_see_info" file="/app/vendor/gammamatrix/playground-test/src/Feature/Http/Controllers/Resource/Playground/ShowJsonTrait.php" line="30" class="Tests\Feature\Playground\Cms\Resource\Http\Controllers\Playground\PageRouteTest" classname="Tests.Feature.Playground.Cms.Resource.Http.Controllers.Playground.PageRouteTest" assertions="1" time="0.217037"/>
        <testcase name="test_json_show_info_for_admin" file="/app/vendor/gammamatrix/playground-test/src/Feature/Http/Controllers/Resource/Playground/ShowJsonTrait.php" line="50" class="Tests\Feature\Playground\Cms\Resource\Http\Controllers\Playground\PageRouteTest" classname="Tests.Feature.Playground.Cms.Resource.Http.Controllers.Playground.PageRouteTest" assertions="98" time="0.234089"/>
        <testcase name="test_guest_cannot_render_show_view" file="/app/vendor/gammamatrix/playground-test/src/Feature/Http/Controllers/Resource/Playground/ShowTrait.php" line="30" class="Tests\Feature\Playground\Cms\Resource\Http\Controllers\Playground\PageRouteTest" classname="Tests.Feature.Playground.Cms.Resource.Http.Controllers.Playground.PageRouteTest" assertions="1" time="0.219439"/>
        <testcase name="test_show_view_rendered_by_admin" file="/app/vendor/gammamatrix/playground-test/src/Feature/Http/Controllers/Resource/Playground/ShowTrait.php" line="50" class="Tests\Feature\Playground\Cms\Resource\Http\Controllers\Playground\PageRouteTest" classname="Tests.Feature.Playground.Cms.Resource.Http.Controllers.Playground.PageRouteTest" assertions="2" time="0.246198"/>
        <testcase name="test_json_guest_cannot_store" file="/app/vendor/gammamatrix/playground-test/src/Feature/Http/Controllers/Resource/Playground/StoreJsonTrait.php" line="44" class="Tests\Feature\Playground\Cms\Resource\Http\Controllers\Playground\PageRouteTest" classname="Tests.Feature.Playground.Cms.Resource.Http.Controllers.Playground.PageRouteTest" assertions="3" time="0.226578"/>
        <testcase name="test_json_store_as_admin_without_payload_and_fail_validation" file="/app/vendor/gammamatrix/playground-test/src/Feature/Http/Controllers/Resource/Playground/StoreJsonTrait.php" line="67" class="Tests\Feature\Playground\Cms\Resource\Http\Controllers\Playground\PageRouteTest" classname="Tests.Feature.Playground.Cms.Resource.Http.Controllers.Playground.PageRouteTest" assertions="5" time="0.229156"/>
        <testcase name="test_json_store_as_admin_and_succeed" file="/app/vendor/gammamatrix/playground-test/src/Feature/Http/Controllers/Resource/Playground/StoreJsonTrait.php" line="93" class="Tests\Feature\Playground\Cms\Resource\Http\Controllers\Playground\PageRouteTest" classname="Tests.Feature.Playground.Cms.Resource.Http.Controllers.Playground.PageRouteTest" assertions="3" time="0.265882"/>
        <testcase name="test_guest_cannot_store" file="/app/vendor/gammamatrix/playground-test/src/Feature/Http/Controllers/Resource/Playground/StoreTrait.php" line="39" class="Tests\Feature\Playground\Cms\Resource\Http\Controllers\Playground\PageRouteTest" classname="Tests.Feature.Playground.Cms.Resource.Http.Controllers.Playground.PageRouteTest" assertions="3" time="0.218407"/>
        <testcase name="test_store_as_admin_without_payload_and_fail_validation" file="/app/vendor/gammamatrix/playground-test/src/Feature/Http/Controllers/Resource/Playground/StoreTrait.php" line="62" class="Tests\Feature\Playground\Cms\Resource\Http\Controllers\Playground\PageRouteTest" classname="Tests.Feature.Playground.Cms.Resource.Http.Controllers.Playground.PageRouteTest" assertions="5" time="0.229864"/>
        <testcase name="test_store_as_admin_and_succeed" file="/app/vendor/gammamatrix/playground-test/src/Feature/Http/Controllers/Resource/Playground/StoreTrait.php" line="91" class="Tests\Feature\Playground\Cms\Resource\Http\Controllers\Playground\PageRouteTest" classname="Tests.Feature.Playground.Cms.Resource.Http.Controllers.Playground.PageRouteTest" assertions="4" time="0.258187"/>
        <testcase name="test_store_as_admin_and_succeed_with_return_url" file="/app/vendor/gammamatrix/playground-test/src/Feature/Http/Controllers/Resource/Playground/StoreTrait.php" line="136" class="Tests\Feature\Playground\Cms\Resource\Http\Controllers\Playground\PageRouteTest" classname="Tests.Feature.Playground.Cms.Resource.Http.Controllers.Playground.PageRouteTest" assertions="4" time="0.257679"/>
        <testcase name="test_json_guest_cannot_unlock" file="/app/vendor/gammamatrix/playground-test/src/Feature/Http/Controllers/Resource/Playground/UnlockJsonTrait.php" line="37" class="Tests\Feature\Playground\Cms\Resource\Http\Controllers\Playground\PageRouteTest" classname="Tests.Feature.Playground.Cms.Resource.Http.Controllers.Playground.PageRouteTest" assertions="3" time="0.222151"/>
        <testcase name="test_json_unlock_as_admin_and_succeed" file="/app/vendor/gammamatrix/playground-test/src/Feature/Http/Controllers/Resource/Playground/UnlockJsonTrait.php" line="69" class="Tests\Feature\Playground\Cms\Resource\Http\Controllers\Playground\PageRouteTest" classname="Tests.Feature.Playground.Cms.Resource.Http.Controllers.Playground.PageRouteTest" assertions="99" time="0.251982"/>
        <testcase name="test_json_unlock_as_admin_and_succeed_with_no_redirect" file="/app/vendor/gammamatrix/playground-test/src/Feature/Http/Controllers/Resource/Playground/UnlockJsonTrait.php" line="105" class="Tests\Feature\Playground\Cms\Resource\Http\Controllers\Playground\PageRouteTest" classname="Tests.Feature.Playground.Cms.Resource.Http.Controllers.Playground.PageRouteTest" assertions="99" time="0.243368"/>
        <testcase name="test_json_unlock_as_user_and_get_denied" file="/app/vendor/gammamatrix/playground-test/src/Feature/Http/Controllers/Resource/Playground/UnlockJsonTrait.php" line="146" class="Tests\Feature\Playground\Cms\Resource\Http\Controllers\Playground\PageRouteTest" classname="Tests.Feature.Playground.Cms.Resource.Http.Controllers.Playground.PageRouteTest" assertions="3" time="0.231699"/>
        <testcase name="test_guest_cannot_unlock" file="/app/vendor/gammamatrix/playground-test/src/Feature/Http/Controllers/Resource/Playground/UnlockTrait.php" line="37" class="Tests\Feature\Playground\Cms\Resource\Http\Controllers\Playground\PageRouteTest" classname="Tests.Feature.Playground.Cms.Resource.Http.Controllers.Playground.PageRouteTest" assertions="3" time="0.222309"/>
        <testcase name="test_unlock_as_admin_and_succeed" file="/app/vendor/gammamatrix/playground-test/src/Feature/Http/Controllers/Resource/Playground/UnlockTrait.php" line="69" class="Tests\Feature\Playground\Cms\Resource\Http\Controllers\Playground\PageRouteTest" classname="Tests.Feature.Playground.Cms.Resource.Http.Controllers.Playground.PageRouteTest" assertions="4" time="0.237946"/>
        <testcase name="test_unlock_as_admin_and_succeed_with_redirect_to_index_with_sorted_by_unlocked_desc" file="/app/vendor/gammamatrix/playground-test/src/Feature/Http/Controllers/Resource/Playground/UnlockTrait.php" line="110" class="Tests\Feature\Playground\Cms\Resource\Http\Controllers\Playground\PageRouteTest" classname="Tests.Feature.Playground.Cms.Resource.Http.Controllers.Playground.PageRouteTest" assertions="4" time="0.237426"/>
        <testcase name="test_unlock_as_user_and_get_denied" file="/app/vendor/gammamatrix/playground-test/src/Feature/Http/Controllers/Resource/Playground/UnlockTrait.php" line="149" class="Tests\Feature\Playground\Cms\Resource\Http\Controllers\Playground\PageRouteTest" classname="Tests.Feature.Playground.Cms.Resource.Http.Controllers.Playground.PageRouteTest" assertions="3" time="0.239504"/>
        <testcase name="test_json_guest_cannot_update" file="/app/vendor/gammamatrix/playground-test/src/Feature/Http/Controllers/Resource/Playground/UpdateJsonTrait.php" line="46" class="Tests\Feature\Playground\Cms\Resource\Http\Controllers\Playground\PageRouteTest" classname="Tests.Feature.Playground.Cms.Resource.Http.Controllers.Playground.PageRouteTest" assertions="1" time="0.221705"/>
        <testcase name="test_json_update_as_admin_without_payload_and_passes_validation" file="/app/vendor/gammamatrix/playground-test/src/Feature/Http/Controllers/Resource/Playground/UpdateJsonTrait.php" line="66" class="Tests\Feature\Playground\Cms\Resource\Http\Controllers\Playground\PageRouteTest" classname="Tests.Feature.Playground.Cms.Resource.Http.Controllers.Playground.PageRouteTest" assertions="2" time="0.274805"/>
        <testcase name="test_json_admin_can_update" file="/app/vendor/gammamatrix/playground-test/src/Feature/Http/Controllers/Resource/Playground/UpdateJsonTrait.php" line="114" class="Tests\Feature\Playground\Cms\Resource\Http\Controllers\Playground\PageRouteTest" classname="Tests.Feature.Playground.Cms.Resource.Http.Controllers.Playground.PageRouteTest" assertions="101" time="0.348835"/>
        <testcase name="test_guest_cannot_update" file="/app/vendor/gammamatrix/playground-test/src/Feature/Http/Controllers/Resource/Playground/UpdateTrait.php" line="46" class="Tests\Feature\Playground\Cms\Resource\Http\Controllers\Playground\PageRouteTest" classname="Tests.Feature.Playground.Cms.Resource.Http.Controllers.Playground.PageRouteTest" assertions="1" time="0.226453"/>
        <testcase name="test_update_as_admin_without_payload_and_passes_validation" file="/app/vendor/gammamatrix/playground-test/src/Feature/Http/Controllers/Resource/Playground/UpdateTrait.php" line="66" class="Tests\Feature\Playground\Cms\Resource\Http\Controllers\Playground\PageRouteTest" classname="Tests.Feature.Playground.Cms.Resource.Http.Controllers.Playground.PageRouteTest" assertions="3" time="0.270497"/>
        <testcase name="test_admin_can_update" file="/app/vendor/gammamatrix/playground-test/src/Feature/Http/Controllers/Resource/Playground/UpdateTrait.php" line="117" class="Tests\Feature\Playground\Cms\Resource\Http\Controllers\Playground\PageRouteTest" classname="Tests.Feature.Playground.Cms.Resource.Http.Controllers.Playground.PageRouteTest" assertions="6" time="0.312741"/>
        <testcase name="test_admin_can_update_view_with_return_url" file="/app/vendor/gammamatrix/playground-test/src/Feature/Http/Controllers/Resource/Playground/UpdateTrait.php" line="160" class="Tests\Feature\Playground\Cms\Resource\Http\Controllers\Playground\PageRouteTest" classname="Tests.Feature.Playground.Cms.Resource.Http.Controllers.Playground.PageRouteTest" assertions="6" time="0.314349"/>
      </testsuite>
      <testsuite name="Tests\Feature\Playground\Cms\Resource\Http\Controllers\Playground\SnippetRouteTest" file="/app/vendor/gammamatrix/playground-cms-resource/tests/Feature/Http/Controllers/Playground/SnippetRouteTest.php" tests="91" assertions="1445" errors="0" failures="0" skipped="0" time="21.589203">
        <testcase name="test_json_guest_cannot_get_create_info" file="/app/vendor/gammamatrix/playground-test/src/Feature/Http/Controllers/Resource/Playground/CreateJsonTrait.php" line="39" class="Tests\Feature\Playground\Cms\Resource\Http\Controllers\Playground\SnippetRouteTest" classname="Tests.Feature.Playground.Cms.Resource.Http.Controllers.Playground.SnippetRouteTest" assertions="1" time="0.192542"/>
        <testcase name="test_json_admin_can_get_create_info" file="/app/vendor/gammamatrix/playground-test/src/Feature/Http/Controllers/Resource/Playground/CreateJsonTrait.php" line="54" class="Tests\Feature\Playground\Cms\Resource\Http\Controllers\Playground\SnippetRouteTest" classname="Tests.Feature.Playground.Cms.Resource.Http.Controllers.Playground.SnippetRouteTest" assertions="90" time="0.215525"/>
        <testcase name="test_json_get_create_info_as_admin_with_invalid_parameter_and_fail_validation" file="/app/vendor/gammamatrix/playground-test/src/Feature/Http/Controllers/Resource/Playground/CreateJsonTrait.php" line="74" class="Tests\Feature\Playground\Cms\Resource\Http\Controllers\Playground\SnippetRouteTest" classname="Tests.Feature.Playground.Cms.Resource.Http.Controllers.Playground.SnippetRouteTest" assertions="4" time="0.212007"/>
        <testcase name="test_guest_cannot_render_create_view" file="/app/vendor/gammamatrix/playground-test/src/Feature/Http/Controllers/Resource/Playground/CreateTrait.php" line="34" class="Tests\Feature\Playground\Cms\Resource\Http\Controllers\Playground\SnippetRouteTest" classname="Tests.Feature.Playground.Cms.Resource.Http.Controllers.Playground.SnippetRouteTest" assertions="1" time="0.202799"/>
        <testcase name="test_admin_can_render_create_view" file="/app/vendor/gammamatrix/playground-test/src/Feature/Http/Controllers/Resource/Playground/CreateTrait.php" line="48" class="Tests\Feature\Playground\Cms\Resource\Http\Controllers\Playground\SnippetRouteTest" classname="Tests.Feature.Playground.Cms.Resource.Http.Controllers.Playground.SnippetRouteTest" assertions="2" time="0.254719"/>
        <testcase name="test_admin_can_render_create_view_with_return_url" file="/app/vendor/gammamatrix/playground-test/src/Feature/Http/Controllers/Resource/Playground/CreateTrait.php" line="66" class="Tests\Feature\Playground\Cms\Resource\Http\Controllers\Playground\SnippetRouteTest" classname="Tests.Feature.Playground.Cms.Resource.Http.Controllers.Playground.SnippetRouteTest" assertions="3" time="0.249606"/>
        <testcase name="test_create_view_as_admin_with_invalid_parameter_and_fail_validation_and_redirect" file="/app/vendor/gammamatrix/playground-test/src/Feature/Http/Controllers/Resource/Playground/CreateTrait.php" line="93" class="Tests\Feature\Playground\Cms\Resource\Http\Controllers\Playground\SnippetRouteTest" classname="Tests.Feature.Playground.Cms.Resource.Http.Controllers.Playground.SnippetRouteTest" assertions="5" time="0.208943"/>
        <testcase name="test_json_guest_cannot_destroy" file="/app/vendor/gammamatrix/playground-test/src/Feature/Http/Controllers/Resource/Playground/DestroyJsonTrait.php" line="32" class="Tests\Feature\Playground\Cms\Resource\Http\Controllers\Playground\SnippetRouteTest" classname="Tests.Feature.Playground.Cms.Resource.Http.Controllers.Playground.SnippetRouteTest" assertions="3" time="0.202579"/>
        <testcase name="test_json_destroy_as_admin_and_succeed" file="/app/vendor/gammamatrix/playground-test/src/Feature/Http/Controllers/Resource/Playground/DestroyJsonTrait.php" line="62" class="Tests\Feature\Playground\Cms\Resource\Http\Controllers\Playground\SnippetRouteTest" classname="Tests.Feature.Playground.Cms.Resource.Http.Controllers.Playground.SnippetRouteTest" assertions="5" time="0.214513"/>
        <testcase name="test_json_destroy_as_admin_and_succeed_with_force_delete" file="/app/vendor/gammamatrix/playground-test/src/Feature/Http/Controllers/Resource/Playground/DestroyJsonTrait.php" line="101" class="Tests\Feature\Playground\Cms\Resource\Http\Controllers\Playground\SnippetRouteTest" classname="Tests.Feature.Playground.Cms.Resource.Http.Controllers.Playground.SnippetRouteTest" assertions="4" time="0.213786"/>
        <testcase name="test_json_destroy_as_admin_and_succeed_with_no_content" file="/app/vendor/gammamatrix/playground-test/src/Feature/Http/Controllers/Resource/Playground/DestroyJsonTrait.php" line="133" class="Tests\Feature\Playground\Cms\Resource\Http\Controllers\Playground\SnippetRouteTest" classname="Tests.Feature.Playground.Cms.Resource.Http.Controllers.Playground.SnippetRouteTest" assertions="5" time="0.214350"/>
        <testcase name="test_json_destroy_as_admin_and_succeed_and_ignore_redirect" file="/app/vendor/gammamatrix/playground-test/src/Feature/Http/Controllers/Resource/Playground/DestroyJsonTrait.php" line="168" class="Tests\Feature\Playground\Cms\Resource\Http\Controllers\Playground\SnippetRouteTest" classname="Tests.Feature.Playground.Cms.Resource.Http.Controllers.Playground.SnippetRouteTest" assertions="5" time="0.226045"/>
        <testcase name="test_json_destroy_as_user_and_get_denied_and_no_force_delete_allowed" file="/app/vendor/gammamatrix/playground-test/src/Feature/Http/Controllers/Resource/Playground/DestroyJsonTrait.php" line="210" class="Tests\Feature\Playground\Cms\Resource\Http\Controllers\Playground\SnippetRouteTest" classname="Tests.Feature.Playground.Cms.Resource.Http.Controllers.Playground.SnippetRouteTest" assertions="3" time="0.214284"/>
        <testcase name="test_guest_cannot_destroy" file="/app/vendor/gammamatrix/playground-test/src/Feature/Http/Controllers/Resource/Playground/DestroyTrait.php" line="32" class="Tests\Feature\Playground\Cms\Resource\Http\Controllers\Playground\SnippetRouteTest" classname="Tests.Feature.Playground.Cms.Resource.Http.Controllers.Playground.SnippetRouteTest" assertions="3" time="0.207186"/>
        <testcase name="test_destroy_as_admin_and_succeed" file="/app/vendor/gammamatrix/playground-test/src/Feature/Http/Controllers/Resource/Playground/DestroyTrait.php" line="62" class="Tests\Feature\Playground\Cms\Resource\Http\Controllers\Playground\SnippetRouteTest" classname="Tests.Feature.Playground.Cms.Resource.Http.Controllers.Playground.SnippetRouteTest" assertions="5" time="0.216177"/>
        <testcase name="test_destroy_as_admin_and_succeed_with_force_delete" file="/app/vendor/gammamatrix/playground-test/src/Feature/Http/Controllers/Resource/Playground/DestroyTrait.php" line="98" class="Tests\Feature\Playground\Cms\Resource\Http\Controllers\Playground\SnippetRouteTest" classname="Tests.Feature.Playground.Cms.Resource.Http.Controllers.Playground.SnippetRouteTest" assertions="4" time="0.215505"/>
        <testcase name="test_destroy_as_admin_and_succeed_with_redirect_to_index_with_trash" file="/app/vendor/gammamatrix/playground-test/src/Feature/Http/Controllers/Resource/Playground/DestroyTrait.php" line="130" class="Tests\Feature\Playground\Cms\Resource\Http\Controllers\Playground\SnippetRouteTest" classname="Tests.Feature.Playground.Cms.Resource.Http.Controllers.Playground.SnippetRouteTest" assertions="5" time="0.218538"/>
        <testcase name="test_destroy_as_user_and_get_denied_and_no_force_delete_allowed" file="/app/vendor/gammamatrix/playground-test/src/Feature/Http/Controllers/Resource/Playground/DestroyTrait.php" line="172" class="Tests\Feature\Playground\Cms\Resource\Http\Controllers\Playground\SnippetRouteTest" classname="Tests.Feature.Playground.Cms.Resource.Http.Controllers.Playground.SnippetRouteTest" assertions="3" time="0.215302"/>
        <testcase name="test_json_guest_cannot_get_edit_info" file="/app/vendor/gammamatrix/playground-test/src/Feature/Http/Controllers/Resource/Playground/EditJsonTrait.php" line="39" class="Tests\Feature\Playground\Cms\Resource\Http\Controllers\Playground\SnippetRouteTest" classname="Tests.Feature.Playground.Cms.Resource.Http.Controllers.Playground.SnippetRouteTest" assertions="1" time="0.210459"/>
        <testcase name="test_json_admin_can_get_edit_info" file="/app/vendor/gammamatrix/playground-test/src/Feature/Http/Controllers/Resource/Playground/EditJsonTrait.php" line="59" class="Tests\Feature\Playground\Cms\Resource\Http\Controllers\Playground\SnippetRouteTest" classname="Tests.Feature.Playground.Cms.Resource.Http.Controllers.Playground.SnippetRouteTest" assertions="4" time="0.227023"/>
        <testcase name="test_json_edit_as_admin_and_fail_validation_with_invalid_parameter" file="/app/vendor/gammamatrix/playground-test/src/Feature/Http/Controllers/Resource/Playground/EditJsonTrait.php" line="88" class="Tests\Feature\Playground\Cms\Resource\Http\Controllers\Playground\SnippetRouteTest" classname="Tests.Feature.Playground.Cms.Resource.Http.Controllers.Playground.SnippetRouteTest" assertions="4" time="0.236611"/>
        <testcase name="test_guest_cannot_render_edit_view" file="/app/vendor/gammamatrix/playground-test/src/Feature/Http/Controllers/Resource/Playground/EditTrait.php" line="34" class="Tests\Feature\Playground\Cms\Resource\Http\Controllers\Playground\SnippetRouteTest" classname="Tests.Feature.Playground.Cms.Resource.Http.Controllers.Playground.SnippetRouteTest" assertions="1" time="0.208294"/>
        <testcase name="test_admin_can_render_edit_view" file="/app/vendor/gammamatrix/playground-test/src/Feature/Http/Controllers/Resource/Playground/EditTrait.php" line="54" class="Tests\Feature\Playground\Cms\Resource\Http\Controllers\Playground\SnippetRouteTest" classname="Tests.Feature.Playground.Cms.Resource.Http.Controllers.Playground.SnippetRouteTest" assertions="2" time="0.265748"/>
        <testcase name="test_admin_can_render_edit_view_with_return_url" file="/app/vendor/gammamatrix/playground-test/src/Feature/Http/Controllers/Resource/Playground/EditTrait.php" line="78" class="Tests\Feature\Playground\Cms\Resource\Http\Controllers\Playground\SnippetRouteTest" classname="Tests.Feature.Playground.Cms.Resource.Http.Controllers.Playground.SnippetRouteTest" assertions="3" time="0.264713"/>
        <testcase name="test_edit_view_as_admin_with_invalid_parameter_and_fail_validation_and_redirect" file="/app/vendor/gammamatrix/playground-test/src/Feature/Http/Controllers/Resource/Playground/EditTrait.php" line="110" class="Tests\Feature\Playground\Cms\Resource\Http\Controllers\Playground\SnippetRouteTest" classname="Tests.Feature.Playground.Cms.Resource.Http.Controllers.Playground.SnippetRouteTest" assertions="4" time="0.229539"/>
        <testcase name="test_json_guest_cannot_get_index" file="/app/vendor/gammamatrix/playground-test/src/Feature/Http/Controllers/Resource/Playground/IndexJsonTrait.php" line="35" class="Tests\Feature\Playground\Cms\Resource\Http\Controllers\Playground\SnippetRouteTest" classname="Tests.Feature.Playground.Cms.Resource.Http.Controllers.Playground.SnippetRouteTest" assertions="1" time="0.206143"/>
        <testcase name="test_json_admin_can_get_index" file="/app/vendor/gammamatrix/playground-test/src/Feature/Http/Controllers/Resource/Playground/IndexJsonTrait.php" line="50" class="Tests\Feature\Playground\Cms\Resource\Http\Controllers\Playground\SnippetRouteTest" classname="Tests.Feature.Playground.Cms.Resource.Http.Controllers.Playground.SnippetRouteTest" assertions="97" time="0.231830"/>
        <testcase name="test_json_admin_can_get_index_with_filters" file="/app/vendor/gammamatrix/playground-test/src/Feature/Http/Controllers/Resource/Playground/IndexJsonTrait.php" line="86" class="Tests\Feature\Playground\Cms\Resource\Http\Controllers\Playground\SnippetRouteTest" classname="Tests.Feature.Playground.Cms.Resource.Http.Controllers.Playground.SnippetRouteTest" assertions="3" time="0.247101"/>
        <testcase name="test_guest_cannot_render_index_view" file="/app/vendor/gammamatrix/playground-test/src/Feature/Http/Controllers/Resource/Playground/IndexTrait.php" line="30" class="Tests\Feature\Playground\Cms\Resource\Http\Controllers\Playground\SnippetRouteTest" classname="Tests.Feature.Playground.Cms.Resource.Http.Controllers.Playground.SnippetRouteTest" assertions="1" time="0.208095"/>
        <testcase name="test_admin_can_render_index_view" file="/app/vendor/gammamatrix/playground-test/src/Feature/Http/Controllers/Resource/Playground/IndexTrait.php" line="45" class="Tests\Feature\Playground\Cms\Resource\Http\Controllers\Playground\SnippetRouteTest" classname="Tests.Feature.Playground.Cms.Resource.Http.Controllers.Playground.SnippetRouteTest" assertions="2" time="0.258183"/>
        <testcase name="test_admin_can_render_index_view_with_filters" file="/app/vendor/gammamatrix/playground-test/src/Feature/Http/Controllers/Resource/Playground/IndexTrait.php" line="78" class="Tests\Feature\Playground\Cms\Resource\Http\Controllers\Playground\SnippetRouteTest" classname="Tests.Feature.Playground.Cms.Resource.Http.Controllers.Playground.SnippetRouteTest" assertions="3" time="0.259112"/>
        <testcase name="test_json_guest_cannot_lock" file="/app/vendor/gammamatrix/playground-test/src/Feature/Http/Controllers/Resource/Playground/LockJsonTrait.php" line="37" class="Tests\Feature\Playground\Cms\Resource\Http\Controllers\Playground\SnippetRouteTest" classname="Tests.Feature.Playground.Cms.Resource.Http.Controllers.Playground.SnippetRouteTest" assertions="3" time="0.208088"/>
        <testcase name="test_json_lock_as_admin_and_succeed" file="/app/vendor/gammamatrix/playground-test/src/Feature/Http/Controllers/Resource/Playground/LockJsonTrait.php" line="67" class="Tests\Feature\Playground\Cms\Resource\Http\Controllers\Playground\SnippetRouteTest" classname="Tests.Feature.Playground.Cms.Resource.Http.Controllers.Playground.SnippetRouteTest" assertions="3" time="0.231673"/>
        <testcase name="test_json_lock_as_admin_and_succeed_with_no_redirect" file="/app/vendor/gammamatrix/playground-test/src/Feature/Http/Controllers/Resource/Playground/LockJsonTrait.php" line="99" class="Tests\Feature\Playground\Cms\Resource\Http\Controllers\Playground\SnippetRouteTest" classname="Tests.Feature.Playground.Cms.Resource.Http.Controllers.Playground.SnippetRouteTest" assertions="92" time="0.230959"/>
        <testcase name="test_json_lock_as_user_and_get_denied" file="/app/vendor/gammamatrix/playground-test/src/Feature/Http/Controllers/Resource/Playground/LockJsonTrait.php" line="144" class="Tests\Feature\Playground\Cms\Resource\Http\Controllers\Playground\SnippetRouteTest" classname="Tests.Feature.Playground.Cms.Resource.Http.Controllers.Playground.SnippetRouteTest" assertions="3" time="0.217920"/>
        <testcase name="test_guest_cannot_lock" file="/app/vendor/gammamatrix/playground-test/src/Feature/Http/Controllers/Resource/Playground/LockTrait.php" line="32" class="Tests\Feature\Playground\Cms\Resource\Http\Controllers\Playground\SnippetRouteTest" classname="Tests.Feature.Playground.Cms.Resource.Http.Controllers.Playground.SnippetRouteTest" assertions="3" time="0.222186"/>
        <testcase name="test_lock_as_admin_and_succeed" file="/app/vendor/gammamatrix/playground-test/src/Feature/Http/Controllers/Resource/Playground/LockTrait.php" line="62" class="Tests\Feature\Playground\Cms\Resource\Http\Controllers\Playground\SnippetRouteTest" classname="Tests.Feature.Playground.Cms.Resource.Http.Controllers.Playground.SnippetRouteTest" assertions="4" time="0.226057"/>
        <testcase name="test_lock_as_admin_and_succeed_with_redirect_to_index_with_sorted_by_locked_desc" file="/app/vendor/gammamatrix/playground-test/src/Feature/Http/Controllers/Resource/Playground/LockTrait.php" line="96" class="Tests\Feature\Playground\Cms\Resource\Http\Controllers\Playground\SnippetRouteTest" classname="Tests.Feature.Playground.Cms.Resource.Http.Controllers.Playground.SnippetRouteTest" assertions="4" time="0.225101"/>
        <testcase name="test_lock_as_user_and_get_denied" file="/app/vendor/gammamatrix/playground-test/src/Feature/Http/Controllers/Resource/Playground/LockTrait.php" line="133" class="Tests\Feature\Playground\Cms\Resource\Http\Controllers\Playground\SnippetRouteTest" classname="Tests.Feature.Playground.Cms.Resource.Http.Controllers.Playground.SnippetRouteTest" assertions="3" time="0.220472"/>
        <testcase name="test_json_guest_cannot_restore" file="/app/vendor/gammamatrix/playground-test/src/Feature/Http/Controllers/Resource/Playground/RestoreJsonTrait.php" line="33" class="Tests\Feature\Playground\Cms\Resource\Http\Controllers\Playground\SnippetRouteTest" classname="Tests.Feature.Playground.Cms.Resource.Http.Controllers.Playground.SnippetRouteTest" assertions="3" time="0.213347"/>
        <testcase name="test_json_restore_as_admin_and_succeed" file="/app/vendor/gammamatrix/playground-test/src/Feature/Http/Controllers/Resource/Playground/RestoreJsonTrait.php" line="65" class="Tests\Feature\Playground\Cms\Resource\Http\Controllers\Playground\SnippetRouteTest" classname="Tests.Feature.Playground.Cms.Resource.Http.Controllers.Playground.SnippetRouteTest" assertions="92" time="0.231987"/>
        <testcase name="test_json_restore_as_admin_and_succeed_with_no_redirect" file="/app/vendor/gammamatrix/playground-test/src/Feature/Http/Controllers/Resource/Playground/RestoreJsonTrait.php" line="101" class="Tests\Feature\Playground\Cms\Resource\Http\Controllers\Playground\SnippetRouteTest" classname="Tests.Feature.Playground.Cms.Resource.Http.Controllers.Playground.SnippetRouteTest" assertions="92" time="0.231717"/>
        <testcase name="test_json_restore_as_user_and_get_denied" file="/app/vendor/gammamatrix/playground-test/src/Feature/Http/Controllers/Resource/Playground/RestoreJsonTrait.php" line="144" class="Tests\Feature\Playground\Cms\Resource\Http\Controllers\Playground\SnippetRouteTest" classname="Tests.Feature.Playground.Cms.Resource.Http.Controllers.Playground.SnippetRouteTest" assertions="3" time="0.221889"/>
        <testcase name="test_json_guest_cannot_restore_revision" file="/app/vendor/gammamatrix/playground-test/src/Feature/Http/Controllers/Resource/Playground/RestoreRevisionJsonTrait.php" line="44" class="Tests\Feature\Playground\Cms\Resource\Http\Controllers\Playground\SnippetRouteTest" classname="Tests.Feature.Playground.Cms.Resource.Http.Controllers.Playground.SnippetRouteTest" assertions="3" time="0.225319"/>
        <testcase name="test_json_restore_revision_as_admin_and_succeed" file="/app/vendor/gammamatrix/playground-test/src/Feature/Http/Controllers/Resource/Playground/RestoreRevisionJsonTrait.php" line="80" class="Tests\Feature\Playground\Cms\Resource\Http\Controllers\Playground\SnippetRouteTest" classname="Tests.Feature.Playground.Cms.Resource.Http.Controllers.Playground.SnippetRouteTest" assertions="92" time="0.305959"/>
        <testcase name="test_json_restore_revision_as_admin_and_succeed_without_redirect" file="/app/vendor/gammamatrix/playground-test/src/Feature/Http/Controllers/Resource/Playground/RestoreRevisionJsonTrait.php" line="120" class="Tests\Feature\Playground\Cms\Resource\Http\Controllers\Playground\SnippetRouteTest" classname="Tests.Feature.Playground.Cms.Resource.Http.Controllers.Playground.SnippetRouteTest" assertions="92" time="0.292662"/>
        <testcase name="test_json_restore_revision_as_user_and_get_denied" file="/app/vendor/gammamatrix/playground-test/src/Feature/Http/Controllers/Resource/Playground/RestoreRevisionJsonTrait.php" line="172" class="Tests\Feature\Playground\Cms\Resource\Http\Controllers\Playground\SnippetRouteTest" classname="Tests.Feature.Playground.Cms.Resource.Http.Controllers.Playground.SnippetRouteTest" assertions="3" time="0.239570"/>
        <testcase name="test_guest_cannot_restore_revision" file="/app/vendor/gammamatrix/playground-test/src/Feature/Http/Controllers/Resource/Playground/RestoreRevisionTrait.php" line="39" class="Tests\Feature\Playground\Cms\Resource\Http\Controllers\Playground\SnippetRouteTest" classname="Tests.Feature.Playground.Cms.Resource.Http.Controllers.Playground.SnippetRouteTest" assertions="3" time="0.225588"/>
        <testcase name="test_restore_revision_as_admin_and_succeed" file="/app/vendor/gammamatrix/playground-test/src/Feature/Http/Controllers/Resource/Playground/RestoreRevisionTrait.php" line="75" class="Tests\Feature\Playground\Cms\Resource\Http\Controllers\Playground\SnippetRouteTest" classname="Tests.Feature.Playground.Cms.Resource.Http.Controllers.Playground.SnippetRouteTest" assertions="4" time="0.288808"/>
        <testcase name="test_restore_revision_as_admin_and_succeed_with_redirect_to_index_with_only_trash" file="/app/vendor/gammamatrix/playground-test/src/Feature/Http/Controllers/Resource/Playground/RestoreRevisionTrait.php" line="115" class="Tests\Feature\Playground\Cms\Resource\Http\Controllers\Playground\SnippetRouteTest" classname="Tests.Feature.Playground.Cms.Resource.Http.Controllers.Playground.SnippetRouteTest" assertions="4" time="0.287052"/>
        <testcase name="test_restore_revision_as_user_and_get_denied" file="/app/vendor/gammamatrix/playground-test/src/Feature/Http/Controllers/Resource/Playground/RestoreRevisionTrait.php" line="165" class="Tests\Feature\Playground\Cms\Resource\Http\Controllers\Playground\SnippetRouteTest" classname="Tests.Feature.Playground.Cms.Resource.Http.Controllers.Playground.SnippetRouteTest" assertions="3" time="0.234705"/>
        <testcase name="test_guest_cannot_restore" file="/app/vendor/gammamatrix/playground-test/src/Feature/Http/Controllers/Resource/Playground/RestoreTrait.php" line="33" class="Tests\Feature\Playground\Cms\Resource\Http\Controllers\Playground\SnippetRouteTest" classname="Tests.Feature.Playground.Cms.Resource.Http.Controllers.Playground.SnippetRouteTest" assertions="3" time="0.216194"/>
        <testcase name="test_restore_as_admin_and_succeed" file="/app/vendor/gammamatrix/playground-test/src/Feature/Http/Controllers/Resource/Playground/RestoreTrait.php" line="65" class="Tests\Feature\Playground\Cms\Resource\Http\Controllers\Playground\SnippetRouteTest" classname="Tests.Feature.Playground.Cms.Resource.Http.Controllers.Playground.SnippetRouteTest" assertions="4" time="0.240924"/>
        <testcase name="test_restore_as_admin_and_succeed_with_redirect_to_index_with_only_trash" file="/app/vendor/gammamatrix/playground-test/src/Feature/Http/Controllers/Resource/Playground/RestoreTrait.php" line="101" class="Tests\Feature\Playground\Cms\Resource\Http\Controllers\Playground\SnippetRouteTest" classname="Tests.Feature.Playground.Cms.Resource.Http.Controllers.Playground.SnippetRouteTest" assertions="4" time="0.233662"/>
        <testcase name="test_restore_as_user_and_get_denied" file="/app/vendor/gammamatrix/playground-test/src/Feature/Http/Controllers/Resource/Playground/RestoreTrait.php" line="147" class="Tests\Feature\Playground\Cms\Resource\Http\Controllers\Playground\SnippetRouteTest" classname="Tests.Feature.Playground.Cms.Resource.Http.Controllers.Playground.SnippetRouteTest" assertions="3" time="0.251741"/>
        <testcase name="test_json_guest_cannot_render_revision_view" file="/app/vendor/gammamatrix/playground-test/src/Feature/Http/Controllers/Resource/Playground/RevisionJsonTrait.php" line="39" class="Tests\Feature\Playground\Cms\Resource\Http\Controllers\Playground\SnippetRouteTest" classname="Tests.Feature.Playground.Cms.Resource.Http.Controllers.Playground.SnippetRouteTest" assertions="2" time="0.240098"/>
        <testcase name="test_json_admin_can_get_revision_info" file="/app/vendor/gammamatrix/playground-test/src/Feature/Http/Controllers/Resource/Playground/RevisionJsonTrait.php" line="70" class="Tests\Feature\Playground\Cms\Resource\Http\Controllers\Playground\SnippetRouteTest" classname="Tests.Feature.Playground.Cms.Resource.Http.Controllers.Playground.SnippetRouteTest" assertions="91" time="0.243488"/>
        <testcase name="test_json_guest_cannot_get_revisions" file="/app/vendor/gammamatrix/playground-test/src/Feature/Http/Controllers/Resource/Playground/RevisionsJsonTrait.php" line="35" class="Tests\Feature\Playground\Cms\Resource\Http\Controllers\Playground\SnippetRouteTest" classname="Tests.Feature.Playground.Cms.Resource.Http.Controllers.Playground.SnippetRouteTest" assertions="2" time="0.229993"/>
        <testcase name="test_json_admin_can_get_revisions" file="/app/vendor/gammamatrix/playground-test/src/Feature/Http/Controllers/Resource/Playground/RevisionsJsonTrait.php" line="64" class="Tests\Feature\Playground\Cms\Resource\Http\Controllers\Playground\SnippetRouteTest" classname="Tests.Feature.Playground.Cms.Resource.Http.Controllers.Playground.SnippetRouteTest" assertions="2" time="0.251940"/>
        <testcase name="test_json_admin_can_get_revisions_with_filters" file="/app/vendor/gammamatrix/playground-test/src/Feature/Http/Controllers/Resource/Playground/RevisionsJsonTrait.php" line="105" class="Tests\Feature\Playground\Cms\Resource\Http\Controllers\Playground\SnippetRouteTest" classname="Tests.Feature.Playground.Cms.Resource.Http.Controllers.Playground.SnippetRouteTest" assertions="98" time="0.256042"/>
        <testcase name="test_guest_cannot_render_revisions_view" file="/app/vendor/gammamatrix/playground-test/src/Feature/Http/Controllers/Resource/Playground/RevisionsTrait.php" line="35" class="Tests\Feature\Playground\Cms\Resource\Http\Controllers\Playground\SnippetRouteTest" classname="Tests.Feature.Playground.Cms.Resource.Http.Controllers.Playground.SnippetRouteTest" assertions="2" time="0.241139"/>
        <testcase name="test_admin_can_render_revisions_view" file="/app/vendor/gammamatrix/playground-test/src/Feature/Http/Controllers/Resource/Playground/RevisionsTrait.php" line="64" class="Tests\Feature\Playground\Cms\Resource\Http\Controllers\Playground\SnippetRouteTest" classname="Tests.Feature.Playground.Cms.Resource.Http.Controllers.Playground.SnippetRouteTest" assertions="2" time="0.280662"/>
        <testcase name="test_admin_can_render_revisions_view_with_filters" file="/app/vendor/gammamatrix/playground-test/src/Feature/Http/Controllers/Resource/Playground/RevisionsTrait.php" line="105" class="Tests\Feature\Playground\Cms\Resource\Http\Controllers\Playground\SnippetRouteTest" classname="Tests.Feature.Playground.Cms.Resource.Http.Controllers.Playground.SnippetRouteTest" assertions="3" time="0.280128"/>
        <testcase name="test_guest_cannot_render_revision_view" file="/app/vendor/gammamatrix/playground-test/src/Feature/Http/Controllers/Resource/Playground/RevisionTrait.php" line="39" class="Tests\Feature\Playground\Cms\Resource\Http\Controllers\Playground\SnippetRouteTest" classname="Tests.Feature.Playground.Cms.Resource.Http.Controllers.Playground.SnippetRouteTest" assertions="2" time="0.230017"/>
        <testcase name="test_revision_view_rendered_by_admin" file="/app/vendor/gammamatrix/playground-test/src/Feature/Http/Controllers/Resource/Playground/RevisionTrait.php" line="70" class="Tests\Feature\Playground\Cms\Resource\Http\Controllers\Playground\SnippetRouteTest" classname="Tests.Feature.Playground.Cms.Resource.Http.Controllers.Playground.SnippetRouteTest" assertions="2" time="0.258729"/>
        <testcase name="test_json_guest_cannot_see_info" file="/app/vendor/gammamatrix/playground-test/src/Feature/Http/Controllers/Resource/Playground/ShowJsonTrait.php" line="30" class="Tests\Feature\Playground\Cms\Resource\Http\Controllers\Playground\SnippetRouteTest" classname="Tests.Feature.Playground.Cms.Resource.Http.Controllers.Playground.SnippetRouteTest" assertions="1" time="0.218314"/>
        <testcase name="test_json_show_info_for_admin" file="/app/vendor/gammamatrix/playground-test/src/Feature/Http/Controllers/Resource/Playground/ShowJsonTrait.php" line="50" class="Tests\Feature\Playground\Cms\Resource\Http\Controllers\Playground\SnippetRouteTest" classname="Tests.Feature.Playground.Cms.Resource.Http.Controllers.Playground.SnippetRouteTest" assertions="91" time="0.233074"/>
        <testcase name="test_guest_cannot_render_show_view" file="/app/vendor/gammamatrix/playground-test/src/Feature/Http/Controllers/Resource/Playground/ShowTrait.php" line="30" class="Tests\Feature\Playground\Cms\Resource\Http\Controllers\Playground\SnippetRouteTest" classname="Tests.Feature.Playground.Cms.Resource.Http.Controllers.Playground.SnippetRouteTest" assertions="1" time="0.230381"/>
        <testcase name="test_show_view_rendered_by_admin" file="/app/vendor/gammamatrix/playground-test/src/Feature/Http/Controllers/Resource/Playground/ShowTrait.php" line="50" class="Tests\Feature\Playground\Cms\Resource\Http\Controllers\Playground\SnippetRouteTest" classname="Tests.Feature.Playground.Cms.Resource.Http.Controllers.Playground.SnippetRouteTest" assertions="2" time="0.254080"/>
        <testcase name="test_json_guest_cannot_store" file="/app/vendor/gammamatrix/playground-test/src/Feature/Http/Controllers/Resource/Playground/StoreJsonTrait.php" line="44" class="Tests\Feature\Playground\Cms\Resource\Http\Controllers\Playground\SnippetRouteTest" classname="Tests.Feature.Playground.Cms.Resource.Http.Controllers.Playground.SnippetRouteTest" assertions="3" time="0.213928"/>
        <testcase name="test_json_store_as_admin_without_payload_and_fail_validation" file="/app/vendor/gammamatrix/playground-test/src/Feature/Http/Controllers/Resource/Playground/StoreJsonTrait.php" line="67" class="Tests\Feature\Playground\Cms\Resource\Http\Controllers\Playground\SnippetRouteTest" classname="Tests.Feature.Playground.Cms.Resource.Http.Controllers.Playground.SnippetRouteTest" assertions="5" time="0.229364"/>
        <testcase name="test_json_store_as_admin_and_succeed" file="/app/vendor/gammamatrix/playground-test/src/Feature/Http/Controllers/Resource/Playground/StoreJsonTrait.php" line="93" class="Tests\Feature\Playground\Cms\Resource\Http\Controllers\Playground\SnippetRouteTest" classname="Tests.Feature.Playground.Cms.Resource.Http.Controllers.Playground.SnippetRouteTest" assertions="3" time="0.261290"/>
        <testcase name="test_guest_cannot_store" file="/app/vendor/gammamatrix/playground-test/src/Feature/Http/Controllers/Resource/Playground/StoreTrait.php" line="39" class="Tests\Feature\Playground\Cms\Resource\Http\Controllers\Playground\SnippetRouteTest" classname="Tests.Feature.Playground.Cms.Resource.Http.Controllers.Playground.SnippetRouteTest" assertions="3" time="0.218804"/>
        <testcase name="test_store_as_admin_without_payload_and_fail_validation" file="/app/vendor/gammamatrix/playground-test/src/Feature/Http/Controllers/Resource/Playground/StoreTrait.php" line="62" class="Tests\Feature\Playground\Cms\Resource\Http\Controllers\Playground\SnippetRouteTest" classname="Tests.Feature.Playground.Cms.Resource.Http.Controllers.Playground.SnippetRouteTest" assertions="5" time="0.230238"/>
        <testcase name="test_store_as_admin_and_succeed" file="/app/vendor/gammamatrix/playground-test/src/Feature/Http/Controllers/Resource/Playground/StoreTrait.php" line="91" class="Tests\Feature\Playground\Cms\Resource\Http\Controllers\Playground\SnippetRouteTest" classname="Tests.Feature.Playground.Cms.Resource.Http.Controllers.Playground.SnippetRouteTest" assertions="4" time="0.256468"/>
        <testcase name="test_store_as_admin_and_succeed_with_return_url" file="/app/vendor/gammamatrix/playground-test/src/Feature/Http/Controllers/Resource/Playground/StoreTrait.php" line="136" class="Tests\Feature\Playground\Cms\Resource\Http\Controllers\Playground\SnippetRouteTest" classname="Tests.Feature.Playground.Cms.Resource.Http.Controllers.Playground.SnippetRouteTest" assertions="4" time="0.267700"/>
        <testcase name="test_json_guest_cannot_unlock" file="/app/vendor/gammamatrix/playground-test/src/Feature/Http/Controllers/Resource/Playground/UnlockJsonTrait.php" line="37" class="Tests\Feature\Playground\Cms\Resource\Http\Controllers\Playground\SnippetRouteTest" classname="Tests.Feature.Playground.Cms.Resource.Http.Controllers.Playground.SnippetRouteTest" assertions="3" time="0.222354"/>
        <testcase name="test_json_unlock_as_admin_and_succeed" file="/app/vendor/gammamatrix/playground-test/src/Feature/Http/Controllers/Resource/Playground/UnlockJsonTrait.php" line="69" class="Tests\Feature\Playground\Cms\Resource\Http\Controllers\Playground\SnippetRouteTest" classname="Tests.Feature.Playground.Cms.Resource.Http.Controllers.Playground.SnippetRouteTest" assertions="92" time="0.241413"/>
        <testcase name="test_json_unlock_as_admin_and_succeed_with_no_redirect" file="/app/vendor/gammamatrix/playground-test/src/Feature/Http/Controllers/Resource/Playground/UnlockJsonTrait.php" line="105" class="Tests\Feature\Playground\Cms\Resource\Http\Controllers\Playground\SnippetRouteTest" classname="Tests.Feature.Playground.Cms.Resource.Http.Controllers.Playground.SnippetRouteTest" assertions="92" time="0.241330"/>
        <testcase name="test_json_unlock_as_user_and_get_denied" file="/app/vendor/gammamatrix/playground-test/src/Feature/Http/Controllers/Resource/Playground/UnlockJsonTrait.php" line="146" class="Tests\Feature\Playground\Cms\Resource\Http\Controllers\Playground\SnippetRouteTest" classname="Tests.Feature.Playground.Cms.Resource.Http.Controllers.Playground.SnippetRouteTest" assertions="3" time="0.232975"/>
        <testcase name="test_guest_cannot_unlock" file="/app/vendor/gammamatrix/playground-test/src/Feature/Http/Controllers/Resource/Playground/UnlockTrait.php" line="37" class="Tests\Feature\Playground\Cms\Resource\Http\Controllers\Playground\SnippetRouteTest" classname="Tests.Feature.Playground.Cms.Resource.Http.Controllers.Playground.SnippetRouteTest" assertions="3" time="0.223933"/>
        <testcase name="test_unlock_as_admin_and_succeed" file="/app/vendor/gammamatrix/playground-test/src/Feature/Http/Controllers/Resource/Playground/UnlockTrait.php" line="69" class="Tests\Feature\Playground\Cms\Resource\Http\Controllers\Playground\SnippetRouteTest" classname="Tests.Feature.Playground.Cms.Resource.Http.Controllers.Playground.SnippetRouteTest" assertions="4" time="0.239172"/>
        <testcase name="test_unlock_as_admin_and_succeed_with_redirect_to_index_with_sorted_by_unlocked_desc" file="/app/vendor/gammamatrix/playground-test/src/Feature/Http/Controllers/Resource/Playground/UnlockTrait.php" line="110" class="Tests\Feature\Playground\Cms\Resource\Http\Controllers\Playground\SnippetRouteTest" classname="Tests.Feature.Playground.Cms.Resource.Http.Controllers.Playground.SnippetRouteTest" assertions="4" time="0.238289"/>
        <testcase name="test_unlock_as_user_and_get_denied" file="/app/vendor/gammamatrix/playground-test/src/Feature/Http/Controllers/Resource/Playground/UnlockTrait.php" line="149" class="Tests\Feature\Playground\Cms\Resource\Http\Controllers\Playground\SnippetRouteTest" classname="Tests.Feature.Playground.Cms.Resource.Http.Controllers.Playground.SnippetRouteTest" assertions="3" time="0.235067"/>
        <testcase name="test_json_guest_cannot_update" file="/app/vendor/gammamatrix/playground-test/src/Feature/Http/Controllers/Resource/Playground/UpdateJsonTrait.php" line="46" class="Tests\Feature\Playground\Cms\Resource\Http\Controllers\Playground\SnippetRouteTest" classname="Tests.Feature.Playground.Cms.Resource.Http.Controllers.Playground.SnippetRouteTest" assertions="1" time="0.231842"/>
        <testcase name="test_json_update_as_admin_without_payload_and_passes_validation" file="/app/vendor/gammamatrix/playground-test/src/Feature/Http/Controllers/Resource/Playground/UpdateJsonTrait.php" line="66" class="Tests\Feature\Playground\Cms\Resource\Http\Controllers\Playground\SnippetRouteTest" classname="Tests.Feature.Playground.Cms.Resource.Http.Controllers.Playground.SnippetRouteTest" assertions="2" time="0.270378"/>
        <testcase name="test_json_admin_can_update" file="/app/vendor/gammamatrix/playground-test/src/Feature/Http/Controllers/Resource/Playground/UpdateJsonTrait.php" line="114" class="Tests\Feature\Playground\Cms\Resource\Http\Controllers\Playground\SnippetRouteTest" classname="Tests.Feature.Playground.Cms.Resource.Http.Controllers.Playground.SnippetRouteTest" assertions="94" time="0.309820"/>
        <testcase name="test_guest_cannot_update" file="/app/vendor/gammamatrix/playground-test/src/Feature/Http/Controllers/Resource/Playground/UpdateTrait.php" line="46" class="Tests\Feature\Playground\Cms\Resource\Http\Controllers\Playground\SnippetRouteTest" classname="Tests.Feature.Playground.Cms.Resource.Http.Controllers.Playground.SnippetRouteTest" assertions="1" time="0.227560"/>
        <testcase name="test_update_as_admin_without_payload_and_passes_validation" file="/app/vendor/gammamatrix/playground-test/src/Feature/Http/Controllers/Resource/Playground/UpdateTrait.php" line="66" class="Tests\Feature\Playground\Cms\Resource\Http\Controllers\Playground\SnippetRouteTest" classname="Tests.Feature.Playground.Cms.Resource.Http.Controllers.Playground.SnippetRouteTest" assertions="3" time="0.268257"/>
        <testcase name="test_admin_can_update" file="/app/vendor/gammamatrix/playground-test/src/Feature/Http/Controllers/Resource/Playground/UpdateTrait.php" line="117" class="Tests\Feature\Playground\Cms\Resource\Http\Controllers\Playground\SnippetRouteTest" classname="Tests.Feature.Playground.Cms.Resource.Http.Controllers.Playground.SnippetRouteTest" assertions="6" time="0.305321"/>
        <testcase name="test_admin_can_update_view_with_return_url" file="/app/vendor/gammamatrix/playground-test/src/Feature/Http/Controllers/Resource/Playground/UpdateTrait.php" line="160" class="Tests\Feature\Playground\Cms\Resource\Http\Controllers\Playground\SnippetRouteTest" classname="Tests.Feature.Playground.Cms.Resource.Http.Controllers.Playground.SnippetRouteTest" assertions="6" time="0.304784"/>
      </testsuite>
      <testsuite name="Tests\Feature\Playground\Cms\Resource\Http\Requests\FormRequest\InstanceTest" file="/app/vendor/gammamatrix/playground-cms-resource/tests/Feature/Http/Requests/FormRequest/InstanceTest.php" tests="1" assertions="1" errors="0" failures="0" skipped="0" time="0.189939">
        <testcase name="test_form_request_authorize_with_admin" file="/app/vendor/gammamatrix/playground-cms-resource/tests/Feature/Http/Requests/FormRequest/InstanceTest.php" line="23" class="Tests\Feature\Playground\Cms\Resource\Http\Requests\FormRequest\InstanceTest" classname="Tests.Feature.Playground.Cms.Resource.Http.Requests.FormRequest.InstanceTest" assertions="1" time="0.189939"/>
      </testsuite>
      <testsuite name="Tests\Feature\Playground\Login\Blade\Console\Commands\About\CommandTest" file="/app/vendor/gammamatrix/playground-login-blade/tests/Feature/Console/Commands/About/CommandTest.php" tests="1" assertions="2" errors="0" failures="0" skipped="0" time="0.200200">
        <testcase name="test_command_about_displays_package_information_and_succeed_with_code_0" file="/app/vendor/gammamatrix/playground-login-blade/tests/Feature/Console/Commands/About/CommandTest.php" line="18" class="Tests\Feature\Playground\Login\Blade\Console\Commands\About\CommandTest" classname="Tests.Feature.Playground.Login.Blade.Console.Commands.About.CommandTest" assertions="2" time="0.200200"/>
      </testsuite>
      <testsuite name="Tests\Feature\Playground\Login\Blade\Http\Controllers\Laravel\AuthenticationRouteTest" file="/app/vendor/gammamatrix/playground-login-blade/tests/Feature/Http/Controllers/Laravel/AuthenticationRouteTest.php" tests="11" assertions="38" errors="0" failures="0" skipped="0" time="2.761510">
        <testcase name="test_login_screen_can_be_rendered" file="/app/vendor/gammamatrix/playground-login-blade/tests/Feature/Http/Controllers/Laravel/AuthenticationRouteTest.php" line="22" class="Tests\Feature\Playground\Login\Blade\Http\Controllers\Laravel\AuthenticationRouteTest" classname="Tests.Feature.Playground.Login.Blade.Http.Controllers.Laravel.AuthenticationRouteTest" assertions="1" time="0.104270"/>
        <testcase name="test_users_can_authenticate_using_the_login_screen_laravel" file="/app/vendor/gammamatrix/playground-login-blade/tests/Feature/Http/Controllers/Laravel/AuthenticationRouteTest.php" line="29" class="Tests\Feature\Playground\Login\Blade\Http\Controllers\Laravel\AuthenticationRouteTest" classname="Tests.Feature.Playground.Login.Blade.Http.Controllers.Laravel.AuthenticationRouteTest" assertions="4" time="0.104349"/>
        <testcase name="test_users_can_authenticate_using_json" file="/app/vendor/gammamatrix/playground-login-blade/tests/Feature/Http/Controllers/Laravel/AuthenticationRouteTest.php" line="54" class="Tests\Feature\Playground\Login\Blade\Http\Controllers\Laravel\AuthenticationRouteTest" classname="Tests.Feature.Playground.Login.Blade.Http.Controllers.Laravel.AuthenticationRouteTest" assertions="4" time="0.099876"/>
        <testcase name="test_users_cannot_authenticate_with_invalid_password" file="/app/vendor/gammamatrix/playground-login-blade/tests/Feature/Http/Controllers/Laravel/AuthenticationRouteTest.php" line="74" class="Tests\Feature\Playground\Login\Blade\Http\Controllers\Laravel\AuthenticationRouteTest" classname="Tests.Feature.Playground.Login.Blade.Http.Controllers.Laravel.AuthenticationRouteTest" assertions="2" time="0.300419"/>
        <testcase name="test_users_can_logout_on_get_request" file="/app/vendor/gammamatrix/playground-login-blade/tests/Feature/Http/Controllers/Laravel/AuthenticationRouteTest.php" line="91" class="Tests\Feature\Playground\Login\Blade\Http\Controllers\Laravel\AuthenticationRouteTest" classname="Tests.Feature.Playground.Login.Blade.Http.Controllers.Laravel.AuthenticationRouteTest" assertions="2" time="0.099406"/>
        <testcase name="test_users_can_logout_on_get_request_using_json" file="/app/vendor/gammamatrix/playground-login-blade/tests/Feature/Http/Controllers/Laravel/AuthenticationRouteTest.php" line="108" class="Tests\Feature\Playground\Login\Blade\Http\Controllers\Laravel\AuthenticationRouteTest" classname="Tests.Feature.Playground.Login.Blade.Http.Controllers.Laravel.AuthenticationRouteTest" assertions="4" time="0.098006"/>
        <testcase name="test_users_can_logout_on_post_request" file="/app/vendor/gammamatrix/playground-login-blade/tests/Feature/Http/Controllers/Laravel/AuthenticationRouteTest.php" line="130" class="Tests\Feature\Playground\Login\Blade\Http\Controllers\Laravel\AuthenticationRouteTest" classname="Tests.Feature.Playground.Login.Blade.Http.Controllers.Laravel.AuthenticationRouteTest" assertions="2" time="0.098006"/>
        <testcase name="test_guests_can_logout_on_get_request" file="/app/vendor/gammamatrix/playground-login-blade/tests/Feature/Http/Controllers/Laravel/AuthenticationRouteTest.php" line="144" class="Tests\Feature\Playground\Login\Blade\Http\Controllers\Laravel\AuthenticationRouteTest" classname="Tests.Feature.Playground.Login.Blade.Http.Controllers.Laravel.AuthenticationRouteTest" assertions="2" time="0.093303"/>
        <testcase name="test_csfr_token_request" file="/app/vendor/gammamatrix/playground-login-blade/tests/Feature/Http/Controllers/Laravel/AuthenticationRouteTest.php" line="162" class="Tests\Feature\Playground\Login\Blade\Http\Controllers\Laravel\AuthenticationRouteTest" classname="Tests.Feature.Playground.Login.Blade.Http.Controllers.Laravel.AuthenticationRouteTest" assertions="3" time="0.093433"/>
        <testcase name="test_login_repeat_under_rate_limit_and_clear" file="/app/vendor/gammamatrix/playground-login-blade/tests/Feature/Http/Controllers/Laravel/AuthenticationRouteTest.php" line="175" class="Tests\Feature\Playground\Login\Blade\Http\Controllers\Laravel\AuthenticationRouteTest" classname="Tests.Feature.Playground.Login.Blade.Http.Controllers.Laravel.AuthenticationRouteTest" assertions="6" time="0.531049"/>
        <testcase name="test_login_repeat_and_hit_rate_limit" file="/app/vendor/gammamatrix/playground-login-blade/tests/Feature/Http/Controllers/Laravel/AuthenticationRouteTest.php" line="203" class="Tests\Feature\Playground\Login\Blade\Http\Controllers\Laravel\AuthenticationRouteTest" classname="Tests.Feature.Playground.Login.Blade.Http.Controllers.Laravel.AuthenticationRouteTest" assertions="8" time="1.139393"/>
      </testsuite>
      <testsuite name="Tests\Feature\Playground\Login\Blade\Http\Controllers\Laravel\EmailVerificationRouteTest" file="/app/vendor/gammamatrix/playground-login-blade/tests/Feature/Http/Controllers/Laravel/EmailVerificationRouteTest.php" tests="10" assertions="25" errors="0" failures="0" skipped="0" time="0.985021">
        <testcase name="test_email_verification_screen_can_be_rendered" file="/app/vendor/gammamatrix/playground-login-blade/tests/Feature/Http/Controllers/Laravel/EmailVerificationRouteTest.php" line="28" class="Tests\Feature\Playground\Login\Blade\Http\Controllers\Laravel\EmailVerificationRouteTest" classname="Tests.Feature.Playground.Login.Blade.Http.Controllers.Laravel.EmailVerificationRouteTest" assertions="1" time="0.105131"/>
        <testcase name="test_email_verification_screen_is_not_rendered_if_already_verified" file="/app/vendor/gammamatrix/playground-login-blade/tests/Feature/Http/Controllers/Laravel/EmailVerificationRouteTest.php" line="42" class="Tests\Feature\Playground\Login\Blade\Http\Controllers\Laravel\EmailVerificationRouteTest" classname="Tests.Feature.Playground.Login.Blade.Http.Controllers.Laravel.EmailVerificationRouteTest" assertions="1" time="0.095091"/>
        <testcase name="test_json_send_email_verification_notification_as_guest" file="/app/vendor/gammamatrix/playground-login-blade/tests/Feature/Http/Controllers/Laravel/EmailVerificationRouteTest.php" line="56" class="Tests\Feature\Playground\Login\Blade\Http\Controllers\Laravel\EmailVerificationRouteTest" classname="Tests.Feature.Playground.Login.Blade.Http.Controllers.Laravel.EmailVerificationRouteTest" assertions="4" time="0.092431"/>
        <testcase name="test_send_email_verification_notification_as_guest_and_redirect" file="/app/vendor/gammamatrix/playground-login-blade/tests/Feature/Http/Controllers/Laravel/EmailVerificationRouteTest.php" line="76" class="Tests\Feature\Playground\Login\Blade\Http\Controllers\Laravel\EmailVerificationRouteTest" classname="Tests.Feature.Playground.Login.Blade.Http.Controllers.Laravel.EmailVerificationRouteTest" assertions="4" time="0.091604"/>
        <testcase name="test_send_email_verification_notification_as_user" file="/app/vendor/gammamatrix/playground-login-blade/tests/Feature/Http/Controllers/Laravel/EmailVerificationRouteTest.php" line="89" class="Tests\Feature\Playground\Login\Blade\Http\Controllers\Laravel\EmailVerificationRouteTest" classname="Tests.Feature.Playground.Login.Blade.Http.Controllers.Laravel.EmailVerificationRouteTest" assertions="3" time="0.096400"/>
        <testcase name="test_send_email_verification_notification_when_already_verified" file="/app/vendor/gammamatrix/playground-login-blade/tests/Feature/Http/Controllers/Laravel/EmailVerificationRouteTest.php" line="118" class="Tests\Feature\Playground\Login\Blade\Http\Controllers\Laravel\EmailVerificationRouteTest" classname="Tests.Feature.Playground.Login.Blade.Http.Controllers.Laravel.EmailVerificationRouteTest" assertions="2" time="0.096858"/>
        <testcase name="test_email_can_be_verified" file="/app/vendor/gammamatrix/playground-login-blade/tests/Feature/Http/Controllers/Laravel/EmailVerificationRouteTest.php" line="138" class="Tests\Feature\Playground\Login\Blade\Http\Controllers\Laravel\EmailVerificationRouteTest" classname="Tests.Feature.Playground.Login.Blade.Http.Controllers.Laravel.EmailVerificationRouteTest" assertions="4" time="0.103558"/>
        <testcase name="test_email_is_not_verified_with_invalid_hash" file="/app/vendor/gammamatrix/playground-login-blade/tests/Feature/Http/Controllers/Laravel/EmailVerificationRouteTest.php" line="176" class="Tests\Feature\Playground\Login\Blade\Http\Controllers\Laravel\EmailVerificationRouteTest" classname="Tests.Feature.Playground.Login.Blade.Http.Controllers.Laravel.EmailVerificationRouteTest" assertions="1" time="0.099495"/>
        <testcase name="test_email_is_not_verified_with_invalid_user_id" file="/app/vendor/gammamatrix/playground-login-blade/tests/Feature/Http/Controllers/Laravel/EmailVerificationRouteTest.php" line="209" class="Tests\Feature\Playground\Login\Blade\Http\Controllers\Laravel\EmailVerificationRouteTest" classname="Tests.Feature.Playground.Login.Blade.Http.Controllers.Laravel.EmailVerificationRouteTest" assertions="1" time="0.101950"/>
        <testcase name="test_email_verified_with_already_verified" file="/app/vendor/gammamatrix/playground-login-blade/tests/Feature/Http/Controllers/Laravel/EmailVerificationRouteTest.php" line="247" class="Tests\Feature\Playground\Login\Blade\Http\Controllers\Laravel\EmailVerificationRouteTest" classname="Tests.Feature.Playground.Login.Blade.Http.Controllers.Laravel.EmailVerificationRouteTest" assertions="4" time="0.102505"/>
      </testsuite>
      <testsuite name="Tests\Feature\Playground\Login\Blade\Http\Controllers\Laravel\PasswordConfirmationRouteTest" file="/app/vendor/gammamatrix/playground-login-blade/tests/Feature/Http/Controllers/Laravel/PasswordConfirmationRouteTest.php" tests="3" assertions="4" errors="0" failures="0" skipped="0" time="0.517810">
        <testcase name="test_confirm_password_screen_can_be_rendered" file="/app/vendor/gammamatrix/playground-login-blade/tests/Feature/Http/Controllers/Laravel/PasswordConfirmationRouteTest.php" line="22" class="Tests\Feature\Playground\Login\Blade\Http\Controllers\Laravel\PasswordConfirmationRouteTest" classname="Tests.Feature.Playground.Login.Blade.Http.Controllers.Laravel.PasswordConfirmationRouteTest" assertions="1" time="0.118870"/>
        <testcase name="test_password_can_be_confirmed" file="/app/vendor/gammamatrix/playground-login-blade/tests/Feature/Http/Controllers/Laravel/PasswordConfirmationRouteTest.php" line="34" class="Tests\Feature\Playground\Login\Blade\Http\Controllers\Laravel\PasswordConfirmationRouteTest" classname="Tests.Feature.Playground.Login.Blade.Http.Controllers.Laravel.PasswordConfirmationRouteTest" assertions="2" time="0.099128"/>
        <testcase name="test_password_is_not_confirmed_with_invalid_password" file="/app/vendor/gammamatrix/playground-login-blade/tests/Feature/Http/Controllers/Laravel/PasswordConfirmationRouteTest.php" line="53" class="Tests\Feature\Playground\Login\Blade\Http\Controllers\Laravel\PasswordConfirmationRouteTest" classname="Tests.Feature.Playground.Login.Blade.Http.Controllers.Laravel.PasswordConfirmationRouteTest" assertions="1" time="0.299813"/>
      </testsuite>
      <testsuite name="Tests\Feature\Playground\Login\Blade\Http\Controllers\Laravel\PasswordResetRouteTest" file="/app/vendor/gammamatrix/playground-login-blade/tests/Feature/Http/Controllers/Laravel/PasswordResetRouteTest.php" tests="6" assertions="11" errors="0" failures="0" skipped="0" time="1.843263">
        <testcase name="test_reset_password_link_screen_can_be_rendered" file="/app/vendor/gammamatrix/playground-login-blade/tests/Feature/Http/Controllers/Laravel/PasswordResetRouteTest.php" line="24" class="Tests\Feature\Playground\Login\Blade\Http\Controllers\Laravel\PasswordResetRouteTest" classname="Tests.Feature.Playground.Login.Blade.Http.Controllers.Laravel.PasswordResetRouteTest" assertions="1" time="0.100818"/>
        <testcase name="test_reset_password_link_can_be_requested" file="/app/vendor/gammamatrix/playground-login-blade/tests/Feature/Http/Controllers/Laravel/PasswordResetRouteTest.php" line="31" class="Tests\Feature\Playground\Login\Blade\Http\Controllers\Laravel\PasswordResetRouteTest" classname="Tests.Feature.Playground.Login.Blade.Http.Controllers.Laravel.PasswordResetRouteTest" assertions="1" time="0.300533"/>
        <testcase name="test_reset_password_screen_can_be_rendered" file="/app/vendor/gammamatrix/playground-login-blade/tests/Feature/Http/Controllers/Laravel/PasswordResetRouteTest.php" line="45" class="Tests\Feature\Playground\Login\Blade\Http\Controllers\Laravel\PasswordResetRouteTest" classname="Tests.Feature.Playground.Login.Blade.Http.Controllers.Laravel.PasswordResetRouteTest" assertions="3" time="0.315312"/>
        <testcase name="test_password_can_be_reset_with_valid_token" file="/app/vendor/gammamatrix/playground-login-blade/tests/Feature/Http/Controllers/Laravel/PasswordResetRouteTest.php" line="68" class="Tests\Feature\Playground\Login\Blade\Http\Controllers\Laravel\PasswordResetRouteTest" classname="Tests.Feature.Playground.Login.Blade.Http.Controllers.Laravel.PasswordResetRouteTest" assertions="3" time="0.318327"/>
        <testcase name="test_password_reset_with_invalid_token" file="/app/vendor/gammamatrix/playground-login-blade/tests/Feature/Http/Controllers/Laravel/PasswordResetRouteTest.php" line="94" class="Tests\Feature\Playground\Login\Blade\Http\Controllers\Laravel\PasswordResetRouteTest" classname="Tests.Feature.Playground.Login.Blade.Http.Controllers.Laravel.PasswordResetRouteTest" assertions="2" time="0.509455"/>
        <testcase name="test_password_reset_with_invalid_user" file="/app/vendor/gammamatrix/playground-login-blade/tests/Feature/Http/Controllers/Laravel/PasswordResetRouteTest.php" line="119" class="Tests\Feature\Playground\Login\Blade\Http\Controllers\Laravel\PasswordResetRouteTest" classname="Tests.Feature.Playground.Login.Blade.Http.Controllers.Laravel.PasswordResetRouteTest" assertions="1" time="0.298819"/>
      </testsuite>
      <testsuite name="Tests\Feature\Playground\Login\Blade\Http\Controllers\Laravel\RegistrationRouteTest" file="/app/vendor/gammamatrix/playground-login-blade/tests/Feature/Http/Controllers/Laravel/RegistrationRouteTest.php" tests="2" assertions="4" errors="0" failures="0" skipped="0" time="0.200750">
        <testcase name="test_registration_screen_can_be_rendered" file="/app/vendor/gammamatrix/playground-login-blade/tests/Feature/Http/Controllers/Laravel/RegistrationRouteTest.php" line="21" class="Tests\Feature\Playground\Login\Blade\Http\Controllers\Laravel\RegistrationRouteTest" classname="Tests.Feature.Playground.Login.Blade.Http.Controllers.Laravel.RegistrationRouteTest" assertions="1" time="0.101118"/>
        <testcase name="test_new_users_can_register" file="/app/vendor/gammamatrix/playground-login-blade/tests/Feature/Http/Controllers/Laravel/RegistrationRouteTest.php" line="28" class="Tests\Feature\Playground\Login\Blade\Http\Controllers\Laravel\RegistrationRouteTest" classname="Tests.Feature.Playground.Login.Blade.Http.Controllers.Laravel.RegistrationRouteTest" assertions="3" time="0.099632"/>
      </testsuite>
      <testsuite name="Tests\Feature\Playground\Login\Blade\Http\Controllers\Playground\AuthenticationRouteTest" file="/app/vendor/gammamatrix/playground-login-blade/tests/Feature/Http/Controllers/Playground/AuthenticationRouteTest.php" tests="11" assertions="38" errors="0" failures="0" skipped="0" time="2.896811">
        <testcase name="test_login_screen_can_be_rendered" file="/app/vendor/gammamatrix/playground-login-blade/tests/Feature/Http/Controllers/Playground/AuthenticationRouteTest.php" line="22" class="Tests\Feature\Playground\Login\Blade\Http\Controllers\Playground\AuthenticationRouteTest" classname="Tests.Feature.Playground.Login.Blade.Http.Controllers.Playground.AuthenticationRouteTest" assertions="1" time="0.109384"/>
        <testcase name="test_users_can_authenticate_using_the_login_screen_playground" file="/app/vendor/gammamatrix/playground-login-blade/tests/Feature/Http/Controllers/Playground/AuthenticationRouteTest.php" line="29" class="Tests\Feature\Playground\Login\Blade\Http\Controllers\Playground\AuthenticationRouteTest" classname="Tests.Feature.Playground.Login.Blade.Http.Controllers.Playground.AuthenticationRouteTest" assertions="4" time="0.126707"/>
        <testcase name="test_users_can_authenticate_using_json" file="/app/vendor/gammamatrix/playground-login-blade/tests/Feature/Http/Controllers/Playground/AuthenticationRouteTest.php" line="55" class="Tests\Feature\Playground\Login\Blade\Http\Controllers\Playground\AuthenticationRouteTest" classname="Tests.Feature.Playground.Login.Blade.Http.Controllers.Playground.AuthenticationRouteTest" assertions="4" time="0.116016"/>
        <testcase name="test_users_cannot_authenticate_with_invalid_password" file="/app/vendor/gammamatrix/playground-login-blade/tests/Feature/Http/Controllers/Playground/AuthenticationRouteTest.php" line="75" class="Tests\Feature\Playground\Login\Blade\Http\Controllers\Playground\AuthenticationRouteTest" classname="Tests.Feature.Playground.Login.Blade.Http.Controllers.Playground.AuthenticationRouteTest" assertions="2" time="0.315719"/>
        <testcase name="test_users_can_logout_on_get_request" file="/app/vendor/gammamatrix/playground-login-blade/tests/Feature/Http/Controllers/Playground/AuthenticationRouteTest.php" line="92" class="Tests\Feature\Playground\Login\Blade\Http\Controllers\Playground\AuthenticationRouteTest" classname="Tests.Feature.Playground.Login.Blade.Http.Controllers.Playground.AuthenticationRouteTest" assertions="2" time="0.112428"/>
        <testcase name="test_users_can_logout_on_get_request_using_json" file="/app/vendor/gammamatrix/playground-login-blade/tests/Feature/Http/Controllers/Playground/AuthenticationRouteTest.php" line="109" class="Tests\Feature\Playground\Login\Blade\Http\Controllers\Playground\AuthenticationRouteTest" classname="Tests.Feature.Playground.Login.Blade.Http.Controllers.Playground.AuthenticationRouteTest" assertions="4" time="0.113048"/>
        <testcase name="test_users_can_logout_on_post_request" file="/app/vendor/gammamatrix/playground-login-blade/tests/Feature/Http/Controllers/Playground/AuthenticationRouteTest.php" line="131" class="Tests\Feature\Playground\Login\Blade\Http\Controllers\Playground\AuthenticationRouteTest" classname="Tests.Feature.Playground.Login.Blade.Http.Controllers.Playground.AuthenticationRouteTest" assertions="2" time="0.113996"/>
        <testcase name="test_guests_can_logout_on_get_request" file="/app/vendor/gammamatrix/playground-login-blade/tests/Feature/Http/Controllers/Playground/AuthenticationRouteTest.php" line="145" class="Tests\Feature\Playground\Login\Blade\Http\Controllers\Playground\AuthenticationRouteTest" classname="Tests.Feature.Playground.Login.Blade.Http.Controllers.Playground.AuthenticationRouteTest" assertions="2" time="0.102117"/>
        <testcase name="test_csfr_token_request" file="/app/vendor/gammamatrix/playground-login-blade/tests/Feature/Http/Controllers/Playground/AuthenticationRouteTest.php" line="163" class="Tests\Feature\Playground\Login\Blade\Http\Controllers\Playground\AuthenticationRouteTest" classname="Tests.Feature.Playground.Login.Blade.Http.Controllers.Playground.AuthenticationRouteTest" assertions="3" time="0.101270"/>
        <testcase name="test_login_repeat_under_rate_limit_and_clear" file="/app/vendor/gammamatrix/playground-login-blade/tests/Feature/Http/Controllers/Playground/AuthenticationRouteTest.php" line="176" class="Tests\Feature\Playground\Login\Blade\Http\Controllers\Playground\AuthenticationRouteTest" classname="Tests.Feature.Playground.Login.Blade.Http.Controllers.Playground.AuthenticationRouteTest" assertions="6" time="0.531243"/>
        <testcase name="test_login_repeat_and_hit_rate_limit" file="/app/vendor/gammamatrix/playground-login-blade/tests/Feature/Http/Controllers/Playground/AuthenticationRouteTest.php" line="204" class="Tests\Feature\Playground\Login\Blade\Http\Controllers\Playground\AuthenticationRouteTest" classname="Tests.Feature.Playground.Login.Blade.Http.Controllers.Playground.AuthenticationRouteTest" assertions="8" time="1.154883"/>
      </testsuite>
      <testsuite name="Tests\Feature\Playground\Login\Blade\Http\Controllers\Playground\EmailVerificationRouteTest" file="/app/vendor/gammamatrix/playground-login-blade/tests/Feature/Http/Controllers/Playground/EmailVerificationRouteTest.php" tests="10" assertions="25" errors="0" failures="0" skipped="0" time="1.126024">
        <testcase name="test_email_verification_screen_can_be_rendered" file="/app/vendor/gammamatrix/playground-login-blade/tests/Feature/Http/Controllers/Playground/EmailVerificationRouteTest.php" line="28" class="Tests\Feature\Playground\Login\Blade\Http\Controllers\Playground\EmailVerificationRouteTest" classname="Tests.Feature.Playground.Login.Blade.Http.Controllers.Playground.EmailVerificationRouteTest" assertions="1" time="0.115908"/>
        <testcase name="test_email_verification_screen_is_not_rendered_if_already_verified" file="/app/vendor/gammamatrix/playground-login-blade/tests/Feature/Http/Controllers/Playground/EmailVerificationRouteTest.php" line="42" class="Tests\Feature\Playground\Login\Blade\Http\Controllers\Playground\EmailVerificationRouteTest" classname="Tests.Feature.Playground.Login.Blade.Http.Controllers.Playground.EmailVerificationRouteTest" assertions="1" time="0.108941"/>
        <testcase name="test_json_send_email_verification_notification_as_guest" file="/app/vendor/gammamatrix/playground-login-blade/tests/Feature/Http/Controllers/Playground/EmailVerificationRouteTest.php" line="56" class="Tests\Feature\Playground\Login\Blade\Http\Controllers\Playground\EmailVerificationRouteTest" classname="Tests.Feature.Playground.Login.Blade.Http.Controllers.Playground.EmailVerificationRouteTest" assertions="4" time="0.100606"/>
        <testcase name="test_send_email_verification_notification_as_guest_and_redirect" file="/app/vendor/gammamatrix/playground-login-blade/tests/Feature/Http/Controllers/Playground/EmailVerificationRouteTest.php" line="76" class="Tests\Feature\Playground\Login\Blade\Http\Controllers\Playground\EmailVerificationRouteTest" classname="Tests.Feature.Playground.Login.Blade.Http.Controllers.Playground.EmailVerificationRouteTest" assertions="4" time="0.113093"/>
        <testcase name="test_send_email_verification_notification_as_user" file="/app/vendor/gammamatrix/playground-login-blade/tests/Feature/Http/Controllers/Playground/EmailVerificationRouteTest.php" line="89" class="Tests\Feature\Playground\Login\Blade\Http\Controllers\Playground\EmailVerificationRouteTest" classname="Tests.Feature.Playground.Login.Blade.Http.Controllers.Playground.EmailVerificationRouteTest" assertions="3" time="0.111167"/>
        <testcase name="test_send_email_verification_notification_when_already_verified" file="/app/vendor/gammamatrix/playground-login-blade/tests/Feature/Http/Controllers/Playground/EmailVerificationRouteTest.php" line="118" class="Tests\Feature\Playground\Login\Blade\Http\Controllers\Playground\EmailVerificationRouteTest" classname="Tests.Feature.Playground.Login.Blade.Http.Controllers.Playground.EmailVerificationRouteTest" assertions="2" time="0.114617"/>
        <testcase name="test_email_can_be_verified" file="/app/vendor/gammamatrix/playground-login-blade/tests/Feature/Http/Controllers/Playground/EmailVerificationRouteTest.php" line="138" class="Tests\Feature\Playground\Login\Blade\Http\Controllers\Playground\EmailVerificationRouteTest" classname="Tests.Feature.Playground.Login.Blade.Http.Controllers.Playground.EmailVerificationRouteTest" assertions="4" time="0.117993"/>
        <testcase name="test_email_is_not_verified_with_invalid_hash" file="/app/vendor/gammamatrix/playground-login-blade/tests/Feature/Http/Controllers/Playground/EmailVerificationRouteTest.php" line="176" class="Tests\Feature\Playground\Login\Blade\Http\Controllers\Playground\EmailVerificationRouteTest" classname="Tests.Feature.Playground.Login.Blade.Http.Controllers.Playground.EmailVerificationRouteTest" assertions="1" time="0.113827"/>
        <testcase name="test_email_is_not_verified_with_invalid_user_id" file="/app/vendor/gammamatrix/playground-login-blade/tests/Feature/Http/Controllers/Playground/EmailVerificationRouteTest.php" line="209" class="Tests\Feature\Playground\Login\Blade\Http\Controllers\Playground\EmailVerificationRouteTest" classname="Tests.Feature.Playground.Login.Blade.Http.Controllers.Playground.EmailVerificationRouteTest" assertions="1" time="0.113946"/>
        <testcase name="test_email_verified_with_already_verified" file="/app/vendor/gammamatrix/playground-login-blade/tests/Feature/Http/Controllers/Playground/EmailVerificationRouteTest.php" line="247" class="Tests\Feature\Playground\Login\Blade\Http\Controllers\Playground\EmailVerificationRouteTest" classname="Tests.Feature.Playground.Login.Blade.Http.Controllers.Playground.EmailVerificationRouteTest" assertions="4" time="0.115927"/>
      </testsuite>
      <testsuite name="Tests\Feature\Playground\Login\Blade\Http\Controllers\Playground\PasswordConfirmationRouteTest" file="/app/vendor/gammamatrix/playground-login-blade/tests/Feature/Http/Controllers/Playground/PasswordConfirmationRouteTest.php" tests="3" assertions="4" errors="0" failures="0" skipped="0" time="0.552252">
        <testcase name="test_confirm_password_screen_can_be_rendered" file="/app/vendor/gammamatrix/playground-login-blade/tests/Feature/Http/Controllers/Playground/PasswordConfirmationRouteTest.php" line="22" class="Tests\Feature\Playground\Login\Blade\Http\Controllers\Playground\PasswordConfirmationRouteTest" classname="Tests.Feature.Playground.Login.Blade.Http.Controllers.Playground.PasswordConfirmationRouteTest" assertions="1" time="0.122201"/>
        <testcase name="test_password_can_be_confirmed" file="/app/vendor/gammamatrix/playground-login-blade/tests/Feature/Http/Controllers/Playground/PasswordConfirmationRouteTest.php" line="34" class="Tests\Feature\Playground\Login\Blade\Http\Controllers\Playground\PasswordConfirmationRouteTest" classname="Tests.Feature.Playground.Login.Blade.Http.Controllers.Playground.PasswordConfirmationRouteTest" assertions="2" time="0.115860"/>
        <testcase name="test_password_is_not_confirmed_with_invalid_password" file="/app/vendor/gammamatrix/playground-login-blade/tests/Feature/Http/Controllers/Playground/PasswordConfirmationRouteTest.php" line="49" class="Tests\Feature\Playground\Login\Blade\Http\Controllers\Playground\PasswordConfirmationRouteTest" classname="Tests.Feature.Playground.Login.Blade.Http.Controllers.Playground.PasswordConfirmationRouteTest" assertions="1" time="0.314190"/>
      </testsuite>
      <testsuite name="Tests\Feature\Playground\Login\Blade\Http\Controllers\Playground\PasswordResetRouteTest" file="/app/vendor/gammamatrix/playground-login-blade/tests/Feature/Http/Controllers/Playground/PasswordResetRouteTest.php" tests="6" assertions="11" errors="0" failures="0" skipped="0" time="1.940038">
        <testcase name="test_reset_password_link_screen_can_be_rendered" file="/app/vendor/gammamatrix/playground-login-blade/tests/Feature/Http/Controllers/Playground/PasswordResetRouteTest.php" line="24" class="Tests\Feature\Playground\Login\Blade\Http\Controllers\Playground\PasswordResetRouteTest" classname="Tests.Feature.Playground.Login.Blade.Http.Controllers.Playground.PasswordResetRouteTest" assertions="1" time="0.109998"/>
        <testcase name="test_reset_password_link_can_be_requested" file="/app/vendor/gammamatrix/playground-login-blade/tests/Feature/Http/Controllers/Playground/PasswordResetRouteTest.php" line="31" class="Tests\Feature\Playground\Login\Blade\Http\Controllers\Playground\PasswordResetRouteTest" classname="Tests.Feature.Playground.Login.Blade.Http.Controllers.Playground.PasswordResetRouteTest" assertions="1" time="0.313901"/>
        <testcase name="test_reset_password_screen_can_be_rendered" file="/app/vendor/gammamatrix/playground-login-blade/tests/Feature/Http/Controllers/Playground/PasswordResetRouteTest.php" line="45" class="Tests\Feature\Playground\Login\Blade\Http\Controllers\Playground\PasswordResetRouteTest" classname="Tests.Feature.Playground.Login.Blade.Http.Controllers.Playground.PasswordResetRouteTest" assertions="3" time="0.346098"/>
        <testcase name="test_password_can_be_reset_with_valid_token" file="/app/vendor/gammamatrix/playground-login-blade/tests/Feature/Http/Controllers/Playground/PasswordResetRouteTest.php" line="67" class="Tests\Feature\Playground\Login\Blade\Http\Controllers\Playground\PasswordResetRouteTest" classname="Tests.Feature.Playground.Login.Blade.Http.Controllers.Playground.PasswordResetRouteTest" assertions="3" time="0.340306"/>
        <testcase name="test_password_reset_with_invalid_token" file="/app/vendor/gammamatrix/playground-login-blade/tests/Feature/Http/Controllers/Playground/PasswordResetRouteTest.php" line="93" class="Tests\Feature\Playground\Login\Blade\Http\Controllers\Playground\PasswordResetRouteTest" classname="Tests.Feature.Playground.Login.Blade.Http.Controllers.Playground.PasswordResetRouteTest" assertions="2" time="0.521136"/>
        <testcase name="test_password_reset_with_invalid_user" file="/app/vendor/gammamatrix/playground-login-blade/tests/Feature/Http/Controllers/Playground/PasswordResetRouteTest.php" line="118" class="Tests\Feature\Playground\Login\Blade\Http\Controllers\Playground\PasswordResetRouteTest" classname="Tests.Feature.Playground.Login.Blade.Http.Controllers.Playground.PasswordResetRouteTest" assertions="1" time="0.308598"/>
      </testsuite>
      <testsuite name="Tests\Feature\Playground\Login\Blade\Http\Controllers\Playground\RegistrationRouteTest" file="/app/vendor/gammamatrix/playground-login-blade/tests/Feature/Http/Controllers/Playground/RegistrationRouteTest.php" tests="2" assertions="4" errors="0" failures="0" skipped="0" time="0.222701">
        <testcase name="test_registration_screen_can_be_rendered" file="/app/vendor/gammamatrix/playground-login-blade/tests/Feature/Http/Controllers/Playground/RegistrationRouteTest.php" line="21" class="Tests\Feature\Playground\Login\Blade\Http\Controllers\Playground\RegistrationRouteTest" classname="Tests.Feature.Playground.Login.Blade.Http.Controllers.Playground.RegistrationRouteTest" assertions="1" time="0.109430"/>
        <testcase name="test_new_users_can_register" file="/app/vendor/gammamatrix/playground-login-blade/tests/Feature/Http/Controllers/Playground/RegistrationRouteTest.php" line="28" class="Tests\Feature\Playground\Login\Blade\Http\Controllers\Playground\RegistrationRouteTest" classname="Tests.Feature.Playground.Login.Blade.Http.Controllers.Playground.RegistrationRouteTest" assertions="3" time="0.113272"/>
      </testsuite>
      <testsuite name="Tests\Feature\Playground\Login\Blade\Http\Controllers\Sanctum\LogoutRouteTest" file="/app/vendor/gammamatrix/playground-login-blade/tests/Feature/Http/Controllers/Sanctum/LogoutRouteTest.php" tests="5" assertions="20" errors="0" failures="0" skipped="0" time="0.594479">
        <testcase name="test_sanctum_users_can_authenticate_and_logout_and_delete_token" file="/app/vendor/gammamatrix/playground-login-blade/tests/Feature/Http/Controllers/Sanctum/LogoutRouteTest.php" line="22" class="Tests\Feature\Playground\Login\Blade\Http\Controllers\Sanctum\LogoutRouteTest" classname="Tests.Feature.Playground.Login.Blade.Http.Controllers.Sanctum.LogoutRouteTest" assertions="5" time="0.127747"/>
        <testcase name="test_sanctum_users_can_logout_without_token_using_json" file="/app/vendor/gammamatrix/playground-login-blade/tests/Feature/Http/Controllers/Sanctum/LogoutRouteTest.php" line="49" class="Tests\Feature\Playground\Login\Blade\Http\Controllers\Sanctum\LogoutRouteTest" classname="Tests.Feature.Playground.Login.Blade.Http.Controllers.Sanctum.LogoutRouteTest" assertions="4" time="0.112280"/>
        <testcase name="test_sanctum_users_can_logout_all_tokens_without_token_using_json" file="/app/vendor/gammamatrix/playground-login-blade/tests/Feature/Http/Controllers/Sanctum/LogoutRouteTest.php" line="72" class="Tests\Feature\Playground\Login\Blade\Http\Controllers\Sanctum\LogoutRouteTest" classname="Tests.Feature.Playground.Login.Blade.Http.Controllers.Sanctum.LogoutRouteTest" assertions="4" time="0.113802"/>
        <testcase name="test_sanctum_users_can_logout_everywhere_tokens_without_token" file="/app/vendor/gammamatrix/playground-login-blade/tests/Feature/Http/Controllers/Sanctum/LogoutRouteTest.php" line="95" class="Tests\Feature\Playground\Login\Blade\Http\Controllers\Sanctum\LogoutRouteTest" classname="Tests.Feature.Playground.Login.Blade.Http.Controllers.Sanctum.LogoutRouteTest" assertions="2" time="0.114264"/>
        <testcase name="test_sanctum_users_can_authenticate_and_logout_and_delete_token_with_sessions" file="/app/vendor/gammamatrix/playground-login-blade/tests/Feature/Http/Controllers/Sanctum/LogoutRouteTest.php" line="113" class="Tests\Feature\Playground\Login\Blade\Http\Controllers\Sanctum\LogoutRouteTest" classname="Tests.Feature.Playground.Login.Blade.Http.Controllers.Sanctum.LogoutRouteTest" assertions="5" time="0.126386"/>
      </testsuite>
      <testsuite name="Tests\Feature\Playground\Http\Console\Commands\About\CommandTest" file="/app/vendor/gammamatrix/playground-http/tests/Feature/Console/Commands/About/CommandTest.php" tests="1" assertions="2" errors="0" failures="0" skipped="0" time="0.106407">
        <testcase name="test_command_about_displays_package_information_and_succeed_with_code_0" file="/app/vendor/gammamatrix/playground-http/tests/Feature/Console/Commands/About/CommandTest.php" line="21" class="Tests\Feature\Playground\Http\Console\Commands\About\CommandTest" classname="Tests.Feature.Playground.Http.Console.Commands.About.CommandTest" assertions="2" time="0.106407"/>
      </testsuite>
      <testsuite name="Tests\Feature\Playground\Site\Blade\Console\Commands\About\CommandTest" file="/app/vendor/gammamatrix/playground-site-blade/tests/Feature/Console/Commands/About/CommandTest.php" tests="1" assertions="2" errors="0" failures="0" skipped="0" time="0.226341">
        <testcase name="test_command_about_displays_package_information_and_succeed_with_code_0" file="/app/vendor/gammamatrix/playground-site-blade/tests/Feature/Console/Commands/About/CommandTest.php" line="21" class="Tests\Feature\Playground\Site\Blade\Console\Commands\About\CommandTest" classname="Tests.Feature.Playground.Site.Blade.Console.Commands.About.CommandTest" assertions="2" time="0.226341"/>
      </testsuite>
      <testsuite name="Tests\Feature\Playground\Site\Blade\Http\Controllers\Laravel\AboutRouteTest" file="/app/vendor/gammamatrix/playground-site-blade/tests/Feature/Http/Controllers/Laravel/AboutRouteTest.php" tests="4" assertions="4" errors="0" failures="0" skipped="0" time="0.406374">
        <testcase name="test_as_guest_and_succeed" file="/app/vendor/gammamatrix/playground-site-blade/tests/Feature/Http/Controllers/Laravel/AboutRouteTest.php" line="23" class="Tests\Feature\Playground\Site\Blade\Http\Controllers\Laravel\AboutRouteTest" classname="Tests.Feature.Playground.Site.Blade.Http.Controllers.Laravel.AboutRouteTest" assertions="1" time="0.104850"/>
        <testcase name="test_json_as_guest_and_succeed" file="/app/vendor/gammamatrix/playground-site-blade/tests/Feature/Http/Controllers/Laravel/AboutRouteTest.php" line="29" class="Tests\Feature\Playground\Site\Blade\Http\Controllers\Laravel\AboutRouteTest" classname="Tests.Feature.Playground.Site.Blade.Http.Controllers.Laravel.AboutRouteTest" assertions="1" time="0.094274"/>
        <testcase name="test_as_user_and_succeed" file="/app/vendor/gammamatrix/playground-site-blade/tests/Feature/Http/Controllers/Laravel/AboutRouteTest.php" line="35" class="Tests\Feature\Playground\Site\Blade\Http\Controllers\Laravel\AboutRouteTest" classname="Tests.Feature.Playground.Site.Blade.Http.Controllers.Laravel.AboutRouteTest" assertions="1" time="0.108973"/>
        <testcase name="test_json_as_user_and_succeed" file="/app/vendor/gammamatrix/playground-site-blade/tests/Feature/Http/Controllers/Laravel/AboutRouteTest.php" line="45" class="Tests\Feature\Playground\Site\Blade\Http\Controllers\Laravel\AboutRouteTest" classname="Tests.Feature.Playground.Site.Blade.Http.Controllers.Laravel.AboutRouteTest" assertions="1" time="0.098277"/>
      </testsuite>
      <testsuite name="Tests\Feature\Playground\Site\Blade\Http\Controllers\Laravel\BootstrapRouteTest" file="/app/vendor/gammamatrix/playground-site-blade/tests/Feature/Http/Controllers/Laravel/BootstrapRouteTest.php" tests="4" assertions="4" errors="0" failures="0" skipped="0" time="0.449519">
        <testcase name="test_as_guest_and_succeed" file="/app/vendor/gammamatrix/playground-site-blade/tests/Feature/Http/Controllers/Laravel/BootstrapRouteTest.php" line="23" class="Tests\Feature\Playground\Site\Blade\Http\Controllers\Laravel\BootstrapRouteTest" classname="Tests.Feature.Playground.Site.Blade.Http.Controllers.Laravel.BootstrapRouteTest" assertions="1" time="0.108727"/>
        <testcase name="test_json_as_guest_and_succeed" file="/app/vendor/gammamatrix/playground-site-blade/tests/Feature/Http/Controllers/Laravel/BootstrapRouteTest.php" line="29" class="Tests\Feature\Playground\Site\Blade\Http\Controllers\Laravel\BootstrapRouteTest" classname="Tests.Feature.Playground.Site.Blade.Http.Controllers.Laravel.BootstrapRouteTest" assertions="1" time="0.105857"/>
        <testcase name="test_as_wheel_and_succeed" file="/app/vendor/gammamatrix/playground-site-blade/tests/Feature/Http/Controllers/Laravel/BootstrapRouteTest.php" line="35" class="Tests\Feature\Playground\Site\Blade\Http\Controllers\Laravel\BootstrapRouteTest" classname="Tests.Feature.Playground.Site.Blade.Http.Controllers.Laravel.BootstrapRouteTest" assertions="1" time="0.122850"/>
        <testcase name="test_json_as_wheel_and_succeed" file="/app/vendor/gammamatrix/playground-site-blade/tests/Feature/Http/Controllers/Laravel/BootstrapRouteTest.php" line="45" class="Tests\Feature\Playground\Site\Blade\Http\Controllers\Laravel\BootstrapRouteTest" classname="Tests.Feature.Playground.Site.Blade.Http.Controllers.Laravel.BootstrapRouteTest" assertions="1" time="0.112085"/>
      </testsuite>
      <testsuite name="Tests\Feature\Playground\Site\Blade\Http\Controllers\Laravel\PublicDashboardRouteTest" file="/app/vendor/gammamatrix/playground-site-blade/tests/Feature/Http/Controllers/Laravel/PublicDashboardRouteTest.php" tests="4" assertions="6" errors="0" failures="0" skipped="0" time="0.382360">
        <testcase name="test_as_guest_and_fail_when_disabled_for_guest_and_no_redirect" file="/app/vendor/gammamatrix/playground-site-blade/tests/Feature/Http/Controllers/Laravel/PublicDashboardRouteTest.php" line="34" class="Tests\Feature\Playground\Site\Blade\Http\Controllers\Laravel\PublicDashboardRouteTest" classname="Tests.Feature.Playground.Site.Blade.Http.Controllers.Laravel.PublicDashboardRouteTest" assertions="1" time="0.095968"/>
        <testcase name="test_as_guest_and_redirect_when_disabled_for_all" file="/app/vendor/gammamatrix/playground-site-blade/tests/Feature/Http/Controllers/Laravel/PublicDashboardRouteTest.php" line="47" class="Tests\Feature\Playground\Site\Blade\Http\Controllers\Laravel\PublicDashboardRouteTest" classname="Tests.Feature.Playground.Site.Blade.Http.Controllers.Laravel.PublicDashboardRouteTest" assertions="2" time="0.094630"/>
        <testcase name="test_as_guest_and_redirect_when_disabled_for_guest" file="/app/vendor/gammamatrix/playground-site-blade/tests/Feature/Http/Controllers/Laravel/PublicDashboardRouteTest.php" line="56" class="Tests\Feature\Playground\Site\Blade\Http\Controllers\Laravel\PublicDashboardRouteTest" classname="Tests.Feature.Playground.Site.Blade.Http.Controllers.Laravel.PublicDashboardRouteTest" assertions="2" time="0.096916"/>
        <testcase name="test_as_guest_and_succeed" file="/app/vendor/gammamatrix/playground-site-blade/tests/Feature/Http/Controllers/Laravel/PublicDashboardRouteTest.php" line="66" class="Tests\Feature\Playground\Site\Blade\Http\Controllers\Laravel\PublicDashboardRouteTest" classname="Tests.Feature.Playground.Site.Blade.Http.Controllers.Laravel.PublicDashboardRouteTest" assertions="1" time="0.094846"/>
      </testsuite>
      <testsuite name="Tests\Feature\Playground\Site\Blade\Http\Controllers\Laravel\PublicHomeRouteTest" file="/app/vendor/gammamatrix/playground-site-blade/tests/Feature/Http/Controllers/Laravel/PublicHomeRouteTest.php" tests="4" assertions="4" errors="0" failures="0" skipped="0" time="0.409415">
        <testcase name="test_as_guest_and_succeed" file="/app/vendor/gammamatrix/playground-site-blade/tests/Feature/Http/Controllers/Laravel/PublicHomeRouteTest.php" line="34" class="Tests\Feature\Playground\Site\Blade\Http\Controllers\Laravel\PublicHomeRouteTest" classname="Tests.Feature.Playground.Site.Blade.Http.Controllers.Laravel.PublicHomeRouteTest" assertions="1" time="0.105725"/>
        <testcase name="test_json_as_guest_and_succeed" file="/app/vendor/gammamatrix/playground-site-blade/tests/Feature/Http/Controllers/Laravel/PublicHomeRouteTest.php" line="40" class="Tests\Feature\Playground\Site\Blade\Http\Controllers\Laravel\PublicHomeRouteTest" classname="Tests.Feature.Playground.Site.Blade.Http.Controllers.Laravel.PublicHomeRouteTest" assertions="1" time="0.095222"/>
        <testcase name="test_as_admin_and_succeed" file="/app/vendor/gammamatrix/playground-site-blade/tests/Feature/Http/Controllers/Laravel/PublicHomeRouteTest.php" line="46" class="Tests\Feature\Playground\Site\Blade\Http\Controllers\Laravel\PublicHomeRouteTest" classname="Tests.Feature.Playground.Site.Blade.Http.Controllers.Laravel.PublicHomeRouteTest" assertions="1" time="0.108090"/>
        <testcase name="test_json_as_admin_and_succeed" file="/app/vendor/gammamatrix/playground-site-blade/tests/Feature/Http/Controllers/Laravel/PublicHomeRouteTest.php" line="56" class="Tests\Feature\Playground\Site\Blade\Http\Controllers\Laravel\PublicHomeRouteTest" classname="Tests.Feature.Playground.Site.Blade.Http.Controllers.Laravel.PublicHomeRouteTest" assertions="1" time="0.100378"/>
      </testsuite>
      <testsuite name="Tests\Feature\Playground\Site\Blade\Http\Controllers\Laravel\PublicSitemapRouteTest" file="/app/vendor/gammamatrix/playground-site-blade/tests/Feature/Http/Controllers/Laravel/PublicSitemapRouteTest.php" tests="9" assertions="12" errors="0" failures="0" skipped="0" time="0.934735">
        <testcase name="test_as_guest_and_fail_when_disabled_for_guest_and_no_redirect" file="/app/vendor/gammamatrix/playground-site-blade/tests/Feature/Http/Controllers/Laravel/PublicSitemapRouteTest.php" line="23" class="Tests\Feature\Playground\Site\Blade\Http\Controllers\Laravel\PublicSitemapRouteTest" classname="Tests.Feature.Playground.Site.Blade.Http.Controllers.Laravel.PublicSitemapRouteTest" assertions="1" time="0.095392"/>
        <testcase name="test_as_guest_and_redirect_when_disabled_for_all" file="/app/vendor/gammamatrix/playground-site-blade/tests/Feature/Http/Controllers/Laravel/PublicSitemapRouteTest.php" line="33" class="Tests\Feature\Playground\Site\Blade\Http\Controllers\Laravel\PublicSitemapRouteTest" classname="Tests.Feature.Playground.Site.Blade.Http.Controllers.Laravel.PublicSitemapRouteTest" assertions="2" time="0.095172"/>
        <testcase name="test_as_guest_and_redirect_when_disabled_for_guest" file="/app/vendor/gammamatrix/playground-site-blade/tests/Feature/Http/Controllers/Laravel/PublicSitemapRouteTest.php" line="42" class="Tests\Feature\Playground\Site\Blade\Http\Controllers\Laravel\PublicSitemapRouteTest" classname="Tests.Feature.Playground.Site.Blade.Http.Controllers.Laravel.PublicSitemapRouteTest" assertions="2" time="0.106215"/>
        <testcase name="test_as_guest_and_succeed" file="/app/vendor/gammamatrix/playground-site-blade/tests/Feature/Http/Controllers/Laravel/PublicSitemapRouteTest.php" line="52" class="Tests\Feature\Playground\Site\Blade\Http\Controllers\Laravel\PublicSitemapRouteTest" classname="Tests.Feature.Playground.Site.Blade.Http.Controllers.Laravel.PublicSitemapRouteTest" assertions="1" time="0.105319"/>
        <testcase name="test_as_user_and_succeed" file="/app/vendor/gammamatrix/playground-site-blade/tests/Feature/Http/Controllers/Laravel/PublicSitemapRouteTest.php" line="62" class="Tests\Feature\Playground\Site\Blade\Http\Controllers\Laravel\PublicSitemapRouteTest" classname="Tests.Feature.Playground.Site.Blade.Http.Controllers.Laravel.PublicSitemapRouteTest" assertions="1" time="0.107993"/>
        <testcase name="test_as_support_and_fail_when_disabled_for_all" file="/app/vendor/gammamatrix/playground-site-blade/tests/Feature/Http/Controllers/Laravel/PublicSitemapRouteTest.php" line="76" class="Tests\Feature\Playground\Site\Blade\Http\Controllers\Laravel\PublicSitemapRouteTest" classname="Tests.Feature.Playground.Site.Blade.Http.Controllers.Laravel.PublicSitemapRouteTest" assertions="2" time="0.099252"/>
        <testcase name="test_as_user_and_fail_when_disabled_for_all_and_no_redirect" file="/app/vendor/gammamatrix/playground-site-blade/tests/Feature/Http/Controllers/Laravel/PublicSitemapRouteTest.php" line="89" class="Tests\Feature\Playground\Site\Blade\Http\Controllers\Laravel\PublicSitemapRouteTest" classname="Tests.Feature.Playground.Site.Blade.Http.Controllers.Laravel.PublicSitemapRouteTest" assertions="1" time="0.101858"/>
        <testcase name="test_as_admin_and_succeed" file="/app/vendor/gammamatrix/playground-site-blade/tests/Feature/Http/Controllers/Laravel/PublicSitemapRouteTest.php" line="102" class="Tests\Feature\Playground\Site\Blade\Http\Controllers\Laravel\PublicSitemapRouteTest" classname="Tests.Feature.Playground.Site.Blade.Http.Controllers.Laravel.PublicSitemapRouteTest" assertions="1" time="0.111362"/>
        <testcase name="test_as_user_and_succeed_with_package_sitemaps" file="/app/vendor/gammamatrix/playground-site-blade/tests/Feature/Http/Controllers/Laravel/PublicSitemapRouteTest.php" line="115" class="Tests\Feature\Playground\Site\Blade\Http\Controllers\Laravel\PublicSitemapRouteTest" classname="Tests.Feature.Playground.Site.Blade.Http.Controllers.Laravel.PublicSitemapRouteTest" assertions="1" time="0.112173"/>
      </testsuite>
      <testsuite name="Tests\Feature\Playground\Site\Blade\Http\Controllers\Laravel\ThemeRouteTest" file="/app/vendor/gammamatrix/playground-site-blade/tests/Feature/Http/Controllers/Laravel/ThemeRouteTest.php" tests="4" assertions="7" errors="0" failures="0" skipped="0" time="0.415042">
        <testcase name="test_as_guest_and_succeed" file="/app/vendor/gammamatrix/playground-site-blade/tests/Feature/Http/Controllers/Laravel/ThemeRouteTest.php" line="23" class="Tests\Feature\Playground\Site\Blade\Http\Controllers\Laravel\ThemeRouteTest" classname="Tests.Feature.Playground.Site.Blade.Http.Controllers.Laravel.ThemeRouteTest" assertions="2" time="0.098596"/>
        <testcase name="test_as_guest_with_preview_and_succeed" file="/app/vendor/gammamatrix/playground-site-blade/tests/Feature/Http/Controllers/Laravel/ThemeRouteTest.php" line="29" class="Tests\Feature\Playground\Site\Blade\Http\Controllers\Laravel\ThemeRouteTest" classname="Tests.Feature.Playground.Site.Blade.Http.Controllers.Laravel.ThemeRouteTest" assertions="1" time="0.108010"/>
        <testcase name="test_as_user_and_succeed" file="/app/vendor/gammamatrix/playground-site-blade/tests/Feature/Http/Controllers/Laravel/ThemeRouteTest.php" line="35" class="Tests\Feature\Playground\Site\Blade\Http\Controllers\Laravel\ThemeRouteTest" classname="Tests.Feature.Playground.Site.Blade.Http.Controllers.Laravel.ThemeRouteTest" assertions="2" time="0.103709"/>
        <testcase name="test_as_admin_and_succeed_with_theme_and_redirect" file="/app/vendor/gammamatrix/playground-site-blade/tests/Feature/Http/Controllers/Laravel/ThemeRouteTest.php" line="47" class="Tests\Feature\Playground\Site\Blade\Http\Controllers\Laravel\ThemeRouteTest" classname="Tests.Feature.Playground.Site.Blade.Http.Controllers.Laravel.ThemeRouteTest" assertions="2" time="0.104727"/>
      </testsuite>
      <testsuite name="Tests\Feature\Playground\Site\Blade\Http\Controllers\Laravel\UserDashboardRouteTest" file="/app/vendor/gammamatrix/playground-site-blade/tests/Feature/Http/Controllers/Laravel/UserDashboardRouteTest.php" tests="8" assertions="16" errors="0" failures="0" skipped="0" time="0.826758">
        <testcase name="test_as_guest_and_fail_when_disabled_for_guest_and_no_redirect_with_auth_middleware" file="/app/vendor/gammamatrix/playground-site-blade/tests/Feature/Http/Controllers/Laravel/UserDashboardRouteTest.php" line="22" class="Tests\Feature\Playground\Site\Blade\Http\Controllers\Laravel\UserDashboardRouteTest" classname="Tests.Feature.Playground.Site.Blade.Http.Controllers.Laravel.UserDashboardRouteTest" assertions="3" time="0.109416"/>
        <testcase name="test_as_guest_and_redirect" file="/app/vendor/gammamatrix/playground-site-blade/tests/Feature/Http/Controllers/Laravel/UserDashboardRouteTest.php" line="35" class="Tests\Feature\Playground\Site\Blade\Http\Controllers\Laravel\UserDashboardRouteTest" classname="Tests.Feature.Playground.Site.Blade.Http.Controllers.Laravel.UserDashboardRouteTest" assertions="3" time="0.096678"/>
        <testcase name="test_as_guest_and_redirect_when_disabled_for_guest" file="/app/vendor/gammamatrix/playground-site-blade/tests/Feature/Http/Controllers/Laravel/UserDashboardRouteTest.php" line="43" class="Tests\Feature\Playground\Site\Blade\Http\Controllers\Laravel\UserDashboardRouteTest" classname="Tests.Feature.Playground.Site.Blade.Http.Controllers.Laravel.UserDashboardRouteTest" assertions="3" time="0.095804"/>
        <testcase name="test_as_guest_and_fail" file="/app/vendor/gammamatrix/playground-site-blade/tests/Feature/Http/Controllers/Laravel/UserDashboardRouteTest.php" line="55" class="Tests\Feature\Playground\Site\Blade\Http\Controllers\Laravel\UserDashboardRouteTest" classname="Tests.Feature.Playground.Site.Blade.Http.Controllers.Laravel.UserDashboardRouteTest" assertions="2" time="0.097008"/>
        <testcase name="test_as_user_and_succeed" file="/app/vendor/gammamatrix/playground-site-blade/tests/Feature/Http/Controllers/Laravel/UserDashboardRouteTest.php" line="68" class="Tests\Feature\Playground\Site\Blade\Http\Controllers\Laravel\UserDashboardRouteTest" classname="Tests.Feature.Playground.Site.Blade.Http.Controllers.Laravel.UserDashboardRouteTest" assertions="1" time="0.115388"/>
        <testcase name="test_as_user_and_fail_when_disabled_for_all" file="/app/vendor/gammamatrix/playground-site-blade/tests/Feature/Http/Controllers/Laravel/UserDashboardRouteTest.php" line="82" class="Tests\Feature\Playground\Site\Blade\Http\Controllers\Laravel\UserDashboardRouteTest" classname="Tests.Feature.Playground.Site.Blade.Http.Controllers.Laravel.UserDashboardRouteTest" assertions="2" time="0.100980"/>
        <testcase name="test_as_user_and_fail_when_disabled_for_all_and_no_redirect" file="/app/vendor/gammamatrix/playground-site-blade/tests/Feature/Http/Controllers/Laravel/UserDashboardRouteTest.php" line="95" class="Tests\Feature\Playground\Site\Blade\Http\Controllers\Laravel\UserDashboardRouteTest" classname="Tests.Feature.Playground.Site.Blade.Http.Controllers.Laravel.UserDashboardRouteTest" assertions="1" time="0.104245"/>
        <testcase name="test_json_as_admin_and_succeed" file="/app/vendor/gammamatrix/playground-site-blade/tests/Feature/Http/Controllers/Laravel/UserDashboardRouteTest.php" line="108" class="Tests\Feature\Playground\Site\Blade\Http\Controllers\Laravel\UserDashboardRouteTest" classname="Tests.Feature.Playground.Site.Blade.Http.Controllers.Laravel.UserDashboardRouteTest" assertions="1" time="0.107239"/>
      </testsuite>
      <testsuite name="Tests\Feature\Playground\Site\Blade\Http\Controllers\Laravel\UserHomeRouteTest" file="/app/vendor/gammamatrix/playground-site-blade/tests/Feature/Http/Controllers/Laravel/UserHomeRouteTest.php" tests="4" assertions="7" errors="0" failures="0" skipped="0" time="0.409620">
        <testcase name="test_route_home_as_guest_and_fail" file="/app/vendor/gammamatrix/playground-site-blade/tests/Feature/Http/Controllers/Laravel/UserHomeRouteTest.php" line="22" class="Tests\Feature\Playground\Site\Blade\Http\Controllers\Laravel\UserHomeRouteTest" classname="Tests.Feature.Playground.Site.Blade.Http.Controllers.Laravel.UserHomeRouteTest" assertions="3" time="0.097419"/>
        <testcase name="test_route_json_home_as_guest_and_fail" file="/app/vendor/gammamatrix/playground-site-blade/tests/Feature/Http/Controllers/Laravel/UserHomeRouteTest.php" line="30" class="Tests\Feature\Playground\Site\Blade\Http\Controllers\Laravel\UserHomeRouteTest" classname="Tests.Feature.Playground.Site.Blade.Http.Controllers.Laravel.UserHomeRouteTest" assertions="2" time="0.100801"/>
        <testcase name="test_route_home_as_user_admin_and_succeed" file="/app/vendor/gammamatrix/playground-site-blade/tests/Feature/Http/Controllers/Laravel/UserHomeRouteTest.php" line="40" class="Tests\Feature\Playground\Site\Blade\Http\Controllers\Laravel\UserHomeRouteTest" classname="Tests.Feature.Playground.Site.Blade.Http.Controllers.Laravel.UserHomeRouteTest" assertions="1" time="0.110737"/>
        <testcase name="test_route_json_home_as_admin_and_succeed" file="/app/vendor/gammamatrix/playground-site-blade/tests/Feature/Http/Controllers/Laravel/UserHomeRouteTest.php" line="50" class="Tests\Feature\Playground\Site\Blade\Http\Controllers\Laravel\UserHomeRouteTest" classname="Tests.Feature.Playground.Site.Blade.Http.Controllers.Laravel.UserHomeRouteTest" assertions="1" time="0.100663"/>
      </testsuite>
      <testsuite name="Tests\Feature\Playground\Site\Blade\Http\Controllers\Laravel\UserSitemapRouteTest" file="/app/vendor/gammamatrix/playground-site-blade/tests/Feature/Http/Controllers/Laravel/UserSitemapRouteTest.php" tests="9" assertions="12" errors="0" failures="0" skipped="0" time="0.942916">
        <testcase name="test_route_sitemap_as_guest_and_fail_when_disabled_for_guest_and_no_redirect" file="/app/vendor/gammamatrix/playground-site-blade/tests/Feature/Http/Controllers/Laravel/UserSitemapRouteTest.php" line="34" class="Tests\Feature\Playground\Site\Blade\Http\Controllers\Laravel\UserSitemapRouteTest" classname="Tests.Feature.Playground.Site.Blade.Http.Controllers.Laravel.UserSitemapRouteTest" assertions="1" time="0.109794"/>
        <testcase name="test_route_sitemap_as_guest_and_redirect_when_disabled_for_all" file="/app/vendor/gammamatrix/playground-site-blade/tests/Feature/Http/Controllers/Laravel/UserSitemapRouteTest.php" line="44" class="Tests\Feature\Playground\Site\Blade\Http\Controllers\Laravel\UserSitemapRouteTest" classname="Tests.Feature.Playground.Site.Blade.Http.Controllers.Laravel.UserSitemapRouteTest" assertions="2" time="0.095786"/>
        <testcase name="test_route_sitemap_as_guest_and_redirect_when_disabled_for_guest" file="/app/vendor/gammamatrix/playground-site-blade/tests/Feature/Http/Controllers/Laravel/UserSitemapRouteTest.php" line="53" class="Tests\Feature\Playground\Site\Blade\Http\Controllers\Laravel\UserSitemapRouteTest" classname="Tests.Feature.Playground.Site.Blade.Http.Controllers.Laravel.UserSitemapRouteTest" assertions="2" time="0.095629"/>
        <testcase name="test_route_json_sitemap_as_guest_and_fail" file="/app/vendor/gammamatrix/playground-site-blade/tests/Feature/Http/Controllers/Laravel/UserSitemapRouteTest.php" line="63" class="Tests\Feature\Playground\Site\Blade\Http\Controllers\Laravel\UserSitemapRouteTest" classname="Tests.Feature.Playground.Site.Blade.Http.Controllers.Laravel.UserSitemapRouteTest" assertions="1" time="0.106936"/>
        <testcase name="test_route_sitemap_as_user_and_succeed" file="/app/vendor/gammamatrix/playground-site-blade/tests/Feature/Http/Controllers/Laravel/UserSitemapRouteTest.php" line="73" class="Tests\Feature\Playground\Site\Blade\Http\Controllers\Laravel\UserSitemapRouteTest" classname="Tests.Feature.Playground.Site.Blade.Http.Controllers.Laravel.UserSitemapRouteTest" assertions="1" time="0.109932"/>
        <testcase name="test_route_sitemap_as_support_and_fail_when_disabled_for_all" file="/app/vendor/gammamatrix/playground-site-blade/tests/Feature/Http/Controllers/Laravel/UserSitemapRouteTest.php" line="87" class="Tests\Feature\Playground\Site\Blade\Http\Controllers\Laravel\UserSitemapRouteTest" classname="Tests.Feature.Playground.Site.Blade.Http.Controllers.Laravel.UserSitemapRouteTest" assertions="2" time="0.100496"/>
        <testcase name="test_route_sitemap_as_user_and_fail_when_disabled_for_all_and_no_redirect" file="/app/vendor/gammamatrix/playground-site-blade/tests/Feature/Http/Controllers/Laravel/UserSitemapRouteTest.php" line="100" class="Tests\Feature\Playground\Site\Blade\Http\Controllers\Laravel\UserSitemapRouteTest" classname="Tests.Feature.Playground.Site.Blade.Http.Controllers.Laravel.UserSitemapRouteTest" assertions="1" time="0.102267"/>
        <testcase name="test_route_json_sitemap_as_admin_and_succeed" file="/app/vendor/gammamatrix/playground-site-blade/tests/Feature/Http/Controllers/Laravel/UserSitemapRouteTest.php" line="113" class="Tests\Feature\Playground\Site\Blade\Http\Controllers\Laravel\UserSitemapRouteTest" classname="Tests.Feature.Playground.Site.Blade.Http.Controllers.Laravel.UserSitemapRouteTest" assertions="1" time="0.110524"/>
        <testcase name="test_route_sitemap_as_user_and_succeed_with_package_sitemaps" file="/app/vendor/gammamatrix/playground-site-blade/tests/Feature/Http/Controllers/Laravel/UserSitemapRouteTest.php" line="128" class="Tests\Feature\Playground\Site\Blade\Http\Controllers\Laravel\UserSitemapRouteTest" classname="Tests.Feature.Playground.Site.Blade.Http.Controllers.Laravel.UserSitemapRouteTest" assertions="1" time="0.111552"/>
      </testsuite>
      <testsuite name="Tests\Feature\Playground\Site\Blade\Http\Controllers\Laravel\WelcomeRouteTest" file="/app/vendor/gammamatrix/playground-site-blade/tests/Feature/Http/Controllers/Laravel/WelcomeRouteTest.php" tests="4" assertions="4" errors="0" failures="0" skipped="0" time="0.413386">
        <testcase name="test_as_guest_and_succeed" file="/app/vendor/gammamatrix/playground-site-blade/tests/Feature/Http/Controllers/Laravel/WelcomeRouteTest.php" line="22" class="Tests\Feature\Playground\Site\Blade\Http\Controllers\Laravel\WelcomeRouteTest" classname="Tests.Feature.Playground.Site.Blade.Http.Controllers.Laravel.WelcomeRouteTest" assertions="1" time="0.105471"/>
        <testcase name="test_json_as_guest_and_succeed" file="/app/vendor/gammamatrix/playground-site-blade/tests/Feature/Http/Controllers/Laravel/WelcomeRouteTest.php" line="28" class="Tests\Feature\Playground\Site\Blade\Http\Controllers\Laravel\WelcomeRouteTest" classname="Tests.Feature.Playground.Site.Blade.Http.Controllers.Laravel.WelcomeRouteTest" assertions="1" time="0.095162"/>
        <testcase name="test_as_user_and_succeed" file="/app/vendor/gammamatrix/playground-site-blade/tests/Feature/Http/Controllers/Laravel/WelcomeRouteTest.php" line="34" class="Tests\Feature\Playground\Site\Blade\Http\Controllers\Laravel\WelcomeRouteTest" classname="Tests.Feature.Playground.Site.Blade.Http.Controllers.Laravel.WelcomeRouteTest" assertions="1" time="0.098796"/>
        <testcase name="test_json_as_manager_admin_and_succeed" file="/app/vendor/gammamatrix/playground-site-blade/tests/Feature/Http/Controllers/Laravel/WelcomeRouteTest.php" line="44" class="Tests\Feature\Playground\Site\Blade\Http\Controllers\Laravel\WelcomeRouteTest" classname="Tests.Feature.Playground.Site.Blade.Http.Controllers.Laravel.WelcomeRouteTest" assertions="1" time="0.113957"/>
      </testsuite>
      <testsuite name="Tests\Feature\Playground\Site\Blade\Http\Controllers\Playground\AboutRouteTest" file="/app/vendor/gammamatrix/playground-site-blade/tests/Feature/Http/Controllers/Playground/AboutRouteTest.php" tests="10" assertions="16" errors="0" failures="0" skipped="0" time="1.184310">
        <testcase name="test_as_guest_and_succeed" file="/app/vendor/gammamatrix/playground-site-blade/tests/Feature/Http/Controllers/Playground/AboutRouteTest.php" line="23" class="Tests\Feature\Playground\Site\Blade\Http\Controllers\Playground\AboutRouteTest" classname="Tests.Feature.Playground.Site.Blade.Http.Controllers.Playground.AboutRouteTest" assertions="1" time="0.114155"/>
        <testcase name="test_json_as_guest_and_succeed" file="/app/vendor/gammamatrix/playground-site-blade/tests/Feature/Http/Controllers/Playground/AboutRouteTest.php" line="29" class="Tests\Feature\Playground\Site\Blade\Http\Controllers\Playground\AboutRouteTest" classname="Tests.Feature.Playground.Site.Blade.Http.Controllers.Playground.AboutRouteTest" assertions="1" time="0.106706"/>
        <testcase name="test_as_user_and_succeed" file="/app/vendor/gammamatrix/playground-site-blade/tests/Feature/Http/Controllers/Playground/AboutRouteTest.php" line="35" class="Tests\Feature\Playground\Site\Blade\Http\Controllers\Playground\AboutRouteTest" classname="Tests.Feature.Playground.Site.Blade.Http.Controllers.Playground.AboutRouteTest" assertions="1" time="0.122320"/>
        <testcase name="test_json_as_user_and_succeed" file="/app/vendor/gammamatrix/playground-site-blade/tests/Feature/Http/Controllers/Playground/AboutRouteTest.php" line="45" class="Tests\Feature\Playground\Site\Blade\Http\Controllers\Playground\AboutRouteTest" classname="Tests.Feature.Playground.Site.Blade.Http.Controllers.Playground.AboutRouteTest" assertions="1" time="0.112591"/>
        <testcase name="test_as_client_and_succeed" file="/app/vendor/gammamatrix/playground-site-blade/tests/Feature/Http/Controllers/Playground/AboutRouteTest.php" line="55" class="Tests\Feature\Playground\Site\Blade\Http\Controllers\Playground\AboutRouteTest" classname="Tests.Feature.Playground.Site.Blade.Http.Controllers.Playground.AboutRouteTest" assertions="2" time="0.123061"/>
        <testcase name="test_json_as_client_and_succeed" file="/app/vendor/gammamatrix/playground-site-blade/tests/Feature/Http/Controllers/Playground/AboutRouteTest.php" line="66" class="Tests\Feature\Playground\Site\Blade\Http\Controllers\Playground\AboutRouteTest" classname="Tests.Feature.Playground.Site.Blade.Http.Controllers.Playground.AboutRouteTest" assertions="2" time="0.116825"/>
        <testcase name="test_as_manager_and_succeed" file="/app/vendor/gammamatrix/playground-site-blade/tests/Feature/Http/Controllers/Playground/AboutRouteTest.php" line="77" class="Tests\Feature\Playground\Site\Blade\Http\Controllers\Playground\AboutRouteTest" classname="Tests.Feature.Playground.Site.Blade.Http.Controllers.Playground.AboutRouteTest" assertions="2" time="0.125263"/>
        <testcase name="test_json_as_manager_and_succeed" file="/app/vendor/gammamatrix/playground-site-blade/tests/Feature/Http/Controllers/Playground/AboutRouteTest.php" line="88" class="Tests\Feature\Playground\Site\Blade\Http\Controllers\Playground\AboutRouteTest" classname="Tests.Feature.Playground.Site.Blade.Http.Controllers.Playground.AboutRouteTest" assertions="2" time="0.118548"/>
        <testcase name="test_as_admin_and_succeed" file="/app/vendor/gammamatrix/playground-site-blade/tests/Feature/Http/Controllers/Playground/AboutRouteTest.php" line="99" class="Tests\Feature\Playground\Site\Blade\Http\Controllers\Playground\AboutRouteTest" classname="Tests.Feature.Playground.Site.Blade.Http.Controllers.Playground.AboutRouteTest" assertions="2" time="0.126993"/>
        <testcase name="test_json_as_admin_and_succeed" file="/app/vendor/gammamatrix/playground-site-blade/tests/Feature/Http/Controllers/Playground/AboutRouteTest.php" line="110" class="Tests\Feature\Playground\Site\Blade\Http\Controllers\Playground\AboutRouteTest" classname="Tests.Feature.Playground.Site.Blade.Http.Controllers.Playground.AboutRouteTest" assertions="2" time="0.117849"/>
      </testsuite>
      <testsuite name="Tests\Feature\Playground\Site\Blade\Http\Controllers\Playground\BootstrapRouteTest" file="/app/vendor/gammamatrix/playground-site-blade/tests/Feature/Http/Controllers/Playground/BootstrapRouteTest.php" tests="4" assertions="4" errors="0" failures="0" skipped="0" time="0.497320">
        <testcase name="test_as_guest_and_succeed" file="/app/vendor/gammamatrix/playground-site-blade/tests/Feature/Http/Controllers/Playground/BootstrapRouteTest.php" line="23" class="Tests\Feature\Playground\Site\Blade\Http\Controllers\Playground\BootstrapRouteTest" classname="Tests.Feature.Playground.Site.Blade.Http.Controllers.Playground.BootstrapRouteTest" assertions="1" time="0.129995"/>
        <testcase name="test_json_as_guest_and_succeed" file="/app/vendor/gammamatrix/playground-site-blade/tests/Feature/Http/Controllers/Playground/BootstrapRouteTest.php" line="29" class="Tests\Feature\Playground\Site\Blade\Http\Controllers\Playground\BootstrapRouteTest" classname="Tests.Feature.Playground.Site.Blade.Http.Controllers.Playground.BootstrapRouteTest" assertions="1" time="0.116189"/>
        <testcase name="test_as_wheel_and_succeed" file="/app/vendor/gammamatrix/playground-site-blade/tests/Feature/Http/Controllers/Playground/BootstrapRouteTest.php" line="35" class="Tests\Feature\Playground\Site\Blade\Http\Controllers\Playground\BootstrapRouteTest" classname="Tests.Feature.Playground.Site.Blade.Http.Controllers.Playground.BootstrapRouteTest" assertions="1" time="0.124640"/>
        <testcase name="test_json_as_wheel_and_succeed" file="/app/vendor/gammamatrix/playground-site-blade/tests/Feature/Http/Controllers/Playground/BootstrapRouteTest.php" line="45" class="Tests\Feature\Playground\Site\Blade\Http\Controllers\Playground\BootstrapRouteTest" classname="Tests.Feature.Playground.Site.Blade.Http.Controllers.Playground.BootstrapRouteTest" assertions="1" time="0.126496"/>
      </testsuite>
      <testsuite name="Tests\Feature\Playground\Site\Blade\Http\Controllers\Playground\PublicDashboardRouteTest" file="/app/vendor/gammamatrix/playground-site-blade/tests/Feature/Http/Controllers/Playground/PublicDashboardRouteTest.php" tests="4" assertions="6" errors="0" failures="0" skipped="0" time="0.422650">
        <testcase name="test_as_guest_and_fail_when_disabled_for_guest_and_no_redirect" file="/app/vendor/gammamatrix/playground-site-blade/tests/Feature/Http/Controllers/Playground/PublicDashboardRouteTest.php" line="34" class="Tests\Feature\Playground\Site\Blade\Http\Controllers\Playground\PublicDashboardRouteTest" classname="Tests.Feature.Playground.Site.Blade.Http.Controllers.Playground.PublicDashboardRouteTest" assertions="1" time="0.106050"/>
        <testcase name="test_as_guest_and_redirect_when_disabled_for_all" file="/app/vendor/gammamatrix/playground-site-blade/tests/Feature/Http/Controllers/Playground/PublicDashboardRouteTest.php" line="47" class="Tests\Feature\Playground\Site\Blade\Http\Controllers\Playground\PublicDashboardRouteTest" classname="Tests.Feature.Playground.Site.Blade.Http.Controllers.Playground.PublicDashboardRouteTest" assertions="2" time="0.105949"/>
        <testcase name="test_as_guest_and_redirect_when_disabled_for_guest" file="/app/vendor/gammamatrix/playground-site-blade/tests/Feature/Http/Controllers/Playground/PublicDashboardRouteTest.php" line="56" class="Tests\Feature\Playground\Site\Blade\Http\Controllers\Playground\PublicDashboardRouteTest" classname="Tests.Feature.Playground.Site.Blade.Http.Controllers.Playground.PublicDashboardRouteTest" assertions="2" time="0.105360"/>
        <testcase name="test_as_guest_and_succeed" file="/app/vendor/gammamatrix/playground-site-blade/tests/Feature/Http/Controllers/Playground/PublicDashboardRouteTest.php" line="66" class="Tests\Feature\Playground\Site\Blade\Http\Controllers\Playground\PublicDashboardRouteTest" classname="Tests.Feature.Playground.Site.Blade.Http.Controllers.Playground.PublicDashboardRouteTest" assertions="1" time="0.105291"/>
      </testsuite>
      <testsuite name="Tests\Feature\Playground\Site\Blade\Http\Controllers\Playground\PublicHomeRouteTest" file="/app/vendor/gammamatrix/playground-site-blade/tests/Feature/Http/Controllers/Playground/PublicHomeRouteTest.php" tests="4" assertions="4" errors="0" failures="0" skipped="0" time="0.459865">
        <testcase name="test_as_guest_and_succeed" file="/app/vendor/gammamatrix/playground-site-blade/tests/Feature/Http/Controllers/Playground/PublicHomeRouteTest.php" line="34" class="Tests\Feature\Playground\Site\Blade\Http\Controllers\Playground\PublicHomeRouteTest" classname="Tests.Feature.Playground.Site.Blade.Http.Controllers.Playground.PublicHomeRouteTest" assertions="1" time="0.114070"/>
        <testcase name="test_json_as_guest_and_succeed" file="/app/vendor/gammamatrix/playground-site-blade/tests/Feature/Http/Controllers/Playground/PublicHomeRouteTest.php" line="40" class="Tests\Feature\Playground\Site\Blade\Http\Controllers\Playground\PublicHomeRouteTest" classname="Tests.Feature.Playground.Site.Blade.Http.Controllers.Playground.PublicHomeRouteTest" assertions="1" time="0.106490"/>
        <testcase name="test_as_admin_and_succeed" file="/app/vendor/gammamatrix/playground-site-blade/tests/Feature/Http/Controllers/Playground/PublicHomeRouteTest.php" line="46" class="Tests\Feature\Playground\Site\Blade\Http\Controllers\Playground\PublicHomeRouteTest" classname="Tests.Feature.Playground.Site.Blade.Http.Controllers.Playground.PublicHomeRouteTest" assertions="1" time="0.122323"/>
        <testcase name="test_json_as_admin_and_succeed" file="/app/vendor/gammamatrix/playground-site-blade/tests/Feature/Http/Controllers/Playground/PublicHomeRouteTest.php" line="56" class="Tests\Feature\Playground\Site\Blade\Http\Controllers\Playground\PublicHomeRouteTest" classname="Tests.Feature.Playground.Site.Blade.Http.Controllers.Playground.PublicHomeRouteTest" assertions="1" time="0.116982"/>
      </testsuite>
      <testsuite name="Tests\Feature\Playground\Site\Blade\Http\Controllers\Playground\PublicSitemapRouteTest" file="/app/vendor/gammamatrix/playground-site-blade/tests/Feature/Http/Controllers/Playground/PublicSitemapRouteTest.php" tests="9" assertions="12" errors="0" failures="0" skipped="0" time="1.097746">
        <testcase name="test_as_guest_and_fail_when_disabled_for_guest_and_no_redirect" file="/app/vendor/gammamatrix/playground-site-blade/tests/Feature/Http/Controllers/Playground/PublicSitemapRouteTest.php" line="23" class="Tests\Feature\Playground\Site\Blade\Http\Controllers\Playground\PublicSitemapRouteTest" classname="Tests.Feature.Playground.Site.Blade.Http.Controllers.Playground.PublicSitemapRouteTest" assertions="1" time="0.154114"/>
        <testcase name="test_as_guest_and_redirect_when_disabled_for_all" file="/app/vendor/gammamatrix/playground-site-blade/tests/Feature/Http/Controllers/Playground/PublicSitemapRouteTest.php" line="33" class="Tests\Feature\Playground\Site\Blade\Http\Controllers\Playground\PublicSitemapRouteTest" classname="Tests.Feature.Playground.Site.Blade.Http.Controllers.Playground.PublicSitemapRouteTest" assertions="2" time="0.110673"/>
        <testcase name="test_as_guest_and_redirect_when_disabled_for_guest" file="/app/vendor/gammamatrix/playground-site-blade/tests/Feature/Http/Controllers/Playground/PublicSitemapRouteTest.php" line="42" class="Tests\Feature\Playground\Site\Blade\Http\Controllers\Playground\PublicSitemapRouteTest" classname="Tests.Feature.Playground.Site.Blade.Http.Controllers.Playground.PublicSitemapRouteTest" assertions="2" time="0.109627"/>
        <testcase name="test_as_guest_and_succeed" file="/app/vendor/gammamatrix/playground-site-blade/tests/Feature/Http/Controllers/Playground/PublicSitemapRouteTest.php" line="52" class="Tests\Feature\Playground\Site\Blade\Http\Controllers\Playground\PublicSitemapRouteTest" classname="Tests.Feature.Playground.Site.Blade.Http.Controllers.Playground.PublicSitemapRouteTest" assertions="1" time="0.116446"/>
        <testcase name="test_as_user_and_succeed" file="/app/vendor/gammamatrix/playground-site-blade/tests/Feature/Http/Controllers/Playground/PublicSitemapRouteTest.php" line="62" class="Tests\Feature\Playground\Site\Blade\Http\Controllers\Playground\PublicSitemapRouteTest" classname="Tests.Feature.Playground.Site.Blade.Http.Controllers.Playground.PublicSitemapRouteTest" assertions="1" time="0.125459"/>
        <testcase name="test_as_support_and_fail_when_disabled_for_all" file="/app/vendor/gammamatrix/playground-site-blade/tests/Feature/Http/Controllers/Playground/PublicSitemapRouteTest.php" line="76" class="Tests\Feature\Playground\Site\Blade\Http\Controllers\Playground\PublicSitemapRouteTest" classname="Tests.Feature.Playground.Site.Blade.Http.Controllers.Playground.PublicSitemapRouteTest" assertions="2" time="0.117121"/>
        <testcase name="test_as_user_and_fail_when_disabled_for_all_and_no_redirect" file="/app/vendor/gammamatrix/playground-site-blade/tests/Feature/Http/Controllers/Playground/PublicSitemapRouteTest.php" line="89" class="Tests\Feature\Playground\Site\Blade\Http\Controllers\Playground\PublicSitemapRouteTest" classname="Tests.Feature.Playground.Site.Blade.Http.Controllers.Playground.PublicSitemapRouteTest" assertions="1" time="0.116056"/>
        <testcase name="test_as_admin_and_succeed" file="/app/vendor/gammamatrix/playground-site-blade/tests/Feature/Http/Controllers/Playground/PublicSitemapRouteTest.php" line="102" class="Tests\Feature\Playground\Site\Blade\Http\Controllers\Playground\PublicSitemapRouteTest" classname="Tests.Feature.Playground.Site.Blade.Http.Controllers.Playground.PublicSitemapRouteTest" assertions="1" time="0.123010"/>
        <testcase name="test_as_user_and_succeed_with_package_sitemaps" file="/app/vendor/gammamatrix/playground-site-blade/tests/Feature/Http/Controllers/Playground/PublicSitemapRouteTest.php" line="115" class="Tests\Feature\Playground\Site\Blade\Http\Controllers\Playground\PublicSitemapRouteTest" classname="Tests.Feature.Playground.Site.Blade.Http.Controllers.Playground.PublicSitemapRouteTest" assertions="1" time="0.125240"/>
      </testsuite>
      <testsuite name="Tests\Feature\Playground\Site\Blade\Http\Controllers\Playground\ThemeRouteTest" file="/app/vendor/gammamatrix/playground-site-blade/tests/Feature/Http/Controllers/Playground/ThemeRouteTest.php" tests="4" assertions="7" errors="0" failures="0" skipped="0" time="0.470925">
        <testcase name="test_as_guest_and_succeed" file="/app/vendor/gammamatrix/playground-site-blade/tests/Feature/Http/Controllers/Playground/ThemeRouteTest.php" line="23" class="Tests\Feature\Playground\Site\Blade\Http\Controllers\Playground\ThemeRouteTest" classname="Tests.Feature.Playground.Site.Blade.Http.Controllers.Playground.ThemeRouteTest" assertions="2" time="0.107260"/>
        <testcase name="test_as_guest_with_preview_and_succeed" file="/app/vendor/gammamatrix/playground-site-blade/tests/Feature/Http/Controllers/Playground/ThemeRouteTest.php" line="29" class="Tests\Feature\Playground\Site\Blade\Http\Controllers\Playground\ThemeRouteTest" classname="Tests.Feature.Playground.Site.Blade.Http.Controllers.Playground.ThemeRouteTest" assertions="1" time="0.115672"/>
        <testcase name="test_as_user_and_succeed" file="/app/vendor/gammamatrix/playground-site-blade/tests/Feature/Http/Controllers/Playground/ThemeRouteTest.php" line="35" class="Tests\Feature\Playground\Site\Blade\Http\Controllers\Playground\ThemeRouteTest" classname="Tests.Feature.Playground.Site.Blade.Http.Controllers.Playground.ThemeRouteTest" assertions="2" time="0.117065"/>
        <testcase name="test_as_admin_and_succeed_with_theme_and_redirect" file="/app/vendor/gammamatrix/playground-site-blade/tests/Feature/Http/Controllers/Playground/ThemeRouteTest.php" line="47" class="Tests\Feature\Playground\Site\Blade\Http\Controllers\Playground\ThemeRouteTest" classname="Tests.Feature.Playground.Site.Blade.Http.Controllers.Playground.ThemeRouteTest" assertions="2" time="0.130928"/>
      </testsuite>
      <testsuite name="Tests\Feature\Playground\Site\Blade\Http\Controllers\Playground\UserDashboardRouteTest" file="/app/vendor/gammamatrix/playground-site-blade/tests/Feature/Http/Controllers/Playground/UserDashboardRouteTest.php" tests="8" assertions="16" errors="0" failures="0" skipped="0" time="0.895290">
        <testcase name="test_as_guest_and_fail_when_disabled_for_guest_and_no_redirect_with_auth_middleware" file="/app/vendor/gammamatrix/playground-site-blade/tests/Feature/Http/Controllers/Playground/UserDashboardRouteTest.php" line="22" class="Tests\Feature\Playground\Site\Blade\Http\Controllers\Playground\UserDashboardRouteTest" classname="Tests.Feature.Playground.Site.Blade.Http.Controllers.Playground.UserDashboardRouteTest" assertions="3" time="0.104985"/>
        <testcase name="test_as_guest_and_redirect" file="/app/vendor/gammamatrix/playground-site-blade/tests/Feature/Http/Controllers/Playground/UserDashboardRouteTest.php" line="35" class="Tests\Feature\Playground\Site\Blade\Http\Controllers\Playground\UserDashboardRouteTest" classname="Tests.Feature.Playground.Site.Blade.Http.Controllers.Playground.UserDashboardRouteTest" assertions="3" time="0.108636"/>
        <testcase name="test_as_guest_and_redirect_when_disabled_for_guest" file="/app/vendor/gammamatrix/playground-site-blade/tests/Feature/Http/Controllers/Playground/UserDashboardRouteTest.php" line="43" class="Tests\Feature\Playground\Site\Blade\Http\Controllers\Playground\UserDashboardRouteTest" classname="Tests.Feature.Playground.Site.Blade.Http.Controllers.Playground.UserDashboardRouteTest" assertions="3" time="0.106759"/>
        <testcase name="test_as_guest_and_fail" file="/app/vendor/gammamatrix/playground-site-blade/tests/Feature/Http/Controllers/Playground/UserDashboardRouteTest.php" line="55" class="Tests\Feature\Playground\Site\Blade\Http\Controllers\Playground\UserDashboardRouteTest" classname="Tests.Feature.Playground.Site.Blade.Http.Controllers.Playground.UserDashboardRouteTest" assertions="2" time="0.104567"/>
        <testcase name="test_as_user_and_succeed" file="/app/vendor/gammamatrix/playground-site-blade/tests/Feature/Http/Controllers/Playground/UserDashboardRouteTest.php" line="68" class="Tests\Feature\Playground\Site\Blade\Http\Controllers\Playground\UserDashboardRouteTest" classname="Tests.Feature.Playground.Site.Blade.Http.Controllers.Playground.UserDashboardRouteTest" assertions="1" time="0.124318"/>
        <testcase name="test_as_user_and_fail_when_disabled_for_all" file="/app/vendor/gammamatrix/playground-site-blade/tests/Feature/Http/Controllers/Playground/UserDashboardRouteTest.php" line="82" class="Tests\Feature\Playground\Site\Blade\Http\Controllers\Playground\UserDashboardRouteTest" classname="Tests.Feature.Playground.Site.Blade.Http.Controllers.Playground.UserDashboardRouteTest" assertions="2" time="0.113575"/>
        <testcase name="test_as_user_and_fail_when_disabled_for_all_and_no_redirect" file="/app/vendor/gammamatrix/playground-site-blade/tests/Feature/Http/Controllers/Playground/UserDashboardRouteTest.php" line="95" class="Tests\Feature\Playground\Site\Blade\Http\Controllers\Playground\UserDashboardRouteTest" classname="Tests.Feature.Playground.Site.Blade.Http.Controllers.Playground.UserDashboardRouteTest" assertions="1" time="0.115494"/>
        <testcase name="test_json_as_admin_and_succeed" file="/app/vendor/gammamatrix/playground-site-blade/tests/Feature/Http/Controllers/Playground/UserDashboardRouteTest.php" line="108" class="Tests\Feature\Playground\Site\Blade\Http\Controllers\Playground\UserDashboardRouteTest" classname="Tests.Feature.Playground.Site.Blade.Http.Controllers.Playground.UserDashboardRouteTest" assertions="1" time="0.116957"/>
      </testsuite>
      <testsuite name="Tests\Feature\Playground\Site\Blade\Http\Controllers\Playground\UserHomeRouteTest" file="/app/vendor/gammamatrix/playground-site-blade/tests/Feature/Http/Controllers/Playground/UserHomeRouteTest.php" tests="4" assertions="7" errors="0" failures="0" skipped="0" time="0.455923">
        <testcase name="test_route_home_as_guest_and_fail" file="/app/vendor/gammamatrix/playground-site-blade/tests/Feature/Http/Controllers/Playground/UserHomeRouteTest.php" line="22" class="Tests\Feature\Playground\Site\Blade\Http\Controllers\Playground\UserHomeRouteTest" classname="Tests.Feature.Playground.Site.Blade.Http.Controllers.Playground.UserHomeRouteTest" assertions="3" time="0.103419"/>
        <testcase name="test_route_json_home_as_guest_and_fail" file="/app/vendor/gammamatrix/playground-site-blade/tests/Feature/Http/Controllers/Playground/UserHomeRouteTest.php" line="30" class="Tests\Feature\Playground\Site\Blade\Http\Controllers\Playground\UserHomeRouteTest" classname="Tests.Feature.Playground.Site.Blade.Http.Controllers.Playground.UserHomeRouteTest" assertions="2" time="0.104221"/>
        <testcase name="test_route_home_as_user_admin_and_succeed" file="/app/vendor/gammamatrix/playground-site-blade/tests/Feature/Http/Controllers/Playground/UserHomeRouteTest.php" line="40" class="Tests\Feature\Playground\Site\Blade\Http\Controllers\Playground\UserHomeRouteTest" classname="Tests.Feature.Playground.Site.Blade.Http.Controllers.Playground.UserHomeRouteTest" assertions="1" time="0.123431"/>
        <testcase name="test_route_json_home_as_admin_and_succeed" file="/app/vendor/gammamatrix/playground-site-blade/tests/Feature/Http/Controllers/Playground/UserHomeRouteTest.php" line="50" class="Tests\Feature\Playground\Site\Blade\Http\Controllers\Playground\UserHomeRouteTest" classname="Tests.Feature.Playground.Site.Blade.Http.Controllers.Playground.UserHomeRouteTest" assertions="1" time="0.124852"/>
      </testsuite>
      <testsuite name="Tests\Feature\Playground\Site\Blade\Http\Controllers\Playground\UserSitemapRouteTest" file="/app/vendor/gammamatrix/playground-site-blade/tests/Feature/Http/Controllers/Playground/UserSitemapRouteTest.php" tests="9" assertions="12" errors="0" failures="0" skipped="0" time="1.046662">
        <testcase name="test_route_sitemap_as_guest_and_fail_when_disabled_for_guest_and_no_redirect" file="/app/vendor/gammamatrix/playground-site-blade/tests/Feature/Http/Controllers/Playground/UserSitemapRouteTest.php" line="34" class="Tests\Feature\Playground\Site\Blade\Http\Controllers\Playground\UserSitemapRouteTest" classname="Tests.Feature.Playground.Site.Blade.Http.Controllers.Playground.UserSitemapRouteTest" assertions="1" time="0.105937"/>
        <testcase name="test_route_sitemap_as_guest_and_redirect_when_disabled_for_all" file="/app/vendor/gammamatrix/playground-site-blade/tests/Feature/Http/Controllers/Playground/UserSitemapRouteTest.php" line="44" class="Tests\Feature\Playground\Site\Blade\Http\Controllers\Playground\UserSitemapRouteTest" classname="Tests.Feature.Playground.Site.Blade.Http.Controllers.Playground.UserSitemapRouteTest" assertions="2" time="0.105497"/>
        <testcase name="test_route_sitemap_as_guest_and_redirect_when_disabled_for_guest" file="/app/vendor/gammamatrix/playground-site-blade/tests/Feature/Http/Controllers/Playground/UserSitemapRouteTest.php" line="53" class="Tests\Feature\Playground\Site\Blade\Http\Controllers\Playground\UserSitemapRouteTest" classname="Tests.Feature.Playground.Site.Blade.Http.Controllers.Playground.UserSitemapRouteTest" assertions="2" time="0.106552"/>
        <testcase name="test_route_json_sitemap_as_guest_and_fail" file="/app/vendor/gammamatrix/playground-site-blade/tests/Feature/Http/Controllers/Playground/UserSitemapRouteTest.php" line="63" class="Tests\Feature\Playground\Site\Blade\Http\Controllers\Playground\UserSitemapRouteTest" classname="Tests.Feature.Playground.Site.Blade.Http.Controllers.Playground.UserSitemapRouteTest" assertions="1" time="0.117472"/>
        <testcase name="test_route_sitemap_as_user_and_succeed" file="/app/vendor/gammamatrix/playground-site-blade/tests/Feature/Http/Controllers/Playground/UserSitemapRouteTest.php" line="73" class="Tests\Feature\Playground\Site\Blade\Http\Controllers\Playground\UserSitemapRouteTest" classname="Tests.Feature.Playground.Site.Blade.Http.Controllers.Playground.UserSitemapRouteTest" assertions="1" time="0.128093"/>
        <testcase name="test_route_sitemap_as_support_and_fail_when_disabled_for_all" file="/app/vendor/gammamatrix/playground-site-blade/tests/Feature/Http/Controllers/Playground/UserSitemapRouteTest.php" line="87" class="Tests\Feature\Playground\Site\Blade\Http\Controllers\Playground\UserSitemapRouteTest" classname="Tests.Feature.Playground.Site.Blade.Http.Controllers.Playground.UserSitemapRouteTest" assertions="2" time="0.117631"/>
        <testcase name="test_route_sitemap_as_user_and_fail_when_disabled_for_all_and_no_redirect" file="/app/vendor/gammamatrix/playground-site-blade/tests/Feature/Http/Controllers/Playground/UserSitemapRouteTest.php" line="100" class="Tests\Feature\Playground\Site\Blade\Http\Controllers\Playground\UserSitemapRouteTest" classname="Tests.Feature.Playground.Site.Blade.Http.Controllers.Playground.UserSitemapRouteTest" assertions="1" time="0.114879"/>
        <testcase name="test_route_json_sitemap_as_admin_and_succeed" file="/app/vendor/gammamatrix/playground-site-blade/tests/Feature/Http/Controllers/Playground/UserSitemapRouteTest.php" line="113" class="Tests\Feature\Playground\Site\Blade\Http\Controllers\Playground\UserSitemapRouteTest" classname="Tests.Feature.Playground.Site.Blade.Http.Controllers.Playground.UserSitemapRouteTest" assertions="1" time="0.126023"/>
        <testcase name="test_route_sitemap_as_user_and_succeed_with_package_sitemaps" file="/app/vendor/gammamatrix/playground-site-blade/tests/Feature/Http/Controllers/Playground/UserSitemapRouteTest.php" line="128" class="Tests\Feature\Playground\Site\Blade\Http\Controllers\Playground\UserSitemapRouteTest" classname="Tests.Feature.Playground.Site.Blade.Http.Controllers.Playground.UserSitemapRouteTest" assertions="1" time="0.124578"/>
      </testsuite>
      <testsuite name="Tests\Feature\Playground\Site\Blade\Http\Controllers\Playground\WelcomeRouteTest" file="/app/vendor/gammamatrix/playground-site-blade/tests/Feature/Http/Controllers/Playground/WelcomeRouteTest.php" tests="4" assertions="4" errors="0" failures="0" skipped="0" time="0.460608">
        <testcase name="test_as_guest_and_succeed" file="/app/vendor/gammamatrix/playground-site-blade/tests/Feature/Http/Controllers/Playground/WelcomeRouteTest.php" line="22" class="Tests\Feature\Playground\Site\Blade\Http\Controllers\Playground\WelcomeRouteTest" classname="Tests.Feature.Playground.Site.Blade.Http.Controllers.Playground.WelcomeRouteTest" assertions="1" time="0.114833"/>
        <testcase name="test_json_as_guest_and_succeed" file="/app/vendor/gammamatrix/playground-site-blade/tests/Feature/Http/Controllers/Playground/WelcomeRouteTest.php" line="28" class="Tests\Feature\Playground\Site\Blade\Http\Controllers\Playground\WelcomeRouteTest" classname="Tests.Feature.Playground.Site.Blade.Http.Controllers.Playground.WelcomeRouteTest" assertions="1" time="0.117830"/>
        <testcase name="test_as_user_and_succeed" file="/app/vendor/gammamatrix/playground-site-blade/tests/Feature/Http/Controllers/Playground/WelcomeRouteTest.php" line="34" class="Tests\Feature\Playground\Site\Blade\Http\Controllers\Playground\WelcomeRouteTest" classname="Tests.Feature.Playground.Site.Blade.Http.Controllers.Playground.WelcomeRouteTest" assertions="1" time="0.113640"/>
        <testcase name="test_json_as_manager_admin_and_succeed" file="/app/vendor/gammamatrix/playground-site-blade/tests/Feature/Http/Controllers/Playground/WelcomeRouteTest.php" line="44" class="Tests\Feature\Playground\Site\Blade\Http\Controllers\Playground\WelcomeRouteTest" classname="Tests.Feature.Playground.Site.Blade.Http.Controllers.Playground.WelcomeRouteTest" assertions="1" time="0.114306"/>
      </testsuite>
      <testsuite name="Tests\Feature\Playground\Test\Console\Commands\About\CommandTest" file="/app/vendor/gammamatrix/playground-test/tests/Feature/Console/Commands/About/CommandTest.php" tests="1" assertions="2" errors="0" failures="0" skipped="0" time="0.110863">
        <testcase name="test_command_about_displays_package_information_and_succeed_with_code_0" file="/app/vendor/gammamatrix/playground-test/tests/Feature/Console/Commands/About/CommandTest.php" line="21" class="Tests\Feature\Playground\Test\Console\Commands\About\CommandTest" classname="Tests.Feature.Playground.Test.Console.Commands.About.CommandTest" assertions="2" time="0.110863"/>
      </testsuite>
    </testsuite>
  </testsuite>
</testsuites>
